
  ___  ____  ____  ____  ____ ®
 /__    /   ____/   /   ____/      StataNow 19.5
___/   /   /___/   /   /___/       MP—Parallel Edition

 Statistics and Data Science       Copyright 1985-2025 StataCorp LLC
                                   StataCorp
                                   4905 Lakeway Drive
                                   College Station, Texas 77845 USA
                                   800-782-8272        https://www.stata.com
                                   979-696-4600        service@stata.com

Stata license: 65-student 2-core lab, expiring 18 May 2026
Serial number: 501909312971
  Licensed to: Victor Ortega
               Columbia University

Notes:
      1. Stata is running in batch mode.
      2. Unicode is supported; see help unicode_advice.
      3. More than 2 billion observations are allowed; see help obs_advice.
      4. Maximum number of variables is set to 5,000 but can be increased;
          see help set_maxvar.

. do enigh-hhlevel-year.do 

. *************************************************
. ***************** Clean Memory ******************
. *************************************************
. 
. clear

. cap clear

. cap log close

. set more off

. set linesize 250

. set varabbrev off

. 
. *** REPLICATION FILE: enigh-hhlevel-year.do
. *** STATA VERSION:    StataNow 19.5
. *** AUTHORS:          Matías Carrasco, Victor Ortega Le Hénanff
. *** DATE:             2026-05-03
. 
. *** Builds the household × year ENIGH cross-section.
. *** Each row = one household (folioviv + foliohog) per ENIGH wave.
. ***   - HH income aggregated from enigh-month (sum across earners and months)
. ***   - HH expenditure from concentradohogar (gas_nm_pa, gas_food, gas_nonfood)
. ***   - Housing characteristics from viviendas (already in enigh-month)
. ***   - Composition: n_indigenous, n_workers, n_kids, n_employed, n_informal,
. ***     mean_age, mean_educ, share_female (computed from enigh-month rows)
. ***   - Head characteristics from poblacion (parentesco == 101)
. ***   - CONEVAL poverty: hli, ictpc, ict, informal, pea, ss_dir
. ***
. *** Output: ../../data/clean/enigh/enigh-hhlevel-year.dta
. *** Companion R script: enigh-hhlevel-year.R
. 
. cap mkdir log

. log using "log/enigh-hhlevel-year.log", replace text
----------------------------------------------------------------------------------------------------------------------------------------------------------------------------------------------------------------------------------------------------------
      name:  <unnamed>
       log:  /Users/victorortega/Library/CloudStorage/Dropbox/CarrascoOrtega-minwage/code/build/log/enigh-hhlevel-year.log
  log type:  text
 opened on:   4 May 2026, 09:17:16

. 
. include _helpers.do

. *************************************************
. *************** Shared Helpers ******************
. *************************************************
. 
. *** REPLICATION FILE: _helpers.do
. *** STATA VERSION:    StataNow 19.5
. *** AUTHORS:          Matías Carrasco, Victor Ortega Le Hénanff
. *** DATE:             2026-05-02
. 
. *** Sourced via `include _helpers.do` from every build script.
. *** Provides:
. ***   - tempfile $deflators        — INPC monthly deflators (base Aug 2024)
. ***   - global zlfn_munis          — list of 40 ZLFN municipality codes
. ***   - program apply_zlfn         — set zlfn = 1 if ubica_geo in zlfn_munis
. ***   - program apply_state_region — generate state, ent_name, region, macro
. ***   - program clean_ubica_geo    — 2016 9-digit -> 5-digit truncation
. ***   - program build_years_of_study — derive years_of_study from nivelaprob/gradoaprob
. ***   - program classify_clave     — generate clave_group from clave (P001-P108)
. 
. *************************************************
. **************** INPC Deflators ******************
. *************************************************
. 
. cap drop deflators_path

. global deflators_path "../../data/clean/inpc/inpc.csv"

. 
. *** Helper to load deflators into a tempfile.
. *** Sets $deflators_tf to the tempfile path. Caller must declare the tempfile
. *** in main scope so it persists beyond program execution.
. *** Usage:
. ***     tempfile defl_tf
. ***     load_deflators_to "`defl_tf'"
. cap program drop load_deflators_to

. program define load_deflators_to
  1.     args target
  2.     preserve
  3.     import delimited using "$deflators_path", clear varnames(1)
  4.     cap rename año_int year
  5.     cap rename mes month
  6.     drop fecha
  7.     drop inpc
  8.     gen mes_str = string(month)
  9.     replace mes_str = "0" + mes_str if month < 10
 10.     gen time = date(string(year) + "-" + mes_str, "YM")
 11.     format time %td
 12.     keep year month time deflator
 13.     save "`target'", replace
 14.     restore
 15. end

. 
. *************************************************
. ************** ZLFN Municipalities ***************
. *************************************************
. 
. *** 40 municipalities in the Zona Libre de la Frontera Norte (ZLFN)
. *** as defined by the Decreto del Estímulo Fiscal de la Frontera Norte (2018).
. *** Codes are 5-digit (state + municipality).
. global zlfn_munis ///
>     "02001 02002 02003 02004 02005 " ///
>     "05002 05012 05013 05014 05022 05023 05025 05038 " ///
>     "08005 08015 08028 08035 08037 08042 08052 08053 " ///
>     "19005 " ///
>     "26002 26004 26017 26019 26039 26043 26048 26055 26059 26060 26070 " ///
>     "28007 28014 28015 28022 28024 28025 28027 28032 28033 28040"

. 
. cap program drop apply_zlfn

. program define apply_zlfn
  1.     *** Generates zlfn (1/0) from ubica_geo (string, 5-digit).
.     *** Assumes ubica_geo has been cleaned to 5-digit form.
.     syntax , [Ugeo(string)]
  2.     if "`ugeo'" == "" local ugeo "ubica_geo"
  3.     cap drop zlfn
  4.     gen byte zlfn = 0
  5.     label variable zlfn "ZLFN treatment municipality (1=yes)"
  6.     foreach m of global zlfn_munis {
  7.         replace zlfn = 1 if `ugeo' == "`m'"
  8.     }
  9. end

. 
. *************************************************
. **************** ubica_geo Clean *****************
. *************************************************
. 
. cap program drop clean_ubica_geo

. program define clean_ubica_geo
  1.     *** Cleans ubica_geo to consistent 5-digit string (state+muni).
.     *** 2016 ENIGH stores 9-digit codes (state+muni+locality);
.     *** later years already store 5-digit. Truncate if needed.
.     args yr
  2.     cap confirm string variable ubica_geo
  3.     if _rc {
  4.         tostring ubica_geo, replace
  5.     }
  6.     *** Truncate any code longer than 5 digits to first 5 chars.
.     replace ubica_geo = substr(ubica_geo, 1, 5) if length(ubica_geo) > 5
  7.     *** Pad shorter codes with leading zeros (defensive).
.     replace ubica_geo = "0" + ubica_geo if length(ubica_geo) == 4
  8. end

. 
. *************************************************
. *************** State / Region *******************
. *************************************************
. 
. cap program drop apply_state_region

. program define apply_state_region
  1.     *** Generates state, ent_name, reg_num, reg_name, macro_num, macro_name
.     *** from ubica_geo (string, 5-digit, first 2 chars = state).
.     cap drop state
  2.     gen state = real(substr(ubica_geo, 1, 2))
  3.     label variable state "state code (2-digit)"
  4. 
.     label define _states ///
>         1 "Aguascalientes" 2 "Baja California" 3 "Baja California Sur" ///
>         4 "Campeche" 5 "Coahuila" 6 "Colima" 7 "Chiapas" 8 "Chihuahua" ///
>         9 "Ciudad de México" 10 "Durango" 11 "Guanajuato" 12 "Guerrero" ///
>         13 "Hidalgo" 14 "Jalisco" 15 "México" 16 "Michoacán" 17 "Morelos" ///
>         18 "Nayarit" 19 "Nuevo León" 20 "Oaxaca" 21 "Puebla" 22 "Querétaro" ///
>         23 "Quintana Roo" 24 "San Luis Potosí" 25 "Sinaloa" 26 "Sonora" ///
>         27 "Tabasco" 28 "Tamaulipas" 29 "Tlaxcala" 30 "Veracruz" ///
>         31 "Yucatán" 32 "Zacatecas", replace
  5.     label values state _states
  6. 
.     *** Persist as a string column too (so the variable list matches R parity)
.     cap drop ent_name
  7.     decode state, gen(ent_name)
  8. 
.     cap drop reg_num
  9.     gen byte reg_num = .
 10.     replace reg_num = 1 if inlist(state, 26, 25, 2, 3, 18)
 11.     replace reg_num = 2 if inlist(state, 5, 8, 10, 32, 24)
 12.     replace reg_num = 3 if inlist(state, 28, 19)
 13.     replace reg_num = 4 if inlist(state, 1, 14, 11, 6, 16)
 14.     replace reg_num = 5 if inlist(state, 22, 15, 9, 13, 17, 29, 21)
 15.     replace reg_num = 6 if inlist(state, 12, 20, 7)
 16.     replace reg_num = 7 if inlist(state, 27, 30)
 17.     replace reg_num = 8 if inlist(state, 4, 23, 31)
 18.     label variable reg_num "region (1-8)"
 19. 
.     label define _regs ///
>         1 "Northwest" 2 "North" 3 "Northeast" 4 "Center-West" ///
>         5 "Center-East" 6 "South" 7 "East" 8 "Peninsula", replace
 20.     label values reg_num _regs
 21.     cap drop reg_name
 22.     decode reg_num, gen(reg_name)
 23. 
.     cap drop macro_num
 24.     gen byte macro_num = .
 25.     replace macro_num = 1 if inlist(reg_num, 1, 2, 3)
 26.     replace macro_num = 2 if inlist(reg_num, 4, 5)
 27.     replace macro_num = 3 if inlist(reg_num, 6)
 28.     replace macro_num = 4 if inlist(reg_num, 7, 8)
 29.     label variable macro_num "macro region (1-4)"
 30. 
.     label define _macros ///
>         1 "Northern" 2 "Central" 3 "South" 4 "Eastern", replace
 31.     label values macro_num _macros
 32.     cap drop macro_name
 33.     decode macro_num, gen(macro_name)
 34. end

. 
. *************************************************
. ************* Years of Study *********************
. *************************************************
. 
. cap program drop build_years_of_study

. program define build_years_of_study
  1.     *** Derives years_of_study (0-25) from nivelaprob and gradoaprob.
.     *** Mexico education levels:
.     ***   niv 0,1 = none/preschool       -> 0
.     ***   niv 2   = primary (1-6)        -> grad
.     ***   niv 3   = secondary (1-3)      -> 6+grad
.     ***   niv 4   = upper secondary (1-3)-> 9+grad
.     ***   niv 5,6 = post-secondary tech  -> 12+grad capped 5
.     ***   niv 7   = bachelor's            -> 12+grad capped 5
.     ***   niv 8   = master's              -> 17+grad
.     ***   niv 9   = doctorate             -> 20+grad
.     cap destring nivelaprob, replace
  2.     cap destring gradoaprob, replace
  3.     cap drop years_of_study
  4.     gen years_of_study = .
  5.     replace years_of_study = 0                if inlist(nivelaprob, 0, 1)
  6.     replace years_of_study = min(gradoaprob, 6)         if nivelaprob == 2
  7.     replace years_of_study = 6  + min(gradoaprob, 3)    if nivelaprob == 3
  8.     replace years_of_study = 9  + min(gradoaprob, 3)    if nivelaprob == 4
  9.     replace years_of_study = 12 + min(gradoaprob, 5)    if inlist(nivelaprob, 5, 6, 7)
 10.     replace years_of_study = 17 + min(gradoaprob, 3)    if nivelaprob == 8
 11.     replace years_of_study = 20 + min(gradoaprob, 5)    if nivelaprob == 9
 12.     label variable years_of_study "years of completed schooling"
 13. end

. 
. *************************************************
. ************ Income Classification ***************
. *************************************************
. 
. cap program drop classify_clave

. program define classify_clave
  1.     *** Generates clave_group from clave (P001-P108) following the project
.     *** classification used in enigh-indlevel-year.R. Categories:
.     ***   wages, non_wage_income, gov_transfers, rentas, fin_capital,
.     ***   negocio, ventas, other.
.     cap drop clave_group
  2.     gen str20 clave_group = ""
  3.     replace clave_group = "wages"             if inlist(clave, "P001","P002","P011","P018","P019","P067")
  4.     replace clave_group = "non_wage_income"   if inlist(clave, "P003","P004","P005","P006","P007","P008")
  5.     replace clave_group = "non_wage_income"   if inlist(clave, "P009","P014","P015","P016")
  6.     replace clave_group = "gov_transfers"     if inlist(clave, "P032","P033","P038","P040","P042","P043","P044","P045")
  7.     replace clave_group = "gov_transfers"     if inlist(clave, "P046","P047","P048","P101","P102","P103","P104","P105")
  8.     replace clave_group = "gov_transfers"     if inlist(clave, "P106","P107","P108")
  9.     replace clave_group = "rentas"            if inlist(clave, "P023","P024","P025")
 10.     replace clave_group = "fin_capital"       if inlist(clave, "P026","P027","P028","P029","P030","P031","P050","P052")
 11.     replace clave_group = "fin_capital"       if inlist(clave, "P053","P064","P065","P066")
 12.     replace clave_group = "negocio"           if inlist(clave, "P068","P069","P070","P071","P072","P073","P074","P075")
 13.     replace clave_group = "negocio"           if inlist(clave, "P076","P077","P078","P079","P080","P081")
 14.     replace clave_group = "ventas"            if inlist(clave, "P054","P055","P056","P059","P060","P061","P062","P063")
 15.     replace clave_group = "other"             if inlist(clave, "P012","P013","P020","P021","P022","P034","P035","P036")
 16.     replace clave_group = "other"             if inlist(clave, "P037","P039","P041","P049","P051","P057","P058")
 17. end

. 
. *************************************************
. *************** Benefit Recoding *****************
. *************************************************
. 
. cap program drop rename_benefits

. program define rename_benefits
  1.     *** Renames pres_* benefit indicators to readable names.
.     *** 2016: pres_1-6 are medical institution codes; benefits start at pres_7.
.     *** 2018+: benefits start at pres_1.
.     *** After this step, both years share the same benefit variable names.
.     args yr
  2.     if `yr' == 2016 {
  3.         cap drop pres_1 pres_2 pres_3 pres_4 pres_5 pres_6
  4.         rename (pres_7 pres_8 pres_9 pres_10 pres_11 pres_12 pres_13 ///
>                 pres_14 pres_15 pres_16 pres_17 pres_18 pres_19 pres_20 ///
>                 pres_21 pres_22 pres_23 pres_24 pres_25 pres_26) ///
>                (incapacidad aguinaldo vacaciones utilidades credito_vivienda ///
>                 guarderias cuidados_parentales sar_afore seguro_vida prestamos ///
>                 prima_vacacional becas comedor fonacot despensa servicios_publicos ///
>                 pension_invalidez pension_familia otras_prestaciones sin_prestaciones)
  5.     }
  6.     else {
  7.         rename (pres_1 pres_2 pres_3 pres_4 pres_5 pres_6 pres_7 pres_8 pres_9 ///
>                 pres_10 pres_11 pres_12 pres_13 pres_14 pres_15 pres_16 pres_17 ///
>                 pres_18 pres_19 pres_20) ///
>                (incapacidad aguinaldo vacaciones utilidades credito_vivienda ///
>                 guarderias cuidados_parentales sar_afore seguro_vida prestamos ///
>                 prima_vacacional becas comedor fonacot despensa servicios_publicos ///
>                 pension_invalidez pension_familia otras_prestaciones sin_prestaciones)
  8.     }
  9. end

. 
. cap program drop recode_benefit_indicators

. program define recode_benefit_indicators
  1.     *** Recodes the wide-form benefit indicators (suffix 1 = main job, 2 = secondary)
.     *** from raw response codes to 0/1 binaries.
.     ***
.     *** ENIGH benefit response codes — same across years after rename_benefits:
.     ***   1 = incapacidad         7  = cuidados_parentales
.     ***   2 = aguinaldo           8  = sar_afore
.     ***   3 = vacaciones          9  = seguro_vida
.     ***   4 = utilidades         10  = prestamos
.     ***   5 = credito_vivienda   11  = prima_vacacional
.     ***   6 = guarderias         12  = becas        ... etc.
.     ***
.     *** Each cell carries the response code if the worker received that benefit
.     *** (so cell `incapacidad1` == "1" means worker 1 has incapacidad). Convert to 1/0.
.     foreach v in incapacidad aguinaldo vacaciones utilidades credito_vivienda ///
>                  guarderias cuidados_parentales sar_afore seguro_vida prestamos ///
>                  prima_vacacional becas comedor fonacot despensa servicios_publicos ///
>                  pension_invalidez pension_familia otras_prestaciones {
  2.         foreach j in 1 2 {
  3.             cap confirm variable `v'`j'
  4.             if _rc == 0 {
  5.                 cap destring `v'`j', replace
  6.                 replace `v'`j' = 1 if `v'`j' >  0 & `v'`j' < .
  7.                 replace `v'`j' = 0 if `v'`j' == 0 | missing(`v'`j')
  8.             }
  9.         }
 10.     }
 11.     *** sin_prestaciones is the "no benefits" flag — 1 means no benefits.
.     foreach j in 1 2 {
 12.         cap confirm variable sin_prestaciones`j'
 13.         if _rc == 0 {
 14.             cap destring sin_prestaciones`j', replace
 15.             replace sin_prestaciones`j' = 1 if sin_prestaciones`j' >  0 & sin_prestaciones`j' < .
 16.             replace sin_prestaciones`j' = 0 if sin_prestaciones`j' == 0 | missing(sin_prestaciones`j')
 17.         }
 18.     }
 19. end

. 
. *************************************************
. ************* SCIAN Industry Labels **************
. *************************************************
. 
. cap program drop label_scian

. program define label_scian
  1.     *** Applies SCIAN 2-digit industry labels to ind1, ind2.
.     label define indlbl ///
>         9 "Working abroad" ///
>         10 "Household chores, beggars, inactive" ///
>         11 "Agriculture, forestry, fishing, hunting" ///
>         21 "Mining" ///
>         22 "Electricity, water, gas" ///
>         23 "Construction" ///
>         31 "Manufacturing" 32 "Manufacturing" 33 "Manufacturing" ///
>         43 "Wholesale trade" ///
>         46 "Retail trade" ///
>         48 "Transportation and storage" ///
>         49 "Postal activities" ///
>         51 "Mass media information" ///
>         52 "Financial and insurance" ///
>         53 "Real estate and rental of intangible goods" ///
>         54 "Professional, scientific and technical" ///
>         55 "Management of corporate groups" ///
>         56 "Business support, waste management" ///
>         61 "Education" ///
>         62 "Health and social" ///
>         71 "Cultural, sports and recreational" ///
>         72 "Accommodation and food" ///
>         81 "Other services except government" ///
>         93 "Legislative, governmental, judicial" ///
>         97 "Other workers" ///
>         99 "Non-specified", replace
  2.     cap label values ind1 indlbl
  3.     cap label values ind2 indlbl
  4. end

. 
. *************************************************
. *********** Comprehensive Value Labels ***********
. *************************************************
. 
. *** apply_all_labels: defines and applies value labels for every categorical
. *** variable across the four cleaned datasets. Idempotent — safe to call more
. *** than once. Wraps each `label values` in `cap` so missing variables are
. *** silently skipped. Run AFTER all destring + recoding is done, just before
. *** save.
. 
. cap program drop apply_all_labels

. program define apply_all_labels
  1. 
.     *** Yes/No (1/0) base label set, applied to a known list of binary flags.
.     label define yesno_lbl 0 "No" 1 "Yes", replace
  2.     foreach v in employed indspeaker indund etnia school_attendance ///
>                  motherhome fatherhome zlfn post treat_post informal ///
>                  gov_sp public profesional hablaesp alfabetism segsoc ///
>                  segpop atemed prob_sal aten_sal diabetes pres_alta peso ///
>                  hijos_sob pareja_hog has_wage has_lab has_negocio ///
>                  head_etnia head_indspeaker head_employed {
  3.         cap label values `v' yesno_lbl
  4.     }
  5.     *** Apply Yes/No to all benefit *1 / *2 columns.
.     foreach b in incapacidad aguinaldo vacaciones utilidades credito_vivienda ///
>                  guarderias cuidados_parentales sar_afore seguro_vida prestamos ///
>                  prima_vacacional becas comedor fonacot despensa servicios_publicos ///
>                  pension_invalidez pension_familia otras_prestaciones sin_prestaciones ///
>                  subor indep personal pago contrato {
  6.         foreach j in 1 2 {
  7.             cap label values `b'`j' yesno_lbl
  8.         }
  9.     }
 10.     *** Disability dummies disc2-disc7 (disc1 has its own kind label below).
.     foreach j in 2 3 4 5 6 7 {
 11.         cap label values disc`j' yesno_lbl
 12.     }
 13.     *** servmed_*, inscr_*, inst_* health-presence dummies, others.
.     forvalues i = 1/11 {
 14.         cap label values servmed_`i' yesno_lbl
 15.         cap label values inscr_`i'   yesno_lbl
 16.     }
 17.     cap label values cocina      yesno_lbl
 18.     cap label values cocina_dor  yesno_lbl
 19.     cap label values excusado    yesno_lbl
 20.     cap label values uso_compar  yesno_lbl
 21.     cap label values biodigest   yesno_lbl
 22.     cap label values lavadero    yesno_lbl
 23.     cap label values fregadero   yesno_lbl
 24.     cap label values regadera    yesno_lbl
 25.     cap label values tinaco_azo  yesno_lbl
 26.     cap label values cisterna    yesno_lbl
 27.     cap label values pileta      yesno_lbl
 28.     cap label values calent_sol  yesno_lbl
 29.     cap label values calent_gas  yesno_lbl
 30.     cap label values medidor_luz yesno_lbl
 31.     cap label values bomba_agua  yesno_lbl
 32.     cap label values tanque_gas  yesno_lbl
 33.     cap label values aire_acond  yesno_lbl
 34.     cap label values calefacc    yesno_lbl
 35.     cap label values estufa_chi  yesno_lbl
 36.     cap label values pago_mesp   yesno_lbl
 37.     cap label values viv_usada   yesno_lbl
 38.     cap label values antigua_ne  yesno_lbl
 39.     cap label values tiene_b     yesno_lbl
 40.     cap label values tiene_c     yesno_lbl
 41. 
.     *** Gender / sex (1=Male, 0=Female).
.     label define gender_lbl 0 "Female" 1 "Male", replace
 42.     cap label values gender   gender_lbl
 43.     cap label values head_sex gender_lbl
 44. 
.     *** Female (1=Female).
.     label define female_lbl 0 "Male" 1 "Female", replace
 45.     cap label values female female_lbl
 46. 
.     *** Treatment / time.
.     label define zlfn_lbl   0 "Non-ZLFN" 1 "ZLFN", replace
 47.     cap label values zlfn       zlfn_lbl
 48.     label define post_lbl   0 "Pre (≤2018)" 1 "Post (>2018)", replace
 49.     cap label values post       post_lbl
 50. 
.     *** Parentesco (relationship to head).
.     label define parentesco_lbl ///
>         101 "Jefe(a) del hogar" ///
>         201 "Esposo(a) o compañero(a)" ///
>         301 "Hijo(a)" 302 "Hijastro(a)" ///
>         401 "Nuero o nuera" ///
>         501 "Nieto(a)" ///
>         601 "Padre o madre" 602 "Suegro(a)" ///
>         701 "Hermano(a)" 702 "Cuñado(a)" ///
>         801 "Otro parentesco" ///
>         901 "No parentesco" ///
>         999 "No especificado", replace
 51.     cap label values parentesco parentesco_lbl
 52. 
.     *** Marital status (edo_conyug).
.     label define edo_conyug_lbl ///
>         1 "Unión libre" 2 "Casado(a)" 3 "Separado(a)" ///
>         4 "Divorciado(a)" 5 "Viudo(a)" 6 "Soltero(a)", replace
 53.     cap label values edo_conyug edo_conyug_lbl
 54. 
.     *** Education currently attending (nivel) and grade (grado).
.     label define nivel_lbl ///
>         1 "Preescolar o kinder" 2 "Primaria" 3 "Secundaria" ///
>         4 "Preparatoria o bachillerato" 5 "Normal básica" ///
>         6 "Carrera técnica o comercial" 7 "Profesional" ///
>         8 "Maestría" 9 "Doctorado", replace
 55.     cap label values nivel nivel_lbl
 56.     label define grado_lbl ///
>         1 "Primer año" 2 "Segundo año" 3 "Tercer año" ///
>         4 "Cuarto año" 5 "Quinto año" 6 "Sexto año", replace
 57.     cap label values grado grado_lbl
 58. 
.     *** Highest completed education (antec_esc).
.     label define antec_esc_lbl ///
>         1 "Primaria" 2 "Secundaria" 3 "Preparatoria/Bachillerato" ///
>         4 "Licenciatura" 5 "Maestría", replace
 59.     cap label values antec_esc antec_esc_lbl
 60. 
.     *** Education level achieved (nivelaprob).
.     label define nivelaprob_lbl ///
>         0 "Ninguno" 1 "Preescolar" 2 "Primaria" 3 "Secundaria" ///
>         4 "Preparatoria/Bachillerato" 5 "Normal básica" ///
>         6 "Carrera técnica/comercial" 7 "Profesional" ///
>         8 "Maestría" 9 "Doctorado", replace
 61.     cap label values nivelaprob nivelaprob_lbl
 62. 
.     *** Type of school (tipoesc).
.     label define tipoesc_lbl 1 "Pública" 2 "Privada" 3 "Otro", replace
 63.     cap label values tipoesc tipoesc_lbl
 64. 
.     *** Reason for work absence (motivo_aus).
.     label define motivo_aus_lbl ///
>         1 "Huelga o paro laboral" 2 "Paro técnico" 3 "Suspensión temporal" ///
>         4 "Capacitación" 5 "Vacaciones" 6 "Permiso o enfermedad" ///
>         7 "Falta de vehículo" 8 "Falta de materias primas" 9 "Mal tiempo" ///
>         10 "Fin de temporada" 11 "Comenzará nuevo trabajo" ///
>         12 "Otra razón" 13 "Ninguna", replace
 65.     cap label values motivo_aus motivo_aus_lbl
 66. 
.     *** PNEA primary activity.
.     label define act_pnea1_lbl ///
>         1 "No trabajó y no buscó trabajo" 2 "Es pensionado o jubilado" ///
>         3 "Quehaceres del hogar" 4 "Estudiar" ///
>         5 "Limitación física o mental" 6 "Otros", replace
 67.     cap label values act_pnea1 act_pnea1_lbl
 68.     label define act_pnea2_lbl ///
>         2 "Es pensionado o jubilado" 3 "Quehaceres del hogar" ///
>         4 "Estudiar" 5 "Limitación física o mental", replace
 69.     cap label values act_pnea2 act_pnea2_lbl
 70. 
.     *** Number of jobs.
.     label define num_trabaj_lbl 1 "Solo 1" 2 "Dos o más", replace
 71.     cap label values num_trabaj num_trabaj_lbl
 72. 
.     *** Type of dwelling (tipo_viv).
.     label define tipo_viv_lbl ///
>         1 "Casa independiente" 2 "Departamento en edificio" ///
>         3 "Vivienda en vecindad" 4 "Vivienda en cuarto de azotea" ///
>         5 "Local no construido para habitación", replace
 73.     cap label values tipo_viv tipo_viv_lbl
 74. 
.     *** Wall material (mat_pared).
.     label define mat_pared_lbl ///
>         1 "Material de desecho" 2 "Lámina de cartón" ///
>         3 "Lámina de asbesto o metálica" 4 "Carrizo, bambú o palma" ///
>         5 "Embarro o bajareque" 6 "Madera" 7 "Adobe" ///
>         8 "Tabique, ladrillo, block, piedra, cantera, cemento o concreto", replace
 75.     cap label values mat_pared mat_pared_lbl
 76. 
.     *** Roof material (mat_techos).
.     label define mat_techos_lbl ///
>         1 "Material de desecho" 2 "Lámina de cartón" ///
>         3 "Lámina de asbesto o metálica" 4 "Palma, tejamanil o madera" ///
>         5 "Teja" 6 "Losa de concreto / viguetas con bovedilla" ///
>         7 "Madera o tejamanil" 8 "Terrado con viguería" ///
>         9 "Otro material" 10 "No especificado", replace
 77.     cap label values mat_techos mat_techos_lbl
 78. 
.     *** Floor material (mat_pisos).
.     label define mat_pisos_lbl ///
>         1 "Tierra" 2 "Cemento o firme" ///
>         3 "Madera, mosaico u otro recubrimiento", replace
 79.     cap label values mat_pisos mat_pisos_lbl
 80. 
.     *** Water supply (disp_agua).
.     label define disp_agua_lbl ///
>         1 "Entubada dentro de la vivienda" ///
>         2 "Entubada fuera de la vivienda pero dentro del terreno" ///
>         3 "Llave pública o hidrante" 4 "Captadores de agua de lluvia" ///
>         5 "Acarreada de otra vivienda" 6 "De pipa" ///
>         7 "De pozo, río, lago, arroyo u otro", replace
 81.     cap label values disp_agua disp_agua_lbl
 82. 
.     *** Water supply frequency (dotac_agua).
.     label define dotac_agua_lbl ///
>         1 "Diario" 2 "Cada tercer día" 3 "Dos veces por semana" ///
>         4 "Una vez por semana" 5 "De vez en cuando", replace
 83.     cap label values dotac_agua dotac_agua_lbl
 84. 
.     *** Drainage (drenaje).
.     label define drenaje_lbl ///
>         1 "A la red pública" 2 "A una fosa séptica" ///
>         3 "A tubería a barranca o grieta" ///
>         4 "A tubería a río, lago o mar" 5 "No tiene drenaje", replace
 85.     cap label values drenaje drenaje_lbl
 86. 
.     *** Electricity source (disp_elect).
.     label define disp_elect_lbl ///
>         1 "Del servicio público" 2 "De una planta particular" ///
>         3 "De panel solar" 4 "De otra fuente" ///
>         5 "No tiene luz eléctrica", replace
 87.     cap label values disp_elect disp_elect_lbl
 88. 
.     *** Cooking fuel (combustible).
.     label define combustible_lbl ///
>         1 "Leña" 2 "Carbón" 3 "Gas de tanque" ///
>         4 "Gas natural o de tubería" 5 "Electricidad" ///
>         6 "Otro combustible", replace
 89.     cap label values combustible combustible_lbl
 90. 
.     *** Waste disposal (eli_basura).
.     label define eli_basura_lbl ///
>         1 "La recoge un camión o carrito de basura" ///
>         2 "La llevan a un basurero público" ///
>         3 "La depositan en un contenedor o depósito" ///
>         4 "La queman" 5 "La entierran" ///
>         6 "La tiran en un terreno baldío o calle" ///
>         7 "La tiran en una barranca o grieta" ///
>         8 "La tiran al río, lago o mar", replace
 91.     cap label values eli_basura eli_basura_lbl
 92. 
.     *** Tenure (tenencia).
.     label define tenencia_lbl ///
>         1 "Rentada" 2 "Prestada" 3 "Propia, en pago" ///
>         4 "Propia" 5 "Intestada o en litigio" 6 "Otra situación", replace
 93.     cap label values tenencia tenencia_lbl
 94. 
.     *** Locality size (tam_loc).
.     label define tam_loc_lbl ///
>         1 "100,000+ habitantes" 2 "15,000–99,999" ///
>         3 "2,500–14,999" 4 "<2,500", replace
 95.     cap label values tam_loc tam_loc_lbl
 96. 
.     *** Socioeconomic stratum (est_socio).
.     label define est_socio_lbl ///
>         1 "Bajo" 2 "Medio bajo" 3 "Medio alto" 4 "Alto", replace
 97.     cap label values est_socio est_socio_lbl
 98. 
.     *** Hogares: clase_hog (HH type).
.     label define clase_hog_lbl ///
>         1 "Unipersonal" 2 "Nuclear" 3 "Ampliado" ///
>         4 "Compuesto" 5 "Corresidente", replace
 99.     cap label values clase_hog clase_hog_lbl
100. 
.     *** CONEVAL: pea (labor force status).
.     label define pea_lbl ///
>         1 "Ocupado" 2 "Desocupado" 3 "No PEA", replace
101.     cap label values pea pea_lbl
102. 
.     *** CONEVAL: hli (food poverty).
.     label define hli_lbl 0 "No food-poor" 1 "Food-poor" 2 "No info", replace
103.     cap label values hli hli_lbl
104. 
.     *** Employment class (clas_emp).
.     label define clas_emp_lbl ///
>         1 "Empleado público" 2 "Empleado privado" ///
>         3 "Trabajador independiente" 4 "Trabajador familiar sin pago" ///
>         5 "Patrón" 6 "Otro", replace
105.     cap label values clas_emp clas_emp_lbl
106. 
.     *** Type of contract (tipocontr).
.     label define tipocontr_lbl 0 "Permanente" 1 "Temporal", replace
107.     cap label values tipocontr1 tipocontr_lbl
108.     cap label values tipocontr2 tipocontr_lbl
109. 
.     *** Indigenous language (lenguaind / indlang).
.     label define indlang_lbl ///
>         111 "Paipai" 112 "Kiliwa" 113 "Cucapá" 114 "Cochimí" 115 "Kumiai" ///
>         121 "Seri" 131 "Chontal de Oaxaca" ///
>         200 "Chinanteco" 211 "Chinanteco de Ojitlán" 212 "Chinanteco de Usila" ///
>         221 "Chinanteco de Quiotepec" 222 "Chinanteco de Yolox" ///
>         223 "Chinanteco de Sochiapan" 231 "Chinanteco de Palantla" ///
>         232 "Chinanteco de Valle Nacional" 241 "Chinanteco de Lalana" 243 "Chinanteco (s.e.)" ///
>         311 "Pame" 321 "Chichimeca Jonaz" ///
>         331 "Otomí" 332 "Mazahua" 341 "Matlatzinca" 342 "Ocuilteco" ///
>         400 "Zapoteco" 411 "Zapoteco de Ixtlán" 412 "Zapoteco Vijano" ///
>         413 "Zapoteco del Rincón" 421 "Zapoteco Vallista" 422 "Zapoteco del Istmo" ///
>         431 "Zapoteco de Cuixtla" 432 "Solteco" 433 "Zapoteco Sureño" ///
>         441 "Chatino" ///
>         450 "Mixteco" 451 "Mixteco Zona Costa" 452 "Mixteco Zona Alta" ///
>         453 "Mixteco Zona Baja" 454 "Mixteco Zona Mazateca" 455 "Mixteco de Puebla" ///
>         456 "Tacuate" 461 "Cuicateco" 471 "Triqui" ///
>         481 "Amuzgo" 482 "Amuzgo de Guerrero" 483 "Amuzgo de Oaxaca" ///
>         491 "Mazateco" 492 "Chocholteco" 493 "Ixcateco" 494 "Popoloca" ///
>         511 "Huave" 611 "Tlapaneco" 711 "Totonaca" 712 "Tepehua" ///
>         800 "Popoluca" 811 "Mixe" 812 "Popoluca de Oluta" ///
>         821 "Popoluca de la Sierra" 822 "Popoluca de Texistepec" ///
>         823 "Zoque" 824 "Ayapaneco" ///
>         911 "Huasteco" 921 "Lacandón" 922 "Maya" 931 "Ch'ol" ///
>         932 "Chontal de Tabasco" 933 "Tzeltal" 934 "Tzotzil" ///
>         935 "Tojolabal" 936 "Chuj" ///
>         941 "Mame" 942 "Ixil" 943 "Aguacateco" 951 "Motocintleco" ///
>         961 "Kanjobal" 962 "Jacalteco" 971 "Quiché" 972 "Cakchiquel" ///
>         981 "Kekchi" ///
>         1011 "Pima" 1012 "Pápago" 1013 "Tepehuano" ///
>         1014 "Tepehuano del Norte" 1015 "Tepehuano del Sur" ///
>         1021 "Tarahumara" 1022 "Mayo" 1023 "Yaqui" 1024 "Guarijío" ///
>         1031 "Cora" 1032 "Huichol" 1041 "Náhuatl" ///
>         1111 "Purépecha" 1211 "Kikapú" 1311 "Chontal" ///
>         1999 "No especificado" 9999 "No especificado", replace
110.     cap label values indlang indlang_lbl
111.     cap label values lenguaind indlang_lbl
112. 
.     *** Disability — first type (disc1).
.     label define disc1_lbl ///
>         1 "Caminar, moverse, subir o bajar" ///
>         2 "Ver, aun usando lentes" ///
>         3 "Hablar, comunicarse" ///
>         4 "Oír, aun usando aparato auditivo" ///
>         5 "Vestirse, bañarse o comer" ///
>         6 "Poner atención o aprender" ///
>         7 "Limitación mental" ///
>         8 "No tiene dificultad", replace
113.     cap label values disc1 disc1_lbl
114. 
.     *** Disability cause (causa_*).
.     label define causa_lbl ///
>         1 "Nació así" 2 "Por enfermedad" 3 "Por accidente" ///
>         4 "Por edad avanzada" 5 "Otra causa", replace
115.     forvalues j = 1/7 {
116.         cap label values causa`j' causa_lbl
117.     }
118. 
.     *** Health institution (inst_*).
.     label define inst_lbl ///
>         1 "IMSS" 2 "ISSSTE" ///
>         3 "ISSSTE estatal/PEMEX/Defensa/Marina" ///
>         4 "Seguro Popular / IMSS Bienestar" ///
>         5 "IMSS-PROSPERA" 6 "Otro", replace
119.     forvalues i = 1/8 {
120.         cap label values inst_`i' inst_lbl
121.     }
122. 
.     *** GASTOSHOGAR tipo_gasto (string codes).
.     *** Stata's value labels are integer-only, so we do not bind these
.     *** to the string variable. The variable label below documents the codes.
.     cap label variable tipo_gasto "G1=monetario propio, G2=monetario otro hogar, G3=autoconsumo, G5=regalo, G6=transf institucional, G7=alquiler imputado"
123. 
.     *** GASTOSHOGAR frecuencia.
.     label define frecuencia_lbl ///
>         0 "No aplica" 1 "Diario" 2 "Cada semana" 3 "Una vez al mes" ///
>         4 "Cada año" 5 "Una sola vez" 6 "Otros", replace
124.     cap label values frecuencia frecuencia_lbl
125. 
.     *** Capítulo (gastos T-aggregate codes T901..T916). Same caveat — string.
.     cap label variable capitulo "INEGI capítulo: alimentos, transporte, limpieza, cuidados, educacion, comunicacion, vivienda, último recibo, vestido, cristalería, salud, enseres, esparcimiento, transporte (gasto), gastos diversos, financieras"
126. 
.     *** Custom expenditure groups (string).
.     cap label variable gasto_group "Custom group: food, durables, services, housing, transport, health, education, leisure, financial, other"
127. 
.     *** Industry / sector. Already labeled by label_scian — but ensure ind1/ind2 carry it.
.     cap label values ind1 indlbl
128.     cap label values ind2 indlbl
129. 
. end

. 
. *************************************************
. *********** Gastos Capitulo Mapping **************
. *************************************************
. 
. *** ENIGH expenditure clave codes are 6-digit strings. The first 2 digits
. *** identify the capítulo (COICOP-style), e.g. "01" = food, "11" = restaurants.
. *** T-codes (T901..T916) are pre-aggregated — drop them to avoid double-counting.
. ***
. *** Capitulo groups (first 2 digits of clave):
. ***   01 = Alimentos y bebidas no alcohólicas
. ***   02 = Bebidas alcohólicas y tabaco
. ***   03 = Prendas de vestir y calzado
. ***   04 = Vivienda, agua, electricidad, gas y otros combustibles
. ***   05 = Mobiliario, equipo y mantenimiento de la casa
. ***   06 = Salud
. ***   07 = Transporte
. ***   08 = Comunicaciones
. ***   09 = Recreación y cultura
. ***   10 = Educación
. ***   11 = Restaurantes y servicios de alojamiento
. ***   12 = Cuidados personales y otros bienes y servicios
. ***   13 = Servicios diversos
. ***   17 = Erogaciones financieras y de capital (extra: not consumption)
. ***   18 = Otros productos / vacíos (catch-all in 2024 catalog)
. 
. cap program drop classify_gasto_clave

. program define classify_gasto_clave
  1.     *** Adds two columns to the gastos data in memory:
.     ***   capitulo     — 2-digit string capítulo code
.     ***   gasto_group  — coarse custom group (food / durables / services / ...)
.     cap drop capitulo
  2.     cap drop gasto_group
  3.     *** Drop pre-aggregated T-codes so we don't double-count.
.     drop if substr(clave, 1, 1) == "T"
  4.     gen str2 capitulo = substr(clave, 1, 2)
  5.     gen str20 gasto_group = ""
  6.     replace gasto_group = "food"          if capitulo == "01"
  7.     replace gasto_group = "alcohol_tobac" if capitulo == "02"
  8.     replace gasto_group = "clothing"      if capitulo == "03"
  9.     replace gasto_group = "housing"       if capitulo == "04"
 10.     replace gasto_group = "durables"      if capitulo == "05"
 11.     replace gasto_group = "health"        if capitulo == "06"
 12.     replace gasto_group = "transport"     if capitulo == "07"
 13.     replace gasto_group = "comms"         if capitulo == "08"
 14.     replace gasto_group = "recreation"    if capitulo == "09"
 15.     replace gasto_group = "education"     if capitulo == "10"
 16.     replace gasto_group = "restaurants"   if capitulo == "11"
 17.     replace gasto_group = "personal"      if capitulo == "12"
 18.     replace gasto_group = "services"      if capitulo == "13"
 19.     replace gasto_group = "financial"     if capitulo == "17"
 20.     replace gasto_group = "other"         if gasto_group == ""
 21. end

. 
. *************************************************
. ********* HH × year aggregation of gastos ********
. *************************************************
. 
. *** Loads gastoshogar`yr'.dta and returns a tempfile path (in the global
. *** $hh_gastos_tf) holding one row per (folioviv, foliohog) for survey year
. *** `yr', with columns:
. ***   year                      — the survey wave
. ***   gas_total_nom             — sum of gasto_tri (nominal trimestral pesos)
. ***   gas_total_nm_nom          — sum of gas_nm_tri (non-monetary trimestral)
. ***   gas_<grp>_nom             — sum by custom group (food, durables, ...)
. ***   gas_cap<NN>_nom           — sum by capítulo NN ∈ {01,..,18}
. ***   <plus _real counterparts deflated by Aug-yr INPC>
. 
. cap program drop aggregate_gastos_hh_year

. program define aggregate_gastos_hh_year
  1.     args yr defl_tf target
  2.     preserve
  3.     use "../../data/source/enigh/gastoshogar`yr'.dta", clear
  4.     cap destring gasto_tri,    replace
  5.     cap destring gas_nm_tri,   replace
  6.     classify_gasto_clave
  7.     *** Stash the raw clave-level rows so we can build sub-aggregates.
.     tempfile _raw _grp _cap
  8.     save `_raw', replace
  9.     *** (HH × gasto_group) wide table.
.     use `_raw', clear
 10.     collapse (sum) gasto_tri gas_nm_tri, ///
>         by(folioviv foliohog gasto_group)
 11.     reshape wide gasto_tri gas_nm_tri, ///
>         i(folioviv foliohog) j(gasto_group) string
 12.     save `_grp', replace
 13.     *** (HH × capitulo) wide table.
.     use `_raw', clear
 14.     collapse (sum) gasto_tri gas_nm_tri, ///
>         by(folioviv foliohog capitulo)
 15.     reshape wide gasto_tri gas_nm_tri, ///
>         i(folioviv foliohog) j(capitulo) string
 16.     save `_cap', replace
 17.     *** HH total.
.     use `_raw', clear
 18.     collapse (sum) gas_total_nom = gasto_tri ///
>                    gas_total_nm_nom = gas_nm_tri, ///
>         by(folioviv foliohog)
 19.     *** Merge group + capitulo aggregates.
.     merge 1:1 folioviv foliohog using `_grp'
 20.     drop _merge
 21.     merge 1:1 folioviv foliohog using `_cap'
 22.     drop _merge
 23.     *** Standardize column names: gasto_tri<grp> -> gas_<grp>_nom etc.
.     foreach grp in food alcohol_tobac clothing housing durables health ///
>                    transport comms recreation education restaurants ///
>                    personal services financial other {
 24.         cap rename gasto_tri`grp'  gas_`grp'_nom
 25.         cap rename gas_nm_tri`grp' gas_`grp'_nm_nom
 26.         cap confirm variable gas_`grp'_nom
 27.         if _rc gen double gas_`grp'_nom = 0
 28.         cap confirm variable gas_`grp'_nm_nom
 29.         if _rc gen double gas_`grp'_nm_nom = 0
 30.         replace gas_`grp'_nom    = 0 if missing(gas_`grp'_nom)
 31.         replace gas_`grp'_nm_nom = 0 if missing(gas_`grp'_nm_nom)
 32.         label variable gas_`grp'_nom    "nominal HH expenditure: `grp' (trimestral pesos)"
 33.         label variable gas_`grp'_nm_nom "nominal HH non-monetary expenditure: `grp' (trimestral pesos)"
 34.     }
 35.     foreach cap_n in 01 02 03 04 05 06 07 08 09 10 11 12 13 17 18 {
 36.         cap rename gasto_tri`cap_n'  gas_cap`cap_n'_nom
 37.         cap rename gas_nm_tri`cap_n' gas_cap`cap_n'_nm_nom
 38.         cap confirm variable gas_cap`cap_n'_nom
 39.         if _rc gen double gas_cap`cap_n'_nom = 0
 40.         cap confirm variable gas_cap`cap_n'_nm_nom
 41.         if _rc gen double gas_cap`cap_n'_nm_nom = 0
 42.         replace gas_cap`cap_n'_nom    = 0 if missing(gas_cap`cap_n'_nom)
 43.         replace gas_cap`cap_n'_nm_nom = 0 if missing(gas_cap`cap_n'_nm_nom)
 44.         label variable gas_cap`cap_n'_nom    "nominal HH expenditure: capítulo `cap_n' (trimestral pesos)"
 45.         label variable gas_cap`cap_n'_nm_nom "nominal HH non-monetary expenditure: capítulo `cap_n' (trimestral pesos)"
 46.     }
 47.     *** Deflate by August INPC of `yr'. Save current (HH-aggregated) data,
.     *** read the deflator file to extract the scalar, then reload the data.
.     tempfile _hh_pre_defl
 48.     save `_hh_pre_defl', replace
 49.     use "`defl_tf'", clear
 50.     keep if year == `yr' & month == 8
 51.     quietly: summarize deflator
 52.     local ago_def = r(mean)
 53.     use `_hh_pre_defl', clear
 54.     if `ago_def' == 0 | missing(`ago_def') local ago_def = 1
 55.     foreach v of varlist gas_*_nom {
 56.         local r = subinstr("`v'", "_nom", "_real", 1)
 57.         gen double `r' = `v' / `ago_def'
 58.         local lab : variable label `v'
 59.         label variable `r' "real (Aug-2024) `lab'"
 60.     }
 61.     gen year = `yr'
 62.     save "`target'", replace
 63.     restore
 64. end

. 
. 
. local REF_PERIOD_MONTHS = 6

. local YEARS 2016 2018 2020 2022 2024

. 
. *************************************************
. *********** Aggregate from enigh-month ***********
. *************************************************
. 
. use "../../data/clean/enigh/enigh-indlevel-month.dta", clear

. display _n "Loaded enigh-month: N = " _N

Loaded enigh-month: N = 5404806

. 
. *** First, collapse to person × year (sum income over the 6 months).
. local income_bases wages non_wage_income gov_transfers rentas fin_capital ///
>                    negocio ventas other lab mon

. local income_cols ""

. foreach b of local income_bases {
  2.     local income_cols "`income_cols' ing_`b'_nom ing_`b'"
  3. }

. 
. preserve

. collapse (sum) `income_cols' ///
>          (firstnm) ubica_geo state ent_name reg_num reg_name macro_num macro_name ///
>                    tam_loc factor upm est_dis zlfn post treat_post smg ///
>                    gender female edad edad_pob years_of_study hoursworked ///
>                    employed school_attendance etnia indspeaker indund parentesco ///
>                    tipo_viv mat_pared mat_techos mat_pisos antiguedad cuart_dorm ///
>                    num_cuarto disp_agua dotac_agua excusado disp_elect combustible ///
>                    eli_basura tenencia renta estim_pago pago_viv tot_resid ///
>                    tot_hom tot_muj tot_hog est_socio sar_afore1 indep1 ind1 ///
>                    gaspers_tri gaspers_ntri, ///
>          by(folioviv foliohog numren year)

. 
. foreach b of local income_bases {
  2.     replace ing_`b'_nom = ing_`b'_nom / `REF_PERIOD_MONTHS'
  3.     replace ing_`b'      = ing_`b'      / `REF_PERIOD_MONTHS'
  4. }
(494,586 real changes made)
(494,586 real changes made)
(174,850 real changes made)
(174,850 real changes made)
(294,558 real changes made)
(294,558 real changes made)
(15,885 real changes made)
(15,885 real changes made)
(36,112 real changes made)
(36,112 real changes made)
(146,129 real changes made)
(146,129 real changes made)
(21,909 real changes made)
(21,909 real changes made)
(184,960 real changes made)
(184,960 real changes made)
(509,989 real changes made)
(509,989 real changes made)
(900,801 real changes made)
(900,801 real changes made)

. tempfile py_data

. save `py_data'
file /var/folders/9y/pvp4l29s0737335xr1nwfp_00000gn/T//St82215.000002 saved as .dta format

. restore

. 
. *** -- Now collapse from person × year to HH × year.
. *** Sum income across earners; flag composition counts.
. use `py_data', clear

. 
. *** Indicator constructions used in composition counts.
. gen byte _is_kid          = (edad < 15) if !missing(edad)

. gen byte _is_adult        = (edad >= 15) if !missing(edad)

. gen byte _is_worker       = (employed == 1)

. gen byte _is_indig        = (etnia == 1)

. gen byte _is_hli          = (indspeaker == 1)

. gen byte _is_female       = (gender == 0)

. gen byte _is_informal     = (sar_afore1 == 0 & employed == 1)

. 
. *** Aggregate at HH level.
. collapse (sum) ing_wages_nom ing_wages ///
>                ing_non_wage_income_nom ing_non_wage_income ///
>                ing_gov_transfers_nom ing_gov_transfers ///
>                ing_rentas_nom ing_rentas ///
>                ing_fin_capital_nom ing_fin_capital ///
>                ing_negocio_nom ing_negocio ///
>                ing_ventas_nom ing_ventas ///
>                ing_other_nom ing_other ///
>                ing_lab_nom ing_lab ///
>                ing_mon_nom ing_mon ///
>                n_kids       = _is_kid ///
>                n_adults     = _is_adult ///
>                n_workers    = _is_worker ///
>                n_indigenous = _is_indig ///
>                n_hli        = _is_hli ///
>                n_employed   = _is_worker ///
>                n_informal   = _is_informal ///
>          (mean) mean_age   = edad ///
>                 mean_educ  = years_of_study ///
>                 share_female = _is_female ///
>          (firstnm) ubica_geo state ent_name reg_num reg_name macro_num macro_name ///
>                    tam_loc factor upm est_dis zlfn post treat_post smg ///
>                    tipo_viv mat_pared mat_techos mat_pisos antiguedad cuart_dorm ///
>                    num_cuarto disp_agua dotac_agua excusado disp_elect combustible ///
>                    eli_basura tenencia renta estim_pago pago_viv tot_resid ///
>                    tot_hom tot_muj tot_hog est_socio gaspers_tri gaspers_ntri, ///
>          by(folioviv foliohog year)

. 
. label variable n_kids       "# household members aged < 15"

. label variable n_adults     "# household members aged >= 15"

. label variable n_workers    "# employed members"

. label variable n_employed   "# employed members"

. label variable n_indigenous "# self-identified indigenous members"

. label variable n_hli        "# indigenous-language-speaking members"

. label variable n_informal   "# informal workers (employed & no SAR/AFORE)"

. label variable mean_age     "mean age of HH members (>12)"

. label variable mean_educ    "mean years of schooling (HH members >12)"

. label variable share_female "share of female members"

. 
. gen hh_size = n_kids + n_adults

. label variable hh_size      "household size (# residents from enigh-month)"

. 
. tempfile hh_panel

. save `hh_panel'
file /var/folders/9y/pvp4l29s0737335xr1nwfp_00000gn/T//St82215.000003 saved as .dta format

. 
. *************************************************
. **** HH expenditure aggregated from gastoshogar **
. *************************************************
. 
. *** Replaces the previous concentradohogar block — we now sum the raw
. *** clave-level expenditure records into capítulo (10 official COICOP groups)
. *** and custom groups (food, durables, services, ...). aggregate_gastos_hh_year
. *** is defined in _helpers.do.
. 
. tempfile defl_tf

. load_deflators_to "`defl_tf'"
(encoding automatically selected: UTF-8)
(5 vars, 121 obs)
(91 real changes made)
(file /var/folders/9y/pvp4l29s0737335xr1nwfp_00000gn/T//St82215.000004 not found)
file /var/folders/9y/pvp4l29s0737335xr1nwfp_00000gn/T//St82215.000004 saved as .dta format

. 
. tempfile hh_exp_all

. local first_iter = 1

. foreach yr of local YEARS {
  2.     tempfile _hh_yr
  3.     aggregate_gastos_hh_year `yr' "`defl_tf'" "`_hh_yr'"
  4.     if `first_iter' {
  5.         use "`_hh_yr'", clear
  6.         save `hh_exp_all', replace
  7.         local first_iter = 0
  8.     }
  9.     else {
 10.         append using "`_hh_yr'", force
 11.         save `hh_exp_all', replace
 12.     }
 13. }
(13,195 observations deleted)
(4,177,546 missing values generated)
(0 real changes made)
(0 real changes made)
(0 real changes made)
(0 real changes made)
(0 real changes made)
(0 real changes made)
(0 real changes made)
(0 real changes made)
(0 real changes made)
(0 real changes made)
(0 real changes made)
(0 real changes made)
(0 real changes made)
(0 real changes made)
(4,177,546 real changes made)
(file /var/folders/9y/pvp4l29s0737335xr1nwfp_00000gn/T//St82215.000008 not found)
file /var/folders/9y/pvp4l29s0737335xr1nwfp_00000gn/T//St82215.000008 saved as .dta format
(j = other)

Data                               Long   ->   Wide
-----------------------------------------------------------------------------
Number of observations           70,311   ->   70,311      
Number of variables                   5   ->   4           
j variable (1 values)       gasto_group   ->   (dropped)
xij variables:
                              gasto_tri   ->   gasto_triother
                             gas_nm_tri   ->   gas_nm_triother
-----------------------------------------------------------------------------
(file /var/folders/9y/pvp4l29s0737335xr1nwfp_00000gn/T//St82215.000009 not found)
file /var/folders/9y/pvp4l29s0737335xr1nwfp_00000gn/T//St82215.000009 saved as .dta format
(j = A0 A1 A2 B0 C0 D0 E0 F0 G0 G1 H0 H1 I0 J0 K0 L0 M0 N0 Q0 R0)

Data                               Long   ->   Wide
-----------------------------------------------------------------------------
Number of observations          852,100   ->   70,311      
Number of variables                   5   ->   42          
j variable (20 values)         capitulo   ->   (dropped)
xij variables:
                              gasto_tri   ->   gasto_triA0 gasto_triA1 ... gasto_triR0
                             gas_nm_tri   ->   gas_nm_triA0 gas_nm_triA1 ... gas_nm_triR0
-----------------------------------------------------------------------------
(file /var/folders/9y/pvp4l29s0737335xr1nwfp_00000gn/T//St82215.00000a not found)
file /var/folders/9y/pvp4l29s0737335xr1nwfp_00000gn/T//St82215.00000a saved as .dta format

    Result                      Number of obs
    -----------------------------------------
    Not matched                             0
    Matched                            70,311  (_merge==3)
    -----------------------------------------

    Result                      Number of obs
    -----------------------------------------
    Not matched                             0
    Matched                            70,311  (_merge==3)
    -----------------------------------------
(0 real changes made)
(0 real changes made)
(0 real changes made)
(0 real changes made)
(0 real changes made)
(0 real changes made)
(0 real changes made)
(0 real changes made)
(0 real changes made)
(0 real changes made)
(0 real changes made)
(0 real changes made)
(0 real changes made)
(0 real changes made)
(0 real changes made)
(0 real changes made)
(0 real changes made)
(0 real changes made)
(0 real changes made)
(0 real changes made)
(0 real changes made)
(0 real changes made)
(0 real changes made)
(0 real changes made)
(0 real changes made)
(0 real changes made)
(0 real changes made)
(0 real changes made)
(0 real changes made)
(0 real changes made)
(0 real changes made)
(0 real changes made)
(0 real changes made)
(0 real changes made)
(0 real changes made)
(0 real changes made)
(0 real changes made)
(0 real changes made)
(0 real changes made)
(0 real changes made)
(0 real changes made)
(0 real changes made)
(0 real changes made)
(0 real changes made)
(0 real changes made)
(0 real changes made)
(0 real changes made)
(0 real changes made)
(0 real changes made)
(0 real changes made)
(0 real changes made)
(0 real changes made)
(0 real changes made)
(0 real changes made)
(0 real changes made)
(0 real changes made)
(0 real changes made)
(0 real changes made)
(0 real changes made)
(0 real changes made)
(file /var/folders/9y/pvp4l29s0737335xr1nwfp_00000gn/T//St82215.00000b not found)
file /var/folders/9y/pvp4l29s0737335xr1nwfp_00000gn/T//St82215.00000b saved as .dta format
(120 observations deleted)
note: label truncated to 80 characters
note: label truncated to 80 characters
note: label truncated to 80 characters
note: label truncated to 80 characters
note: label truncated to 80 characters
note: label truncated to 80 characters
note: label truncated to 80 characters
note: label truncated to 80 characters
note: label truncated to 80 characters
note: label truncated to 80 characters
note: label truncated to 80 characters
note: label truncated to 80 characters
note: label truncated to 80 characters
note: label truncated to 80 characters
note: label truncated to 80 characters
note: label truncated to 80 characters
note: label truncated to 80 characters
note: label truncated to 80 characters
note: label truncated to 80 characters
note: label truncated to 80 characters
note: label truncated to 80 characters
(file /var/folders/9y/pvp4l29s0737335xr1nwfp_00000gn/T//St82215.000006 not found)
file /var/folders/9y/pvp4l29s0737335xr1nwfp_00000gn/T//St82215.000006 saved as .dta format
(file /var/folders/9y/pvp4l29s0737335xr1nwfp_00000gn/T//St82215.000005 not found)
file /var/folders/9y/pvp4l29s0737335xr1nwfp_00000gn/T//St82215.000005 saved as .dta format
(12,680 observations deleted)
(4,392,570 missing values generated)
(0 real changes made)
(0 real changes made)
(0 real changes made)
(0 real changes made)
(0 real changes made)
(0 real changes made)
(0 real changes made)
(0 real changes made)
(0 real changes made)
(0 real changes made)
(0 real changes made)
(0 real changes made)
(0 real changes made)
(0 real changes made)
(4,392,570 real changes made)
(file /var/folders/9y/pvp4l29s0737335xr1nwfp_00000gn/T//St82215.000009 not found)
file /var/folders/9y/pvp4l29s0737335xr1nwfp_00000gn/T//St82215.000009 saved as .dta format
(j = other)

Data                               Long   ->   Wide
-----------------------------------------------------------------------------
Number of observations           74,647   ->   74,647      
Number of variables                   5   ->   4           
j variable (1 values)       gasto_group   ->   (dropped)
xij variables:
                              gasto_tri   ->   gasto_triother
                             gas_nm_tri   ->   gas_nm_triother
-----------------------------------------------------------------------------
(file /var/folders/9y/pvp4l29s0737335xr1nwfp_00000gn/T//St82215.00000a not found)
file /var/folders/9y/pvp4l29s0737335xr1nwfp_00000gn/T//St82215.00000a saved as .dta format
(j = A0 A1 A2 B0 C0 D0 E0 F0 G0 G1 H0 H1 I0 J0 K0 L0 M0 N0 Q0 R0)

Data                               Long   ->   Wide
-----------------------------------------------------------------------------
Number of observations          900,509   ->   74,647      
Number of variables                   5   ->   42          
j variable (20 values)         capitulo   ->   (dropped)
xij variables:
                              gasto_tri   ->   gasto_triA0 gasto_triA1 ... gasto_triR0
                             gas_nm_tri   ->   gas_nm_triA0 gas_nm_triA1 ... gas_nm_triR0
-----------------------------------------------------------------------------
(file /var/folders/9y/pvp4l29s0737335xr1nwfp_00000gn/T//St82215.00000b not found)
file /var/folders/9y/pvp4l29s0737335xr1nwfp_00000gn/T//St82215.00000b saved as .dta format

    Result                      Number of obs
    -----------------------------------------
    Not matched                             0
    Matched                            74,647  (_merge==3)
    -----------------------------------------

    Result                      Number of obs
    -----------------------------------------
    Not matched                             0
    Matched                            74,647  (_merge==3)
    -----------------------------------------
(0 real changes made)
(0 real changes made)
(0 real changes made)
(0 real changes made)
(0 real changes made)
(0 real changes made)
(0 real changes made)
(0 real changes made)
(0 real changes made)
(0 real changes made)
(0 real changes made)
(0 real changes made)
(0 real changes made)
(0 real changes made)
(0 real changes made)
(0 real changes made)
(0 real changes made)
(0 real changes made)
(0 real changes made)
(0 real changes made)
(0 real changes made)
(0 real changes made)
(0 real changes made)
(0 real changes made)
(0 real changes made)
(0 real changes made)
(0 real changes made)
(0 real changes made)
(0 real changes made)
(0 real changes made)
(0 real changes made)
(0 real changes made)
(0 real changes made)
(0 real changes made)
(0 real changes made)
(0 real changes made)
(0 real changes made)
(0 real changes made)
(0 real changes made)
(0 real changes made)
(0 real changes made)
(0 real changes made)
(0 real changes made)
(0 real changes made)
(0 real changes made)
(0 real changes made)
(0 real changes made)
(0 real changes made)
(0 real changes made)
(0 real changes made)
(0 real changes made)
(0 real changes made)
(0 real changes made)
(0 real changes made)
(0 real changes made)
(0 real changes made)
(0 real changes made)
(0 real changes made)
(0 real changes made)
(0 real changes made)
(file /var/folders/9y/pvp4l29s0737335xr1nwfp_00000gn/T//St82215.00000c not found)
file /var/folders/9y/pvp4l29s0737335xr1nwfp_00000gn/T//St82215.00000c saved as .dta format
(120 observations deleted)
note: label truncated to 80 characters
note: label truncated to 80 characters
note: label truncated to 80 characters
note: label truncated to 80 characters
note: label truncated to 80 characters
note: label truncated to 80 characters
note: label truncated to 80 characters
note: label truncated to 80 characters
note: label truncated to 80 characters
note: label truncated to 80 characters
note: label truncated to 80 characters
note: label truncated to 80 characters
note: label truncated to 80 characters
note: label truncated to 80 characters
note: label truncated to 80 characters
note: label truncated to 80 characters
note: label truncated to 80 characters
note: label truncated to 80 characters
note: label truncated to 80 characters
note: label truncated to 80 characters
note: label truncated to 80 characters
(file /var/folders/9y/pvp4l29s0737335xr1nwfp_00000gn/T//St82215.000007 not found)
file /var/folders/9y/pvp4l29s0737335xr1nwfp_00000gn/T//St82215.000007 saved as .dta format
file /var/folders/9y/pvp4l29s0737335xr1nwfp_00000gn/T//St82215.000005 saved as .dta format
(15,402 observations deleted)
(4,933,042 missing values generated)
(0 real changes made)
(0 real changes made)
(0 real changes made)
(0 real changes made)
(0 real changes made)
(0 real changes made)
(0 real changes made)
(0 real changes made)
(0 real changes made)
(0 real changes made)
(0 real changes made)
(0 real changes made)
(0 real changes made)
(0 real changes made)
(4,933,042 real changes made)
(file /var/folders/9y/pvp4l29s0737335xr1nwfp_00000gn/T//St82215.00000a not found)
file /var/folders/9y/pvp4l29s0737335xr1nwfp_00000gn/T//St82215.00000a saved as .dta format
(j = other)

Data                               Long   ->   Wide
-----------------------------------------------------------------------------
Number of observations           89,006   ->   89,006      
Number of variables                   5   ->   4           
j variable (1 values)       gasto_group   ->   (dropped)
xij variables:
                              gasto_tri   ->   gasto_triother
                             gas_nm_tri   ->   gas_nm_triother
-----------------------------------------------------------------------------
(file /var/folders/9y/pvp4l29s0737335xr1nwfp_00000gn/T//St82215.00000b not found)
file /var/folders/9y/pvp4l29s0737335xr1nwfp_00000gn/T//St82215.00000b saved as .dta format
(j = A0 A1 A2 B0 C0 D0 E0 F0 G0 G1 H0 H1 I0 J0 K0 L0 M0 N0 Q0 R0)

Data                               Long   ->   Wide
-----------------------------------------------------------------------------
Number of observations        1,035,947   ->   89,006      
Number of variables                   5   ->   42          
j variable (20 values)         capitulo   ->   (dropped)
xij variables:
                              gasto_tri   ->   gasto_triA0 gasto_triA1 ... gasto_triR0
                             gas_nm_tri   ->   gas_nm_triA0 gas_nm_triA1 ... gas_nm_triR0
-----------------------------------------------------------------------------
(file /var/folders/9y/pvp4l29s0737335xr1nwfp_00000gn/T//St82215.00000c not found)
file /var/folders/9y/pvp4l29s0737335xr1nwfp_00000gn/T//St82215.00000c saved as .dta format

    Result                      Number of obs
    -----------------------------------------
    Not matched                             0
    Matched                            89,006  (_merge==3)
    -----------------------------------------

    Result                      Number of obs
    -----------------------------------------
    Not matched                             0
    Matched                            89,006  (_merge==3)
    -----------------------------------------
(0 real changes made)
(0 real changes made)
(0 real changes made)
(0 real changes made)
(0 real changes made)
(0 real changes made)
(0 real changes made)
(0 real changes made)
(0 real changes made)
(0 real changes made)
(0 real changes made)
(0 real changes made)
(0 real changes made)
(0 real changes made)
(0 real changes made)
(0 real changes made)
(0 real changes made)
(0 real changes made)
(0 real changes made)
(0 real changes made)
(0 real changes made)
(0 real changes made)
(0 real changes made)
(0 real changes made)
(0 real changes made)
(0 real changes made)
(0 real changes made)
(0 real changes made)
(0 real changes made)
(0 real changes made)
(0 real changes made)
(0 real changes made)
(0 real changes made)
(0 real changes made)
(0 real changes made)
(0 real changes made)
(0 real changes made)
(0 real changes made)
(0 real changes made)
(0 real changes made)
(0 real changes made)
(0 real changes made)
(0 real changes made)
(0 real changes made)
(0 real changes made)
(0 real changes made)
(0 real changes made)
(0 real changes made)
(0 real changes made)
(0 real changes made)
(0 real changes made)
(0 real changes made)
(0 real changes made)
(0 real changes made)
(0 real changes made)
(0 real changes made)
(0 real changes made)
(0 real changes made)
(0 real changes made)
(0 real changes made)
(file /var/folders/9y/pvp4l29s0737335xr1nwfp_00000gn/T//St82215.00000d not found)
file /var/folders/9y/pvp4l29s0737335xr1nwfp_00000gn/T//St82215.00000d saved as .dta format
(120 observations deleted)
note: label truncated to 80 characters
note: label truncated to 80 characters
note: label truncated to 80 characters
note: label truncated to 80 characters
note: label truncated to 80 characters
note: label truncated to 80 characters
note: label truncated to 80 characters
note: label truncated to 80 characters
note: label truncated to 80 characters
note: label truncated to 80 characters
note: label truncated to 80 characters
note: label truncated to 80 characters
note: label truncated to 80 characters
note: label truncated to 80 characters
note: label truncated to 80 characters
note: label truncated to 80 characters
note: label truncated to 80 characters
note: label truncated to 80 characters
note: label truncated to 80 characters
note: label truncated to 80 characters
note: label truncated to 80 characters
(file /var/folders/9y/pvp4l29s0737335xr1nwfp_00000gn/T//St82215.000008 not found)
file /var/folders/9y/pvp4l29s0737335xr1nwfp_00000gn/T//St82215.000008 saved as .dta format
file /var/folders/9y/pvp4l29s0737335xr1nwfp_00000gn/T//St82215.000005 saved as .dta format
(13,664 observations deleted)
(5,061,510 missing values generated)
(0 real changes made)
(0 real changes made)
(0 real changes made)
(0 real changes made)
(0 real changes made)
(0 real changes made)
(0 real changes made)
(0 real changes made)
(0 real changes made)
(0 real changes made)
(0 real changes made)
(0 real changes made)
(0 real changes made)
(0 real changes made)
(5,061,510 real changes made)
(file /var/folders/9y/pvp4l29s0737335xr1nwfp_00000gn/T//St82215.00000b not found)
file /var/folders/9y/pvp4l29s0737335xr1nwfp_00000gn/T//St82215.00000b saved as .dta format
(j = other)

Data                               Long   ->   Wide
-----------------------------------------------------------------------------
Number of observations           90,102   ->   90,102      
Number of variables                   5   ->   4           
j variable (1 values)       gasto_group   ->   (dropped)
xij variables:
                              gasto_tri   ->   gasto_triother
                             gas_nm_tri   ->   gas_nm_triother
-----------------------------------------------------------------------------
(file /var/folders/9y/pvp4l29s0737335xr1nwfp_00000gn/T//St82215.00000c not found)
file /var/folders/9y/pvp4l29s0737335xr1nwfp_00000gn/T//St82215.00000c saved as .dta format
(j = A0 A1 A2 B0 C0 D0 E0 F0 G0 G1 H0 H1 I0 J0 K0 L0 M0 N0 Q0 R0)

Data                               Long   ->   Wide
-----------------------------------------------------------------------------
Number of observations        1,084,165   ->   90,102      
Number of variables                   5   ->   42          
j variable (20 values)         capitulo   ->   (dropped)
xij variables:
                              gasto_tri   ->   gasto_triA0 gasto_triA1 ... gasto_triR0
                             gas_nm_tri   ->   gas_nm_triA0 gas_nm_triA1 ... gas_nm_triR0
-----------------------------------------------------------------------------
(file /var/folders/9y/pvp4l29s0737335xr1nwfp_00000gn/T//St82215.00000d not found)
file /var/folders/9y/pvp4l29s0737335xr1nwfp_00000gn/T//St82215.00000d saved as .dta format

    Result                      Number of obs
    -----------------------------------------
    Not matched                             0
    Matched                            90,102  (_merge==3)
    -----------------------------------------

    Result                      Number of obs
    -----------------------------------------
    Not matched                             0
    Matched                            90,102  (_merge==3)
    -----------------------------------------
(0 real changes made)
(0 real changes made)
(0 real changes made)
(0 real changes made)
(0 real changes made)
(0 real changes made)
(0 real changes made)
(0 real changes made)
(0 real changes made)
(0 real changes made)
(0 real changes made)
(0 real changes made)
(0 real changes made)
(0 real changes made)
(0 real changes made)
(0 real changes made)
(0 real changes made)
(0 real changes made)
(0 real changes made)
(0 real changes made)
(0 real changes made)
(0 real changes made)
(0 real changes made)
(0 real changes made)
(0 real changes made)
(0 real changes made)
(0 real changes made)
(0 real changes made)
(0 real changes made)
(0 real changes made)
(0 real changes made)
(0 real changes made)
(0 real changes made)
(0 real changes made)
(0 real changes made)
(0 real changes made)
(0 real changes made)
(0 real changes made)
(0 real changes made)
(0 real changes made)
(0 real changes made)
(0 real changes made)
(0 real changes made)
(0 real changes made)
(0 real changes made)
(0 real changes made)
(0 real changes made)
(0 real changes made)
(0 real changes made)
(0 real changes made)
(0 real changes made)
(0 real changes made)
(0 real changes made)
(0 real changes made)
(0 real changes made)
(0 real changes made)
(0 real changes made)
(0 real changes made)
(0 real changes made)
(0 real changes made)
(file /var/folders/9y/pvp4l29s0737335xr1nwfp_00000gn/T//St82215.00000e not found)
file /var/folders/9y/pvp4l29s0737335xr1nwfp_00000gn/T//St82215.00000e saved as .dta format
(120 observations deleted)
note: label truncated to 80 characters
note: label truncated to 80 characters
note: label truncated to 80 characters
note: label truncated to 80 characters
note: label truncated to 80 characters
note: label truncated to 80 characters
note: label truncated to 80 characters
note: label truncated to 80 characters
note: label truncated to 80 characters
note: label truncated to 80 characters
note: label truncated to 80 characters
note: label truncated to 80 characters
note: label truncated to 80 characters
note: label truncated to 80 characters
note: label truncated to 80 characters
note: label truncated to 80 characters
note: label truncated to 80 characters
note: label truncated to 80 characters
note: label truncated to 80 characters
note: label truncated to 80 characters
note: label truncated to 80 characters
(file /var/folders/9y/pvp4l29s0737335xr1nwfp_00000gn/T//St82215.000009 not found)
file /var/folders/9y/pvp4l29s0737335xr1nwfp_00000gn/T//St82215.000009 saved as .dta format
file /var/folders/9y/pvp4l29s0737335xr1nwfp_00000gn/T//St82215.000005 saved as .dta format
(17,432 observations deleted)
(5,294,065 missing values generated)
(1,994,678 real changes made)
(17,849 real changes made)
(354,263 real changes made)
(329,081 real changes made)
(704,818 real changes made)
(194,913 real changes made)
(127,288 real changes made)
(189,284 real changes made)
(114,692 real changes made)
(18,617 real changes made)
(316,248 real changes made)
(9,497 real changes made)
(712,217 real changes made)
(79,620 real changes made)
(131,000 real changes made)
(file /var/folders/9y/pvp4l29s0737335xr1nwfp_00000gn/T//St82215.00000c not found)
file /var/folders/9y/pvp4l29s0737335xr1nwfp_00000gn/T//St82215.00000c saved as .dta format
(j = alcohol_tobac clothing comms durables education financial food health housing other personal recreation restaurants services transport)

Data                               Long   ->   Wide
-----------------------------------------------------------------------------
Number of observations          896,995   ->   91,414      
Number of variables                   5   ->   32          
j variable (15 values)      gasto_group   ->   (dropped)
xij variables:
                              gasto_tri   ->   gasto_trialcohol_tobac gasto_triclothing ... gasto_tritransport
                             gas_nm_tri   ->   gas_nm_trialcohol_tobac gas_nm_triclothing ... gas_nm_tritransport
-----------------------------------------------------------------------------
(file /var/folders/9y/pvp4l29s0737335xr1nwfp_00000gn/T//St82215.00000d not found)
file /var/folders/9y/pvp4l29s0737335xr1nwfp_00000gn/T//St82215.00000d saved as .dta format
(j = 01 02 03 04 05 06 07 08 09 10 11 12 13 17 18)

Data                               Long   ->   Wide
-----------------------------------------------------------------------------
Number of observations          896,995   ->   91,414      
Number of variables                   5   ->   32          
j variable (15 values)         capitulo   ->   (dropped)
xij variables:
                              gasto_tri   ->   gasto_tri01 gasto_tri02 ... gasto_tri18
                             gas_nm_tri   ->   gas_nm_tri01 gas_nm_tri02 ... gas_nm_tri18
-----------------------------------------------------------------------------
(file /var/folders/9y/pvp4l29s0737335xr1nwfp_00000gn/T//St82215.00000e not found)
file /var/folders/9y/pvp4l29s0737335xr1nwfp_00000gn/T//St82215.00000e saved as .dta format

    Result                      Number of obs
    -----------------------------------------
    Not matched                             0
    Matched                            91,414  (_merge==3)
    -----------------------------------------

    Result                      Number of obs
    -----------------------------------------
    Not matched                             0
    Matched                            91,414  (_merge==3)
    -----------------------------------------
(709 real changes made)
(709 real changes made)
(82,714 real changes made)
(82,714 real changes made)
(19,218 real changes made)
(19,218 real changes made)
(99 real changes made)
(99 real changes made)
(476 real changes made)
(476 real changes made)
(30,035 real changes made)
(30,035 real changes made)
(31,469 real changes made)
(31,469 real changes made)
(6,128 real changes made)
(6,128 real changes made)
(45,706 real changes made)
(45,706 real changes made)
(77,560 real changes made)
(77,560 real changes made)
(19,587 real changes made)
(19,587 real changes made)
(83,259 real changes made)
(83,259 real changes made)
(698 real changes made)
(698 real changes made)
(43,802 real changes made)
(43,802 real changes made)
(32,755 real changes made)
(32,755 real changes made)
(709 real changes made)
(709 real changes made)
(82,714 real changes made)
(82,714 real changes made)
(19,218 real changes made)
(19,218 real changes made)
(99 real changes made)
(99 real changes made)
(476 real changes made)
(476 real changes made)
(30,035 real changes made)
(30,035 real changes made)
(31,469 real changes made)
(31,469 real changes made)
(6,128 real changes made)
(6,128 real changes made)
(45,706 real changes made)
(45,706 real changes made)
(77,560 real changes made)
(77,560 real changes made)
(19,587 real changes made)
(19,587 real changes made)
(83,259 real changes made)
(83,259 real changes made)
(698 real changes made)
(698 real changes made)
(43,802 real changes made)
(43,802 real changes made)
(32,755 real changes made)
(32,755 real changes made)
(file /var/folders/9y/pvp4l29s0737335xr1nwfp_00000gn/T//St82215.00000f not found)
file /var/folders/9y/pvp4l29s0737335xr1nwfp_00000gn/T//St82215.00000f saved as .dta format
(120 observations deleted)
note: label truncated to 80 characters
note: label truncated to 80 characters
note: label truncated to 80 characters
note: label truncated to 80 characters
note: label truncated to 80 characters
note: label truncated to 80 characters
note: label truncated to 80 characters
note: label truncated to 80 characters
note: label truncated to 80 characters
note: label truncated to 80 characters
note: label truncated to 80 characters
note: label truncated to 80 characters
note: label truncated to 80 characters
note: label truncated to 80 characters
note: label truncated to 80 characters
note: label truncated to 80 characters
note: label truncated to 80 characters
note: label truncated to 80 characters
note: label truncated to 80 characters
note: label truncated to 80 characters
note: label truncated to 80 characters
(file /var/folders/9y/pvp4l29s0737335xr1nwfp_00000gn/T//St82215.00000a not found)
file /var/folders/9y/pvp4l29s0737335xr1nwfp_00000gn/T//St82215.00000a saved as .dta format
file /var/folders/9y/pvp4l29s0737335xr1nwfp_00000gn/T//St82215.000005 saved as .dta format

. 
. use `hh_panel', clear

. merge 1:1 folioviv foliohog year using `hh_exp_all'
(variable year was int, now float to accommodate using data's values)

    Result                      Number of obs
    -----------------------------------------
    Not matched                           356
        from master                         0  (_merge==1)
        from using                        356  (_merge==2)

    Matched                           415,124  (_merge==3)
    -----------------------------------------

. drop if _merge == 2
(356 observations deleted)

. drop _merge

. 
. *** Persist the merged panel before the head/class loops overwrite memory.
. tempfile hh_panel_v2

. save `hh_panel_v2'
file /var/folders/9y/pvp4l29s0737335xr1nwfp_00000gn/T//St82215.00000b saved as .dta format

. 
. *************************************************
. **************** HH head from poblacion **********
. *************************************************
. 
. tempfile hh_head_all

. local first_iter = 1

. foreach yr of local YEARS {
  2.     use "../../data/source/enigh/poblacion`yr'.dta", clear
  3.     rename _all, lower
  4.     keep folioviv foliohog numren parentesco sexo edad etnia hablaind ///
>          nivelaprob gradoaprob trabajo_mp
  5.     cap destring parentesco sexo edad nivelaprob gradoaprob, replace
  6.     keep if parentesco == 101
  7.     duplicates drop folioviv foliohog, force
  8.     gen byte head_age      = edad
  9.     gen byte head_sex      = (sexo == 1)
 10.     gen byte head_etnia    = (etnia == "1")
 11.     gen byte head_indspeaker = (hablaind == "1")
 12.     gen byte head_employed = (trabajo_mp == "1")
 13.     build_years_of_study
 14.     rename years_of_study head_educ
 15.     keep folioviv foliohog head_age head_sex head_etnia head_indspeaker ///
>          head_employed head_educ
 16.     gen year = `yr'
 17.     if `first_iter' {
 18.         save `hh_head_all', replace
 19.         local first_iter = 0
 20.     }
 21.     else {
 22.         append using `hh_head_all', force
 23.         save `hh_head_all', replace
 24.     }
 25. }
  (all newnames==oldnames)
(187,494 observations deleted)

Duplicates in terms of folioviv foliohog

(0 observations are duplicates)
(70,311 missing values generated)
(5,453 real changes made)
(24,572 real changes made)
(19,019 real changes made)
(8,961 real changes made)
(11,114 real changes made)
(963 real changes made)
(229 real changes made)
(file /var/folders/9y/pvp4l29s0737335xr1nwfp_00000gn/T//St82215.00000c not found)
file /var/folders/9y/pvp4l29s0737335xr1nwfp_00000gn/T//St82215.00000c saved as .dta format
  (all newnames==oldnames)
(194,559 observations deleted)

Duplicates in terms of folioviv foliohog

(0 observations are duplicates)
(74,647 missing values generated)
(5,554 real changes made)
(25,421 real changes made)
(20,538 real changes made)
(10,016 real changes made)
(11,856 real changes made)
(1,036 real changes made)
(226 real changes made)
file /var/folders/9y/pvp4l29s0737335xr1nwfp_00000gn/T//St82215.00000c saved as .dta format
  (all newnames==oldnames)
(226,737 observations deleted)

Duplicates in terms of folioviv foliohog

(0 observations are duplicates)
(89,006 missing values generated)
(6,180 real changes made)
(29,383 real changes made)
(24,410 real changes made)
(12,557 real changes made)
(14,790 real changes made)
(1,367 real changes made)
(319 real changes made)
file /var/folders/9y/pvp4l29s0737335xr1nwfp_00000gn/T//St82215.00000c saved as .dta format
  (all newnames==oldnames)
(219,582 observations deleted)

Duplicates in terms of folioviv foliohog

(0 observations are duplicates)
(90,102 missing values generated)
(5,527 real changes made)
(27,974 real changes made)
(25,020 real changes made)
(13,687 real changes made)
(16,131 real changes made)
(1,425 real changes made)
(338 real changes made)
file /var/folders/9y/pvp4l29s0737335xr1nwfp_00000gn/T//St82215.00000c saved as .dta format
  (all newnames==oldnames)
(217,184 observations deleted)

Duplicates in terms of folioviv foliohog

(0 observations are duplicates)
(91,414 missing values generated)
(5,443 real changes made)
(27,581 real changes made)
(25,616 real changes made)
(14,618 real changes made)
(16,130 real changes made)
(264 real changes made)
(1,472 real changes made)
file /var/folders/9y/pvp4l29s0737335xr1nwfp_00000gn/T//St82215.00000c saved as .dta format

. 
. use `hh_panel_v2', clear

. merge 1:1 folioviv foliohog year using `hh_head_all'

    Result                      Number of obs
    -----------------------------------------
    Not matched                           356
        from master                         0  (_merge==1)
        from using                        356  (_merge==2)

    Matched                           415,124  (_merge==3)
    -----------------------------------------

. drop if _merge == 2
(356 observations deleted)

. drop _merge

. 
. tempfile hh_panel_v3

. save `hh_panel_v3'
file /var/folders/9y/pvp4l29s0737335xr1nwfp_00000gn/T//St82215.00000d saved as .dta format

. 
. *************************************************
. **************** HH type from hogares ************
. *************************************************
. 
. tempfile hh_class_all

. local first_iter = 1

. foreach yr of local YEARS {
  2.     use "../../data/source/enigh/hogares`yr'.dta", clear
  3.     rename _all, lower
  4.     cap confirm variable clase_hog
  5.     if _rc continue
  6.     keep folioviv foliohog clase_hog
  7.     duplicates drop folioviv foliohog, force
  8.     cap destring clase_hog, replace
  9.     gen year = `yr'
 10.     if `first_iter' {
 11.         save `hh_class_all', replace
 12.         local first_iter = 0
 13.     }
 14.     else {
 15.         append using `hh_class_all', force
 16.         save `hh_class_all', replace
 17.     }
 18. }
  (all newnames==oldnames)
  (all newnames==oldnames)
  (all newnames==oldnames)
  (all newnames==oldnames)
  (all newnames==oldnames)

. 
. use `hh_panel_v3', clear

. capture confirm file `hh_class_all'

. if _rc == 0 {
.     merge 1:1 folioviv foliohog year using `hh_class_all'
.     drop if _merge == 2
.     drop _merge
. }

. 
. *************************************************
. **************** Save output *********************
. *************************************************
. 
. *** Logs on HH-level real income (computed at the very end).
. cap drop lnw

. gen double lnw   = ln(ing_wages)            if ing_wages > 0           & !missing(ing_wages)
(111,045 missing values generated)

. cap drop lnnwi

. gen double lnnwi = ln(ing_non_wage_income)  if ing_non_wage_income > 0 & !missing(ing_non_wage_income)
(279,172 missing values generated)

. cap drop lngt

. gen double lngt  = ln(ing_gov_transfers)    if ing_gov_transfers > 0   & !missing(ing_gov_transfers)
(206,726 missing values generated)

. cap drop lnr

. gen double lnr   = ln(ing_rentas)           if ing_rentas > 0          & !missing(ing_rentas)
(399,813 missing values generated)

. cap drop lnfc

. gen double lnfc  = ln(ing_fin_capital)      if ing_fin_capital > 0     & !missing(ing_fin_capital)
(382,078 missing values generated)

. cap drop lnn

. gen double lnn   = ln(ing_negocio)          if ing_negocio > 0         & !missing(ing_negocio)
(290,167 missing values generated)

. cap drop lnv

. gen double lnv   = ln(ing_ventas)           if ing_ventas > 0          & !missing(ing_ventas)
(394,877 missing values generated)

. cap drop lno

. gen double lno   = ln(ing_other)            if ing_other > 0           & !missing(ing_other)
(269,914 missing values generated)

. cap drop lni

. gen double lni   = ln(ing_lab)              if ing_lab > 0             & !missing(ing_lab)
(103,646 missing values generated)

. cap drop lnmon

. gen double lnmon = ln(ing_mon)              if ing_mon > 0             & !missing(ing_mon)

. 
. order folioviv foliohog year ubica_geo state ent_name ///
>       reg_num reg_name macro_num macro_name ///
>       tam_loc factor upm est_dis zlfn post treat_post ///
>       hh_size n_kids n_adults n_workers n_employed n_informal ///
>       n_indigenous n_hli mean_age mean_educ share_female ///
>       head_age head_sex head_etnia head_indspeaker head_employed head_educ ///
>       ing_wages_nom ing_wages ing_non_wage_income_nom ing_non_wage_income ///
>       ing_gov_transfers_nom ing_gov_transfers ing_rentas_nom ing_rentas ///
>       ing_fin_capital_nom ing_fin_capital ing_negocio_nom ing_negocio ///
>       ing_ventas_nom ing_ventas ing_other_nom ing_other ///
>       ing_lab_nom ing_lab ing_mon_nom ing_mon ///
>       gas_total_nom gas_total_real gas_total_nm_nom gas_total_nm_real ///
>       gas_food_nom gas_food_real gas_durables_nom gas_durables_real ///
>       gas_services_nom gas_services_real gas_housing_nom gas_housing_real ///
>       gas_health_nom gas_health_real gas_transport_nom gas_transport_real ///
>       lnw lnnwi lngt lnr lnfc lnn lnv lno lni lnmon

. 
. *** Apply value labels to every categorical column.
. apply_all_labels

. 
. sort folioviv foliohog year

. compress
  variable year was float now int
  variable hh_size was float now byte
  variable head_educ was float now byte
  variable n_kids was double now byte
  variable n_adults was double now byte
  variable n_workers was double now byte
  variable n_employed was double now byte
  variable n_informal was double now byte
  variable n_indigenous was double now byte
  variable n_hli was double now byte
  variable gasto_triQ0 was double now byte
  (26,567,936 bytes saved)

. save "../../data/clean/enigh/enigh-hhlevel-year.dta", replace
(file ../../data/clean/enigh/enigh-hhlevel-year.dta not found)
file ../../data/clean/enigh/enigh-hhlevel-year.dta saved

. 
. display _n "Saved enigh-hhlevel-year.dta with " _N " HH-year obs and " c(k) " variables."

Saved enigh-hhlevel-year.dta with 415124 HH-year obs and 253 variables.

. 
. cap log close

. 
end of do-file
