-------------------------------------------------------------------------------
      name:  <unnamed>
       log:  /Users/victorortega/Library/CloudStorage/Dropbox/CarrascoOrtega-mi
> nwage/code/estimate/log/did-hhlevel-exp-month.log
  log type:  text
 opened on:  10 May 2026, 10:23:51

. 
. include _helpers.do

. *************************************************
. **************** Helpers (estimate) *************
. *************************************************
. 
. *** REPLICATION FILE: code/estimate/_helpers.do
. *** STATA VERSION:    StataNow 19.5
. *** AUTHORS:          Matías Carrasco, Victor Ortega Le Hénanff
. *** DATE:             2026-05-07
. 
. *** Defines reusable Stata programs used across the DiD .do files in
. *** code/estimate/.
. ***
. ***   savecoeffs namelist, cvar(<varname>) interaction_pattern(<token>) saved
> ir(<path>)
. ***       — extracts every coefficient that contains <token> from each stored
. ***         estimate, saves to <savedir>/coefficients_<cvar>.{dta,csv}.
. ***
. ***   yearcoefs, EQname(<stored_est>)
. ***       — after `eststo <eqname>` of an `i.zlfn##ib2018.year` event-study
. ***         regression, builds matrices `__year_b` (1×5) and `__year_se` (1×5
> )
. ***         with positions [2016, 2018=0, 2020, 2022, 2024] in column order.
. ***         Coefplot can then plot the 2018 baseline as zero with no CI band.
. ***         Use as: coefplot matrix(__year_b), se(__year_se) ...
. ***
. *** Adapted from a Brazil-minwage `program.do` (savecoeffs + exporttable).
. *** The original `exporttable` is intentionally NOT ported here: esttab's
. *** native option strings (mtitle, refcat, coeflabel) do not pass cleanly
. *** through a Stata wrapper without losing the embedded quoting that
. *** controls per-column titles. The DiD scripts call esttab directly to
. *** preserve readable, debuggable formatting.
. 
. *************************************************
. **************** savecoeffs *********************
. *************************************************
. 
. *************************************************
. **************** yearcoefs **********************
. *************************************************
. 
. cap prog drop yearcoefs

. program define yearcoefs
  1.     syntax, EQname(string)
  2.     qui estimates restore `eqname'
  3.     cap matrix drop __year_b
  4.     cap matrix drop __year_se
  5.     matrix __year_b  = J(1, 5, 0)
  6.     matrix __year_se = J(1, 5, 0)
  7.     matrix __year_b[1, 1]  = _b[1.zlfn#2016.year]
  8.     matrix __year_b[1, 3]  = _b[1.zlfn#2020.year]
  9.     matrix __year_b[1, 4]  = _b[1.zlfn#2022.year]
 10.     matrix __year_b[1, 5]  = _b[1.zlfn#2024.year]
 11.     matrix __year_se[1, 1] = _se[1.zlfn#2016.year]
 12.     matrix __year_se[1, 3] = _se[1.zlfn#2020.year]
 13.     matrix __year_se[1, 4] = _se[1.zlfn#2022.year]
 14.     matrix __year_se[1, 5] = _se[1.zlfn#2024.year]
 15.     matrix colnames __year_b  = c2016 c2018 c2020 c2022 c2024
 16.     matrix colnames __year_se = c2016 c2018 c2020 c2022 c2024
 17. end

. 
. *************************************************
. **************** savecoeffs *********************
. *************************************************
. 
. cap prog drop savecoeffs

. program define savecoeffs
  1.     syntax namelist, CVARname(string) INTERACTION_pattern(string) SAVEdir(
> string)
  2. 
.     *** Get coefficient names from the first stored estimate.
.     local first : word 1 of `namelist'
  3.     qui estimates restore `first'
  4.     local allcoefs : colnames e(b)
  5. 
.     *** Filter to those containing both the heterogeneity variable name and
.     *** the interaction-pattern token (e.g. "1.zlfn#1.post").
.     local intcoefs
  6.     foreach c of local allcoefs {
  7.         if strpos("`c'", "`interaction_pattern'") > 0 & strpos("`c'", "`cv
> arname'") > 0 {
  8.             local intcoefs `intcoefs' `c'
  9.         }
 10.     }
 11. 
.     local ncoefs : word count `intcoefs'
 12.     if `ncoefs' == 0 {
 13.         di as error "savecoeffs: no interaction coefficients found for `cv
> arname' / `interaction_pattern'"
 14.         exit 198
 15.     }
 16. 
.     *** Capture value labels BEFORE preserve (preserve restores data state bu
> t
.     *** value-label associations are lost across clear).
.     forval i = 1/`ncoefs' {
 17.         local thiscoef : word `i' of `intcoefs'
 18.         local rc = regexm("`thiscoef'", "^([0-9]+)[bo]?\.")
 19.         local numpart = regexs(1)
 20.         local lbl`i' : label (`cvarname') `numpart'
 21.         local id`i' = `numpart'
 22.     }
 23. 
.     preserve
 24.     clear
 25.     qui set obs `ncoefs'
 26.     gen str80 coefname           = ""
 27.     gen int   `cvarname'_id      = .
 28.     gen str80 `cvarname'_label   = ""
 29. 
.     forval i = 1/`ncoefs' {
 30.         local thiscoef : word `i' of `intcoefs'
 31.         qui replace coefname           = "`thiscoef'" in `i'
 32.         qui replace `cvarname'_id      = `id`i''      in `i'
 33.         qui replace `cvarname'_label   = "`lbl`i''"   in `i'
 34.     }
 35. 
.     foreach estnm of local namelist {
 36.         qui estimates restore `estnm'
 37.         tempname bvec vvec
 38.         matrix `bvec' = e(b)
 39.         matrix `vvec' = vecdiag(e(V))
 40. 
.         gen double b_`estnm'  = .
 41.         gen double se_`estnm' = .
 42.         gen double N_`estnm'  = e(N)
 43. 
.         forval i = 1/`ncoefs' {
 44.             local thiscoef : word `i' of `intcoefs'
 45.             local colidx = colnumb(`bvec', "`thiscoef'")
 46.             if `colidx' != . {
 47.                 qui replace b_`estnm'  = `bvec'[1, `colidx']        in `i'
 48.                 qui replace se_`estnm' = sqrt(`vvec'[1, `colidx']) in `i'
 49.             }
 50.         }
 51.     }
 52. 
.     order `cvarname'_id `cvarname'_label
 53.     drop coefname
 54.     sort `cvarname'_id
 55. 
.     cap mkdir "`savedir'"
 56.     qui save             "`savedir'/coefficients_`cvarname'.dta", replace
 57.     qui export delimited "`savedir'/coefficients_`cvarname'.csv", replace
 58.     di as text "savecoeffs: wrote coefficients_`cvarname'.{dta,csv} to `sa
> vedir'"
 59.     restore
 60. end

. 
. do read-hhlevel-exp-month.do

. *************************************************
. *********** Read HH × Month Expenditure *********
. *************************************************
. 
. *** REPLICATION FILE: read-hhlevel-exp-month.do
. *** STATA VERSION:    StataNow 19.5
. *** AUTHORS:          Matías Carrasco, Victor Ortega Le Hénanff
. *** DATE:             2026-05-07
. 
. *** Loads the long expenditure panel (one row per HH × clave × month) from
. *** code/build/enigh-hhlevel-exp-month.do, then collapses across all claves
. *** to total household expenditure per month. Merges in HH composition and
. *** ethnicity proxies from enigh-hhlevel-inc-month for use as covariates and
. *** heterogeneity strata.
. ***
. *** WHY TOTAL (not capítulo-level): The build's clave→capitulo mapping is
. *** wave-specific. Numeric capítulos ("01"…"18") only appear in 2024 data;
. *** alpha codes ("A0", "A1", "A2", "B0") span 2016/2018 only. After
. *** subsetting to a single capítulo, post is constant and the DiD treatment
. *** effect is unidentifiable. Aggregating over capítulos yields a clean
. *** monthly HH-expenditure outcome with full pre/post and treat/control
. *** variation. A capítulo-level breakdown awaits a wave-harmonized
. *** classification in the build script (see code/build/_helpers.do
. *** classify_gasto_clave).
. ***
. *** Output dataset in memory has, per row:
. ***   folioviv foliohog year month time             (key)
. ***   gas_total_real lngas_total_real               (outcomes)
. ***   zlfn post treat_post ubica_geo factor smg     (HH treatment / weights)
. ***   hli_hh indig_hh                                (HH ethnicity indicators
> )
. ***   hh_size n_kids n_adults n_workers              (composition controls)
. ***   mean_age mean_educ share_female
. ***
. *** Sets the global $controls.
. 
. *************************************************
. ****************** Load Data ********************
. *************************************************
. 
. use "../../data/clean/enigh/enigh-hhlevel-exp-month.dta", clear

. 
. *************************************************
. **** Collapse claves -> total HH × month *********
. *************************************************
. 
. *** Sum real and nominal expenditure across ALL claves within (HH, year, mont
> h).
. collapse (sum)     gas_total_real    = gas_real        ///
>                    gas_total_nm_real = gas_nm_real     ///
>                    gas_total_nom     = gas_nom         ///
>                    gas_total_nm_nom  = gas_nm_nom      ///
>          (firstnm) zlfn post treat_post ubica_geo factor smg upm est_dis ///
>                    state ent_name reg_num reg_name macro_num macro_name time,
>  ///
>          by(folioviv foliohog year month)

. 
. label variable gas_total_real    "Total real HH expenditure (Aug-2024 pesos)"

. label variable gas_total_nm_real "Total real non-monetary HH expenditure"

. 
. *** Logged outcome (log+1 to handle zero-spending months in unusual cells).
. gen double lngas_total_real = ln(gas_total_real + 1)

. label variable lngas_total_real "log(total real HH expenditure + 1)"

. 
. *************************************************
. **** Merge HH composition + ethnicity ************
. *************************************************
. 
. merge 1:1 folioviv foliohog year month using ///
>     "../../data/clean/enigh/enigh-hhlevel-inc-month.dta", ///
>     keepusing(hh_size n_kids n_adults n_workers n_employed n_informal ///
>               n_indigenous n_hli mean_age mean_educ share_female) ///
>     keep(match) nogen
(label post_lbl already defined)
(label zlfn_lbl already defined)
(label yesno_lbl already defined)

    Result                      Number of obs
    -----------------------------------------
    Not matched                             0
    Matched                           730,252  
    -----------------------------------------

. 
. cap drop hli_hh

. cap drop indig_hh

. gen byte hli_hh   = (n_hli         > 0) if !missing(n_hli)

. gen byte indig_hh = (n_indigenous  > 0) if !missing(n_indigenous)

. label variable hli_hh   "Household has at least one HLI member"

. label variable indig_hh "Household has at least one self-identified indigenou
> s member"

. 
. *************************************************
. ***************** Controls **********************
. *************************************************
. 
. global controls hh_size n_kids n_adults n_workers mean_age mean_educ share_fe
> male

. 
end of do-file

. 
. local TABDIR ../../paper/tables/

. 
. *************************************************
. **** DiD: log total HH expenditure ****************
. *************************************************
. 
. estimates clear

. 
. reghdfe lngas_total_real i.zlfn##i.post $controls, absorb(ubica_geo year) vce
> (cluster ubica_geo)
(MWFE estimator converged in 6 iterations)
note: 1bn.zlfn is probably collinear with the fixed effects (all partialled-out
>  values are close to zero; tol = 1.0e-09)
note: 1bn.post is probably collinear with the fixed effects (all partialled-out
>  values are close to zero; tol = 1.0e-09)
note: n_adults omitted because of collinearity

HDFE Linear regression                            Number of obs   =    730,023
Absorbing 2 HDFE groups                           F(   7,   1765) =    4401.50
Statistics robust to heteroskedasticity           Prob > F        =     0.0000
                                                  R-squared       =     0.3992
                                                  Adj R-squared   =     0.3978
                                                  Within R-sq.    =     0.2942
Number of clusters (ubica_geo) =      1,766       Root MSE        =     0.7591

                          (Std. err. adjusted for 1,766 clusters in ubica_geo)
------------------------------------------------------------------------------
             |               Robust
lngas_tota~l | Coefficient  std. err.      t    P>|t|     [95% conf. interval]
-------------+----------------------------------------------------------------
      1.zlfn |          0  (omitted)
      1.post |          0  (omitted)
             |
   zlfn#post |
        1 1  |  -.0248227   .0114479    -2.17   0.030    -.0472755   -.0023699
             |
     hh_size |   .1735014   .0026593    65.24   0.000     .1682856    .1787173
      n_kids |  -.0788771   .0062114   -12.70   0.000    -.0910596   -.0666946
    n_adults |          0  (omitted)
   n_workers |   .0675314   .0028459    23.73   0.000     .0619498     .073113
    mean_age |  -.0011937    .000191    -6.25   0.000    -.0015684   -.0008191
   mean_educ |   .1033092   .0009555   108.12   0.000     .1014352    .1051833
share_female |  -.1363937   .0062242   -21.91   0.000    -.1486013   -.1241862
       _cons |   7.197906   .0157401   457.30   0.000     7.167035    7.228777
------------------------------------------------------------------------------

Absorbed degrees of freedom:
-----------------------------------------------------+
 Absorbed FE | Categories  - Redundant  = Num. Coefs |
-------------+---------------------------------------|
   ubica_geo |      1766        1766           0    *|
        year |         5           1           4     |
-----------------------------------------------------+
* = FE nested within cluster; treated as redundant for DoF computation

.     eststo e1

.     estadd local controls    "Y"

added macro:
           e(controls) : "Y"

.     estadd local hastimefe   "Y"

added macro:
          e(hastimefe) : "Y"

.     estadd local hasmunicfe  "Y"

added macro:
         e(hasmunicfe) : "Y"

. 
. reghdfe lngas_total_real i.zlfn##i.post $controls if hli_hh == 0, absorb(ubic
> a_geo year) vce(cluster ubica_geo)
(dropped 15 singleton observations)
(MWFE estimator converged in 6 iterations)
note: 1bn.zlfn is probably collinear with the fixed effects (all partialled-out
>  values are close to zero; tol = 1.0e-09)
note: 1bn.post is probably collinear with the fixed effects (all partialled-out
>  values are close to zero; tol = 1.0e-09)
note: n_adults omitted because of collinearity

HDFE Linear regression                            Number of obs   =    662,229
Absorbing 2 HDFE groups                           F(   7,   1658) =    3869.42
Statistics robust to heteroskedasticity           Prob > F        =     0.0000
                                                  R-squared       =     0.3757
                                                  Adj R-squared   =     0.3741
                                                  Within R-sq.    =     0.2937
Number of clusters (ubica_geo) =      1,659       Root MSE        =     0.7546

                          (Std. err. adjusted for 1,659 clusters in ubica_geo)
------------------------------------------------------------------------------
             |               Robust
lngas_tota~l | Coefficient  std. err.      t    P>|t|     [95% conf. interval]
-------------+----------------------------------------------------------------
      1.zlfn |          0  (omitted)
      1.post |          0  (omitted)
             |
   zlfn#post |
        1 1  |  -.0192502   .0111639    -1.72   0.085    -.0411469    .0026466
             |
     hh_size |   .1748559   .0028122    62.18   0.000     .1693401    .1803718
      n_kids |  -.0757242   .0066772   -11.34   0.000    -.0888209   -.0626275
    n_adults |          0  (omitted)
   n_workers |   .0677705   .0030067    22.54   0.000     .0618732    .0736678
    mean_age |  -.0012617   .0001959    -6.44   0.000     -.001646   -.0008774
   mean_educ |   .1028812   .0009707   105.99   0.000     .1009774     .104785
share_female |  -.1428944   .0065449   -21.83   0.000    -.1557316   -.1300573
       _cons |   7.242546   .0159822   453.16   0.000     7.211198    7.273894
------------------------------------------------------------------------------

Absorbed degrees of freedom:
-----------------------------------------------------+
 Absorbed FE | Categories  - Redundant  = Num. Coefs |
-------------+---------------------------------------|
   ubica_geo |      1659        1659           0    *|
        year |         5           1           4     |
-----------------------------------------------------+
* = FE nested within cluster; treated as redundant for DoF computation

.     eststo e2

.     estadd local controls    "Y"

added macro:
           e(controls) : "Y"

.     estadd local hastimefe   "Y"

added macro:
          e(hastimefe) : "Y"

.     estadd local hasmunicfe  "Y"

added macro:
         e(hasmunicfe) : "Y"

. 
. reghdfe lngas_total_real i.zlfn##i.post $controls if indig_hh == 0, absorb(ub
> ica_geo year) vce(cluster ubica_geo)
(dropped 21 singleton observations)
(MWFE estimator converged in 6 iterations)
note: 1bn.zlfn is probably collinear with the fixed effects (all partialled-out
>  values are close to zero; tol = 1.0e-09)
note: 1bn.post is probably collinear with the fixed effects (all partialled-out
>  values are close to zero; tol = 1.0e-09)
note: n_adults omitted because of collinearity

HDFE Linear regression                            Number of obs   =    500,899
Absorbing 2 HDFE groups                           F(   7,   1634) =    3378.23
Statistics robust to heteroskedasticity           Prob > F        =     0.0000
                                                  R-squared       =     0.3797
                                                  Adj R-squared   =     0.3777
                                                  Within R-sq.    =     0.3009
Number of clusters (ubica_geo) =      1,635       Root MSE        =     0.7500

                          (Std. err. adjusted for 1,635 clusters in ubica_geo)
------------------------------------------------------------------------------
             |               Robust
lngas_tota~l | Coefficient  std. err.      t    P>|t|     [95% conf. interval]
-------------+----------------------------------------------------------------
      1.zlfn |          0  (omitted)
      1.post |          0  (omitted)
             |
   zlfn#post |
        1 1  |  -.0223019   .0120938    -1.84   0.065    -.0460229    .0014191
             |
     hh_size |   .1709025   .0028433    60.11   0.000     .1653256    .1764794
      n_kids |  -.0702027   .0082533    -8.51   0.000    -.0863908   -.0540146
    n_adults |          0  (omitted)
   n_workers |   .0727613   .0033901    21.46   0.000     .0661119    .0794107
    mean_age |  -.0012123   .0002045    -5.93   0.000    -.0016134   -.0008112
   mean_educ |   .1044162   .0010081   103.57   0.000     .1024389    .1063936
share_female |  -.1495204    .007014   -21.32   0.000    -.1632779    -.135763
       _cons |   7.266437   .0159382   455.91   0.000     7.235176    7.297699
------------------------------------------------------------------------------

Absorbed degrees of freedom:
-----------------------------------------------------+
 Absorbed FE | Categories  - Redundant  = Num. Coefs |
-------------+---------------------------------------|
   ubica_geo |      1635        1635           0    *|
        year |         5           1           4     |
-----------------------------------------------------+
* = FE nested within cluster; treated as redundant for DoF computation

.     eststo e3

.     estadd local controls    "Y"

added macro:
           e(controls) : "Y"

.     estadd local hastimefe   "Y"

added macro:
          e(hastimefe) : "Y"

.     estadd local hasmunicfe  "Y"

added macro:
         e(hasmunicfe) : "Y"

. 
. reghdfe lngas_total_real i.zlfn##i.post $controls if hli_hh == 1, absorb(ubic
> a_geo year) vce(cluster ubica_geo)
(dropped 93 singleton observations)
(MWFE estimator converged in 6 iterations)
note: 1bn.zlfn is probably collinear with the fixed effects (all partialled-out
>  values are close to zero; tol = 1.0e-09)
note: 1bn.post is probably collinear with the fixed effects (all partialled-out
>  values are close to zero; tol = 1.0e-09)
note: n_adults omitted because of collinearity

HDFE Linear regression                            Number of obs   =     67,686
Absorbing 2 HDFE groups                           F(   7,   1107) =     927.66
Statistics robust to heteroskedasticity           Prob > F        =     0.0000
                                                  R-squared       =     0.4364
                                                  Adj R-squared   =     0.4270
                                                  Within R-sq.    =     0.2752
Number of clusters (ubica_geo) =      1,108       Root MSE        =     0.7789

                          (Std. err. adjusted for 1,108 clusters in ubica_geo)
------------------------------------------------------------------------------
             |               Robust
lngas_tota~l | Coefficient  std. err.      t    P>|t|     [95% conf. interval]
-------------+----------------------------------------------------------------
      1.zlfn |          0  (omitted)
      1.post |          0  (omitted)
             |
   zlfn#post |
        1 1  |  -.1021907   .0453976    -2.25   0.025    -.1912657   -.0131157
             |
     hh_size |   .1773047   .0070059    25.31   0.000     .1635583    .1910512
      n_kids |  -.1006644   .0169305    -5.95   0.000     -.133884   -.0674448
    n_adults |          0  (omitted)
   n_workers |   .0707072    .006987    10.12   0.000     .0569981    .0844164
    mean_age |  -.0019573   .0005396    -3.63   0.000    -.0030162   -.0008985
   mean_educ |   .0924874   .0024122    38.34   0.000     .0877543    .0972204
share_female |  -.0732829   .0192923    -3.80   0.000    -.1111364   -.0354294
       _cons |   6.887765   .0415354   165.83   0.000     6.806268    6.969262
------------------------------------------------------------------------------

Absorbed degrees of freedom:
-----------------------------------------------------+
 Absorbed FE | Categories  - Redundant  = Num. Coefs |
-------------+---------------------------------------|
   ubica_geo |      1108        1108           0    *|
        year |         5           1           4     |
-----------------------------------------------------+
* = FE nested within cluster; treated as redundant for DoF computation

.     eststo e4

.     estadd local controls    "Y"

added macro:
           e(controls) : "Y"

.     estadd local hastimefe   "Y"

added macro:
          e(hastimefe) : "Y"

.     estadd local hasmunicfe  "Y"

added macro:
         e(hasmunicfe) : "Y"

. 
. reghdfe lngas_total_real i.zlfn##i.post $controls if indig_hh == 1, absorb(ub
> ica_geo year) vce(cluster ubica_geo)
(dropped 14 singleton observations)
(MWFE estimator converged in 6 iterations)
note: 1bn.zlfn is probably collinear with the fixed effects (all partialled-out
>  values are close to zero; tol = 1.0e-09)
note: 1bn.post is probably collinear with the fixed effects (all partialled-out
>  values are close to zero; tol = 1.0e-09)
note: n_adults omitted because of collinearity

HDFE Linear regression                            Number of obs   =    229,089
Absorbing 2 HDFE groups                           F(   7,   1723) =    2329.73
Statistics robust to heteroskedasticity           Prob > F        =     0.0000
                                                  R-squared       =     0.3986
                                                  Adj R-squared   =     0.3940
                                                  Within R-sq.    =     0.2717
Number of clusters (ubica_geo) =      1,724       Root MSE        =     0.7698

                          (Std. err. adjusted for 1,724 clusters in ubica_geo)
------------------------------------------------------------------------------
             |               Robust
lngas_tota~l | Coefficient  std. err.      t    P>|t|     [95% conf. interval]
-------------+----------------------------------------------------------------
      1.zlfn |          0  (omitted)
      1.post |          0  (omitted)
             |
   zlfn#post |
        1 1  |   .0025701   .0236266     0.11   0.913    -.0437698      .04891
             |
     hh_size |   .1807811   .0041289    43.78   0.000     .1726828    .1888793
      n_kids |  -.0938903   .0093948    -9.99   0.000    -.1123167   -.0754639
    n_adults |          0  (omitted)
   n_workers |   .0575789    .004084    14.10   0.000     .0495688     .065589
    mean_age |  -.0015795   .0002898    -5.45   0.000    -.0021479   -.0010111
   mean_educ |   .0967214   .0014008    69.05   0.000      .093974    .0994689
share_female |  -.1039828   .0095649   -10.87   0.000    -.1227428   -.0852227
       _cons |   7.089015   .0246932   287.08   0.000     7.040583    7.137447
------------------------------------------------------------------------------

Absorbed degrees of freedom:
-----------------------------------------------------+
 Absorbed FE | Categories  - Redundant  = Num. Coefs |
-------------+---------------------------------------|
   ubica_geo |      1724        1724           0    *|
        year |         5           1           4     |
-----------------------------------------------------+
* = FE nested within cluster; treated as redundant for DoF computation

.     eststo e5

.     estadd local controls    "Y"

added macro:
           e(controls) : "Y"

.     estadd local hastimefe   "Y"

added macro:
          e(hastimefe) : "Y"

.     estadd local hasmunicfe  "Y"

added macro:
         e(hasmunicfe) : "Y"

. 
. esttab e1 e2 e3 e4 e5 using "`TABDIR'did-exp-hhlevel-month.tex", replace labe
> l fragment ///
>     nolines posthead(\cmidrule{2-6}) prefoot(\midrule)                       
>            ///
>     postfoot(\bottomrule \bottomrule) booktabs                               
>            ///
>     nonumbers mtitle("(1)" "(2)" "(3)" "(4)" "(5)") collabels(none)          
>            ///
>     cells(b(star fmt(%9.3f)) se(par fmt(%9.3f)))                             
>            ///
>     starlevels(* 0.10 ** 0.05 *** 0.01)                                      
>            ///
>     refcat(1.zlfn#1.post "ZLFN $\times$", nolabel)                           
>            ///
>     keep(1.zlfn#1.post)                                                      
>            ///
>     coeflabel(1.zlfn#1.post "{2016--2024}")                                  
>            ///
>     stats(N controls hastimefe hasmunicfe,                                   
>            ///
>         fmt(%11.0gc) label("Observations" "Controls" "Time FE" "Municipal FE"
> )) onecell
(file ../../paper/tables/did-exp-hhlevel-month.tex not found)
(output written to ../../paper/tables/did-exp-hhlevel-month.tex)

. 
. cap log close
