-------------------------------------------------------------------------------
      name:  <unnamed>
       log:  /Users/victorortega/Library/CloudStorage/Dropbox/CarrascoOrtega-mi
> nwage/code/estimate/log/did-hhlevel-inc-month.log
  log type:  text
 opened on:  10 May 2026, 10:23:03

. 
. include _helpers.do

. *************************************************
. **************** Helpers (estimate) *************
. *************************************************
. 
. *** REPLICATION FILE: code/estimate/_helpers.do
. *** STATA VERSION:    StataNow 19.5
. *** AUTHORS:          Matías Carrasco, Victor Ortega Le Hénanff
. *** DATE:             2026-05-07
. 
. *** Defines reusable Stata programs used across the DiD .do files in
. *** code/estimate/.
. ***
. ***   savecoeffs namelist, cvar(<varname>) interaction_pattern(<token>) saved
> ir(<path>)
. ***       — extracts every coefficient that contains <token> from each stored
. ***         estimate, saves to <savedir>/coefficients_<cvar>.{dta,csv}.
. ***
. ***   yearcoefs, EQname(<stored_est>)
. ***       — after `eststo <eqname>` of an `i.zlfn##ib2018.year` event-study
. ***         regression, builds matrices `__year_b` (1×5) and `__year_se` (1×5
> )
. ***         with positions [2016, 2018=0, 2020, 2022, 2024] in column order.
. ***         Coefplot can then plot the 2018 baseline as zero with no CI band.
. ***         Use as: coefplot matrix(__year_b), se(__year_se) ...
. ***
. *** Adapted from a Brazil-minwage `program.do` (savecoeffs + exporttable).
. *** The original `exporttable` is intentionally NOT ported here: esttab's
. *** native option strings (mtitle, refcat, coeflabel) do not pass cleanly
. *** through a Stata wrapper without losing the embedded quoting that
. *** controls per-column titles. The DiD scripts call esttab directly to
. *** preserve readable, debuggable formatting.
. 
. *************************************************
. **************** savecoeffs *********************
. *************************************************
. 
. *************************************************
. **************** yearcoefs **********************
. *************************************************
. 
. cap prog drop yearcoefs

. program define yearcoefs
  1.     syntax, EQname(string)
  2.     qui estimates restore `eqname'
  3.     cap matrix drop __year_b
  4.     cap matrix drop __year_se
  5.     matrix __year_b  = J(1, 5, 0)
  6.     matrix __year_se = J(1, 5, 0)
  7.     matrix __year_b[1, 1]  = _b[1.zlfn#2016.year]
  8.     matrix __year_b[1, 3]  = _b[1.zlfn#2020.year]
  9.     matrix __year_b[1, 4]  = _b[1.zlfn#2022.year]
 10.     matrix __year_b[1, 5]  = _b[1.zlfn#2024.year]
 11.     matrix __year_se[1, 1] = _se[1.zlfn#2016.year]
 12.     matrix __year_se[1, 3] = _se[1.zlfn#2020.year]
 13.     matrix __year_se[1, 4] = _se[1.zlfn#2022.year]
 14.     matrix __year_se[1, 5] = _se[1.zlfn#2024.year]
 15.     matrix colnames __year_b  = c2016 c2018 c2020 c2022 c2024
 16.     matrix colnames __year_se = c2016 c2018 c2020 c2022 c2024
 17. end

. 
. *************************************************
. **************** savecoeffs *********************
. *************************************************
. 
. cap prog drop savecoeffs

. program define savecoeffs
  1.     syntax namelist, CVARname(string) INTERACTION_pattern(string) SAVEdir(
> string)
  2. 
.     *** Get coefficient names from the first stored estimate.
.     local first : word 1 of `namelist'
  3.     qui estimates restore `first'
  4.     local allcoefs : colnames e(b)
  5. 
.     *** Filter to those containing both the heterogeneity variable name and
.     *** the interaction-pattern token (e.g. "1.zlfn#1.post").
.     local intcoefs
  6.     foreach c of local allcoefs {
  7.         if strpos("`c'", "`interaction_pattern'") > 0 & strpos("`c'", "`cv
> arname'") > 0 {
  8.             local intcoefs `intcoefs' `c'
  9.         }
 10.     }
 11. 
.     local ncoefs : word count `intcoefs'
 12.     if `ncoefs' == 0 {
 13.         di as error "savecoeffs: no interaction coefficients found for `cv
> arname' / `interaction_pattern'"
 14.         exit 198
 15.     }
 16. 
.     *** Capture value labels BEFORE preserve (preserve restores data state bu
> t
.     *** value-label associations are lost across clear).
.     forval i = 1/`ncoefs' {
 17.         local thiscoef : word `i' of `intcoefs'
 18.         local rc = regexm("`thiscoef'", "^([0-9]+)[bo]?\.")
 19.         local numpart = regexs(1)
 20.         local lbl`i' : label (`cvarname') `numpart'
 21.         local id`i' = `numpart'
 22.     }
 23. 
.     preserve
 24.     clear
 25.     qui set obs `ncoefs'
 26.     gen str80 coefname           = ""
 27.     gen int   `cvarname'_id      = .
 28.     gen str80 `cvarname'_label   = ""
 29. 
.     forval i = 1/`ncoefs' {
 30.         local thiscoef : word `i' of `intcoefs'
 31.         qui replace coefname           = "`thiscoef'" in `i'
 32.         qui replace `cvarname'_id      = `id`i''      in `i'
 33.         qui replace `cvarname'_label   = "`lbl`i''"   in `i'
 34.     }
 35. 
.     foreach estnm of local namelist {
 36.         qui estimates restore `estnm'
 37.         tempname bvec vvec
 38.         matrix `bvec' = e(b)
 39.         matrix `vvec' = vecdiag(e(V))
 40. 
.         gen double b_`estnm'  = .
 41.         gen double se_`estnm' = .
 42.         gen double N_`estnm'  = e(N)
 43. 
.         forval i = 1/`ncoefs' {
 44.             local thiscoef : word `i' of `intcoefs'
 45.             local colidx = colnumb(`bvec', "`thiscoef'")
 46.             if `colidx' != . {
 47.                 qui replace b_`estnm'  = `bvec'[1, `colidx']        in `i'
 48.                 qui replace se_`estnm' = sqrt(`vvec'[1, `colidx']) in `i'
 49.             }
 50.         }
 51.     }
 52. 
.     order `cvarname'_id `cvarname'_label
 53.     drop coefname
 54.     sort `cvarname'_id
 55. 
.     cap mkdir "`savedir'"
 56.     qui save             "`savedir'/coefficients_`cvarname'.dta", replace
 57.     qui export delimited "`savedir'/coefficients_`cvarname'.csv", replace
 58.     di as text "savecoeffs: wrote coefficients_`cvarname'.{dta,csv} to `sa
> vedir'"
 59.     restore
 60. end

. 
. do read-hhlevel-inc-month.do

. *************************************************
. ************ Read HH-level Income (Month) *******
. *************************************************
. 
. *** REPLICATION FILE: read-hhlevel-inc-month.do
. *** STATA VERSION:    StataNow 19.5
. *** AUTHORS:          Matías Carrasco, Victor Ortega Le Hénanff
. *** DATE:             2026-05-06
. 
. *** Loads the HH × month ENIGH income panel from
. *** code/build/enigh-hhlevel-inc-month.do.
. ***
. *** Canonical names produced by the build:
. ***   - HH treatment: zlfn, post, treat_post
. ***   - HH outcomes:  lnw, lni, ing_*, ing_*_nom, lnnwi, lngt, lnr, lnfc,
. ***                   lnn, lnv, lno, lnmon
. ***   - HH composition: hh_size, n_kids, n_adults, n_workers, n_indigenous,
. ***                     n_hli, n_employed, n_informal, mean_age, mean_educ,
. ***                     share_female
. ***   - Geo / weights: ubica_geo, state, factor, upm, est_dis, smg
. ***   - Time: year, month, time (calendar)
. ***
. *** No head_* vars at HH × month — ethnicity is approximated by
. *** "any HLI member in HH" and "any indig member in HH".
. 
. *************************************************
. ****************** Load Data ********************
. *************************************************
. 
. use "../../data/clean/enigh/enigh-hhlevel-inc-month.dta", clear

. 
. *************************************************
. **** HH-level ethnicity indicators ***************
. *************************************************
. 
. cap drop hli_hh

. cap drop indig_hh

. gen byte hli_hh   = (n_hli         > 0) if !missing(n_hli)

. gen byte indig_hh = (n_indigenous  > 0) if !missing(n_indigenous)

. label variable hli_hh   "Household has at least one HLI member"

. label variable indig_hh "Household has at least one self-identified indigenou
> s member"

. 
. *************************************************
. ***************** Controls **********************
. *************************************************
. 
. global controls hh_size n_kids n_adults n_workers mean_age mean_educ share_fe
> male

. 
end of do-file

. 
. local TABDIR ../../paper/tables/

. 
. *************************************************
. **** Topic A: HH log wages by HH ethnicity ******
. *************************************************
. 
. estimates clear

. 
. reghdfe lnw i.zlfn##i.post $controls, absorb(ubica_geo year) vce(cluster ubic
> a_geo)
(MWFE estimator converged in 6 iterations)
note: 1bn.zlfn is probably collinear with the fixed effects (all partialled-out
>  values are close to zero; tol = 1.0e-09)
note: 1bn.post is probably collinear with the fixed effects (all partialled-out
>  values are close to zero; tol = 1.0e-09)
note: n_adults omitted because of collinearity

HDFE Linear regression                            Number of obs   =  1,724,850
Absorbing 2 HDFE groups                           F(   7,   1764) =    5591.19
Statistics robust to heteroskedasticity           Prob > F        =     0.0000
                                                  R-squared       =     0.3836
                                                  Adj R-squared   =     0.3830
                                                  Within R-sq.    =     0.2662
Number of clusters (ubica_geo) =      1,765       Root MSE        =     0.6327

                          (Std. err. adjusted for 1,765 clusters in ubica_geo)
------------------------------------------------------------------------------
             |               Robust
         lnw | Coefficient  std. err.      t    P>|t|     [95% conf. interval]
-------------+----------------------------------------------------------------
        zlfn |
       ZLFN  |          0  (omitted)
             |
        post |
Post (>2..)  |          0  (omitted)
             |
   zlfn#post |
       ZLFN #|
Post (>2..)  |   .1057126   .0122745     8.61   0.000     .0816384    .1297867
             |
     hh_size |   .0598388    .002462    24.30   0.000       .05501    .0646676
      n_kids |  -.1397115   .0069206   -20.19   0.000     -.153285    -.126138
    n_adults |          0  (omitted)
   n_workers |   .2068926   .0048122    42.99   0.000     .1974544    .2163307
    mean_age |  -.0001886   .0001976    -0.95   0.340    -.0005762     .000199
   mean_educ |   .0809362   .0009452    85.63   0.000     .0790824    .0827899
share_female |  -.2948204   .0053233   -55.38   0.000    -.3052611   -.2843797
       _cons |   8.107954   .0169293   478.93   0.000      8.07475    8.141157
------------------------------------------------------------------------------

Absorbed degrees of freedom:
-----------------------------------------------------+
 Absorbed FE | Categories  - Redundant  = Num. Coefs |
-------------+---------------------------------------|
   ubica_geo |      1765        1765           0    *|
        year |         5           1           4     |
-----------------------------------------------------+
* = FE nested within cluster; treated as redundant for DoF computation

.     eststo a1

.     estadd local controls    "Y"

added macro:
           e(controls) : "Y"

.     estadd local hastimefe   "Y"

added macro:
          e(hastimefe) : "Y"

.     estadd local hasmunicfe  "Y"

added macro:
         e(hasmunicfe) : "Y"

. 
. reghdfe lnw i.zlfn##i.post $controls if hli_hh == 0, absorb(ubica_geo year) v
> ce(cluster ubica_geo)
(dropped 5 singleton observations)
(MWFE estimator converged in 6 iterations)
note: 1bn.zlfn is probably collinear with the fixed effects (all partialled-out
>  values are close to zero; tol = 1.0e-09)
note: 1bn.post is probably collinear with the fixed effects (all partialled-out
>  values are close to zero; tol = 1.0e-09)
note: n_adults omitted because of collinearity

HDFE Linear regression                            Number of obs   =  1,588,014
Absorbing 2 HDFE groups                           F(   7,   1652) =    5729.36
Statistics robust to heteroskedasticity           Prob > F        =     0.0000
                                                  R-squared       =     0.3741
                                                  Adj R-squared   =     0.3735
                                                  Within R-sq.    =     0.2706
Number of clusters (ubica_geo) =      1,653       Root MSE        =     0.6258

                          (Std. err. adjusted for 1,653 clusters in ubica_geo)
------------------------------------------------------------------------------
             |               Robust
         lnw | Coefficient  std. err.      t    P>|t|     [95% conf. interval]
-------------+----------------------------------------------------------------
        zlfn |
       ZLFN  |          0  (omitted)
             |
        post |
Post (>2..)  |          0  (omitted)
             |
   zlfn#post |
       ZLFN #|
Post (>2..)  |   .1078012    .012409     8.69   0.000     .0834621    .1321402
             |
     hh_size |     .05719    .002421    23.62   0.000     .0524415    .0619386
      n_kids |  -.1283265   .0071972   -17.83   0.000    -.1424431   -.1142099
    n_adults |          0  (omitted)
   n_workers |   .2148525   .0046976    45.74   0.000     .2056386    .2240665
    mean_age |   .0000111    .000204     0.05   0.957     -.000389    .0004112
   mean_educ |   .0812089   .0009212    88.16   0.000     .0794021    .0830157
share_female |  -.2958098   .0054264   -54.51   0.000    -.3064532   -.2851664
       _cons |   8.110075   .0173484   467.48   0.000     8.076048    8.144102
------------------------------------------------------------------------------

Absorbed degrees of freedom:
-----------------------------------------------------+
 Absorbed FE | Categories  - Redundant  = Num. Coefs |
-------------+---------------------------------------|
   ubica_geo |      1653        1653           0    *|
        year |         5           1           4     |
-----------------------------------------------------+
* = FE nested within cluster; treated as redundant for DoF computation

.     eststo a2

.     estadd local controls    "Y"

added macro:
           e(controls) : "Y"

.     estadd local hastimefe   "Y"

added macro:
          e(hastimefe) : "Y"

.     estadd local hasmunicfe  "Y"

added macro:
         e(hasmunicfe) : "Y"

. 
. reghdfe lnw i.zlfn##i.post $controls if indig_hh == 0, absorb(ubica_geo year)
>  vce(cluster ubica_geo)
(dropped 6 singleton observations)
(MWFE estimator converged in 6 iterations)
note: 1bn.zlfn is probably collinear with the fixed effects (all partialled-out
>  values are close to zero; tol = 1.0e-09)
note: 1bn.post is probably collinear with the fixed effects (all partialled-out
>  values are close to zero; tol = 1.0e-09)
note: n_adults omitted because of collinearity

HDFE Linear regression                            Number of obs   =  1,215,840
Absorbing 2 HDFE groups                           F(   7,   1611) =    4509.69
Statistics robust to heteroskedasticity           Prob > F        =     0.0000
                                                  R-squared       =     0.3770
                                                  Adj R-squared   =     0.3762
                                                  Within R-sq.    =     0.2791
Number of clusters (ubica_geo) =      1,612       Root MSE        =     0.6170

                          (Std. err. adjusted for 1,612 clusters in ubica_geo)
------------------------------------------------------------------------------
             |               Robust
         lnw | Coefficient  std. err.      t    P>|t|     [95% conf. interval]
-------------+----------------------------------------------------------------
        zlfn |
       ZLFN  |          0  (omitted)
             |
        post |
Post (>2..)  |          0  (omitted)
             |
   zlfn#post |
       ZLFN #|
Post (>2..)  |   .1080155   .0124876     8.65   0.000     .0835219    .1325091
             |
     hh_size |   .0491859   .0026299    18.70   0.000     .0440276    .0543443
      n_kids |  -.1147563   .0080839   -14.20   0.000    -.1306123   -.0989003
    n_adults |          0  (omitted)
   n_workers |   .2271258   .0048897    46.45   0.000     .2175349    .2367166
    mean_age |    .000351   .0002156     1.63   0.104    -.0000718    .0007738
   mean_educ |   .0820885   .0009425    87.10   0.000     .0802399    .0839371
share_female |  -.2860997   .0056748   -50.42   0.000    -.2972305   -.2749689
       _cons |   8.114611    .018135   447.45   0.000      8.07904    8.150182
------------------------------------------------------------------------------

Absorbed degrees of freedom:
-----------------------------------------------------+
 Absorbed FE | Categories  - Redundant  = Num. Coefs |
-------------+---------------------------------------|
   ubica_geo |      1612        1612           0    *|
        year |         5           1           4     |
-----------------------------------------------------+
* = FE nested within cluster; treated as redundant for DoF computation

.     eststo a3

.     estadd local controls    "Y"

added macro:
           e(controls) : "Y"

.     estadd local hastimefe   "Y"

added macro:
          e(hastimefe) : "Y"

.     estadd local hasmunicfe  "Y"

added macro:
         e(hasmunicfe) : "Y"

. 
. reghdfe lnw i.zlfn##i.post $controls if hli_hh == 1, absorb(ubica_geo year) v
> ce(cluster ubica_geo)
(dropped 6 singleton observations)
(MWFE estimator converged in 6 iterations)
note: 1bn.zlfn is probably collinear with the fixed effects (all partialled-out
>  values are close to zero; tol = 1.0e-09)
note: 1bn.post is probably collinear with the fixed effects (all partialled-out
>  values are close to zero; tol = 1.0e-09)
note: n_adults omitted because of collinearity

HDFE Linear regression                            Number of obs   =    136,825
Absorbing 2 HDFE groups                           F(   7,   1171) =     744.01
Statistics robust to heteroskedasticity           Prob > F        =     0.0000
                                                  R-squared       =     0.4048
                                                  Adj R-squared   =     0.3996
                                                  Within R-sq.    =     0.2180
Number of clusters (ubica_geo) =      1,172       Root MSE        =     0.6886

                          (Std. err. adjusted for 1,172 clusters in ubica_geo)
------------------------------------------------------------------------------
             |               Robust
         lnw | Coefficient  std. err.      t    P>|t|     [95% conf. interval]
-------------+----------------------------------------------------------------
        zlfn |
       ZLFN  |          0  (omitted)
             |
        post |
Post (>2..)  |          0  (omitted)
             |
   zlfn#post |
       ZLFN #|
Post (>2..)  |   .0933399   .0294277     3.17   0.002     .0356029    .1510769
             |
     hh_size |   .0978229   .0080541    12.15   0.000     .0820208    .1136249
      n_kids |  -.2116777   .0178997   -11.83   0.000    -.2467967   -.1765587
    n_adults |          0  (omitted)
   n_workers |   .1335782   .0107607    12.41   0.000     .1124658    .1546906
    mean_age |  -.0019932   .0005456    -3.65   0.000    -.0030637   -.0009228
   mean_educ |    .073553    .002492    29.52   0.000     .0686638    .0784422
share_female |  -.3000941   .0221048   -13.58   0.000    -.3434637   -.2567246
       _cons |   8.047883   .0342656   234.87   0.000     7.980654    8.115112
------------------------------------------------------------------------------

Absorbed degrees of freedom:
-----------------------------------------------------+
 Absorbed FE | Categories  - Redundant  = Num. Coefs |
-------------+---------------------------------------|
   ubica_geo |      1172        1172           0    *|
        year |         5           1           4     |
-----------------------------------------------------+
* = FE nested within cluster; treated as redundant for DoF computation

.     eststo a4

.     estadd local controls    "Y"

added macro:
           e(controls) : "Y"

.     estadd local hastimefe   "Y"

added macro:
          e(hastimefe) : "Y"

.     estadd local hasmunicfe  "Y"

added macro:
         e(hasmunicfe) : "Y"

. 
. reghdfe lnw i.zlfn##i.post $controls if indig_hh == 1, absorb(ubica_geo year)
>  vce(cluster ubica_geo)
(dropped 3 singleton observations)
(MWFE estimator converged in 6 iterations)
note: 1bn.zlfn is probably collinear with the fixed effects (all partialled-out
>  values are close to zero; tol = 1.0e-09)
note: 1bn.post is probably collinear with the fixed effects (all partialled-out
>  values are close to zero; tol = 1.0e-09)
note: n_adults omitted because of collinearity

HDFE Linear regression                            Number of obs   =    509,001
Absorbing 2 HDFE groups                           F(   7,   1720) =    2350.05
Statistics robust to heteroskedasticity           Prob > F        =     0.0000
                                                  R-squared       =     0.3661
                                                  Adj R-squared   =     0.3639
                                                  Within R-sq.    =     0.2342
Number of clusters (ubica_geo) =      1,721       Root MSE        =     0.6606

                          (Std. err. adjusted for 1,721 clusters in ubica_geo)
------------------------------------------------------------------------------
             |               Robust
         lnw | Coefficient  std. err.      t    P>|t|     [95% conf. interval]
-------------+----------------------------------------------------------------
        zlfn |
       ZLFN  |          0  (omitted)
             |
        post |
Post (>2..)  |          0  (omitted)
             |
   zlfn#post |
       ZLFN #|
Post (>2..)  |   .1148514   .0234942     4.89   0.000     .0687711    .1609317
             |
     hh_size |   .0834104   .0037161    22.45   0.000     .0761219    .0906989
      n_kids |  -.1817835   .0100143   -18.15   0.000    -.2014249   -.1621421
    n_adults |          0  (omitted)
   n_workers |   .1658781   .0056558    29.33   0.000     .1547851    .1769711
    mean_age |  -.0014793   .0002999    -4.93   0.000    -.0020676   -.0008911
   mean_educ |   .0755149   .0014142    53.40   0.000     .0727411    .0782887
share_female |  -.3168681    .009779   -32.40   0.000     -.336048   -.2976881
       _cons |   8.104249   .0217186   373.15   0.000     8.061651    8.146846
------------------------------------------------------------------------------

Absorbed degrees of freedom:
-----------------------------------------------------+
 Absorbed FE | Categories  - Redundant  = Num. Coefs |
-------------+---------------------------------------|
   ubica_geo |      1721        1721           0    *|
        year |         5           1           4     |
-----------------------------------------------------+
* = FE nested within cluster; treated as redundant for DoF computation

.     eststo a5

.     estadd local controls    "Y"

added macro:
           e(controls) : "Y"

.     estadd local hastimefe   "Y"

added macro:
          e(hastimefe) : "Y"

.     estadd local hasmunicfe  "Y"

added macro:
         e(hasmunicfe) : "Y"

. 
. esttab a1 a2 a3 a4 a5 using "`TABDIR'did-wage-hhlevel-month.tex", replace lab
> el fragment ///
>     nolines posthead(\cmidrule{2-6}) prefoot(\midrule)                       
>              ///
>     postfoot(\bottomrule \bottomrule) booktabs                               
>              ///
>     nonumbers mtitle("(1)" "(2)" "(3)" "(4)" "(5)") collabels(none)          
>              ///
>     cells(b(star fmt(%9.3f)) se(par fmt(%9.3f)))                             
>              ///
>     starlevels(* 0.10 ** 0.05 *** 0.01)                                      
>              ///
>     refcat(1.zlfn#1.post "ZLFN $\times$", nolabel)                           
>              ///
>     keep(1.zlfn#1.post)                                                      
>              ///
>     coeflabel(1.zlfn#1.post "{2016--2024}")                                  
>              ///
>     stats(N controls hastimefe hasmunicfe,                                   
>              ///
>         fmt(%11.0gc) label("Observations" "Controls" "Time FE" "Municipal FE"
> )) onecell
(file ../../paper/tables/did-wage-hhlevel-month.tex not found)
(output written to ../../paper/tables/did-wage-hhlevel-month.tex)

. 
. *************************************************
. **** Topic B: HH log income by HH ethnicity *****
. *************************************************
. 
. estimates clear

. 
. reghdfe lni i.zlfn##i.post $controls, absorb(ubica_geo year) vce(cluster ubic
> a_geo)
(MWFE estimator converged in 6 iterations)
note: 1bn.zlfn is probably collinear with the fixed effects (all partialled-out
>  values are close to zero; tol = 1.0e-09)
note: 1bn.post is probably collinear with the fixed effects (all partialled-out
>  values are close to zero; tol = 1.0e-09)
note: n_adults omitted because of collinearity

HDFE Linear regression                            Number of obs   =  1,765,467
Absorbing 2 HDFE groups                           F(   7,   1765) =    6251.48
Statistics robust to heteroskedasticity           Prob > F        =     0.0000
                                                  R-squared       =     0.4039
                                                  Adj R-squared   =     0.4033
                                                  Within R-sq.    =     0.2697
Number of clusters (ubica_geo) =      1,766       Root MSE        =     0.6570

                          (Std. err. adjusted for 1,766 clusters in ubica_geo)
------------------------------------------------------------------------------
             |               Robust
         lni | Coefficient  std. err.      t    P>|t|     [95% conf. interval]
-------------+----------------------------------------------------------------
        zlfn |
       ZLFN  |          0  (omitted)
             |
        post |
Post (>2..)  |          0  (omitted)
             |
   zlfn#post |
       ZLFN #|
Post (>2..)  |   .0949153   .0131397     7.22   0.000     .0691442    .1206864
             |
     hh_size |   .0646463   .0025882    24.98   0.000     .0595701    .0697225
      n_kids |  -.1445941   .0070169   -20.61   0.000    -.1583564   -.1308319
    n_adults |          0  (omitted)
   n_workers |   .2071103   .0046198    44.83   0.000     .1980494    .2161712
    mean_age |  -.0011489   .0001957    -5.87   0.000    -.0015328    -.000765
   mean_educ |   .0853148   .0009296    91.78   0.000     .0834916     .087138
share_female |  -.2972243   .0053144   -55.93   0.000    -.3076475    -.286801
       _cons |   8.145434   .0160086   508.82   0.000     8.114036    8.176831
------------------------------------------------------------------------------

Absorbed degrees of freedom:
-----------------------------------------------------+
 Absorbed FE | Categories  - Redundant  = Num. Coefs |
-------------+---------------------------------------|
   ubica_geo |      1766        1766           0    *|
        year |         5           1           4     |
-----------------------------------------------------+
* = FE nested within cluster; treated as redundant for DoF computation

.     eststo b1

.     estadd local controls    "Y"

added macro:
           e(controls) : "Y"

.     estadd local hastimefe   "Y"

added macro:
          e(hastimefe) : "Y"

.     estadd local hasmunicfe  "Y"

added macro:
         e(hasmunicfe) : "Y"

. 
. reghdfe lni i.zlfn##i.post $controls if hli_hh == 0, absorb(ubica_geo year) v
> ce(cluster ubica_geo)
(dropped 4 singleton observations)
(MWFE estimator converged in 6 iterations)
note: 1bn.zlfn is probably collinear with the fixed effects (all partialled-out
>  values are close to zero; tol = 1.0e-09)
note: 1bn.post is probably collinear with the fixed effects (all partialled-out
>  values are close to zero; tol = 1.0e-09)
note: n_adults omitted because of collinearity

HDFE Linear regression                            Number of obs   =  1,620,274
Absorbing 2 HDFE groups                           F(   7,   1656) =    6429.15
Statistics robust to heteroskedasticity           Prob > F        =     0.0000
                                                  R-squared       =     0.3907
                                                  Adj R-squared   =     0.3900
                                                  Within R-sq.    =     0.2741
Number of clusters (ubica_geo) =      1,657       Root MSE        =     0.6489

                          (Std. err. adjusted for 1,657 clusters in ubica_geo)
------------------------------------------------------------------------------
             |               Robust
         lni | Coefficient  std. err.      t    P>|t|     [95% conf. interval]
-------------+----------------------------------------------------------------
        zlfn |
       ZLFN  |          0  (omitted)
             |
        post |
Post (>2..)  |          0  (omitted)
             |
   zlfn#post |
       ZLFN #|
Post (>2..)  |   .0964739    .013407     7.20   0.000     .0701774    .1227704
             |
     hh_size |   .0617882   .0025717    24.03   0.000     .0567441    .0668322
      n_kids |  -.1346071   .0074115   -18.16   0.000    -.1491441   -.1200702
    n_adults |          0  (omitted)
   n_workers |   .2149306   .0045285    47.46   0.000     .2060484    .2238129
    mean_age |  -.0009976    .000203    -4.91   0.000    -.0013958   -.0005994
   mean_educ |    .085485   .0008998    95.00   0.000     .0837201    .0872499
share_female |  -.2988882   .0054204   -55.14   0.000    -.3095198   -.2882566
       _cons |   8.156487   .0163853   497.79   0.000     8.124349    8.188625
------------------------------------------------------------------------------

Absorbed degrees of freedom:
-----------------------------------------------------+
 Absorbed FE | Categories  - Redundant  = Num. Coefs |
-------------+---------------------------------------|
   ubica_geo |      1657        1657           0    *|
        year |         5           1           4     |
-----------------------------------------------------+
* = FE nested within cluster; treated as redundant for DoF computation

.     eststo b2

.     estadd local controls    "Y"

added macro:
           e(controls) : "Y"

.     estadd local hastimefe   "Y"

added macro:
          e(hastimefe) : "Y"

.     estadd local hasmunicfe  "Y"

added macro:
         e(hasmunicfe) : "Y"

. 
. reghdfe lni i.zlfn##i.post $controls if indig_hh == 0, absorb(ubica_geo year)
>  vce(cluster ubica_geo)
(dropped 7 singleton observations)
(MWFE estimator converged in 6 iterations)
note: 1bn.zlfn is probably collinear with the fixed effects (all partialled-out
>  values are close to zero; tol = 1.0e-09)
note: 1bn.post is probably collinear with the fixed effects (all partialled-out
>  values are close to zero; tol = 1.0e-09)
note: n_adults omitted because of collinearity

HDFE Linear regression                            Number of obs   =  1,237,642
Absorbing 2 HDFE groups                           F(   7,   1621) =    5219.58
Statistics robust to heteroskedasticity           Prob > F        =     0.0000
                                                  R-squared       =     0.3917
                                                  Adj R-squared   =     0.3909
                                                  Within R-sq.    =     0.2820
Number of clusters (ubica_geo) =      1,622       Root MSE        =     0.6395

                          (Std. err. adjusted for 1,622 clusters in ubica_geo)
------------------------------------------------------------------------------
             |               Robust
         lni | Coefficient  std. err.      t    P>|t|     [95% conf. interval]
-------------+----------------------------------------------------------------
        zlfn |
       ZLFN  |          0  (omitted)
             |
        post |
Post (>2..)  |          0  (omitted)
             |
   zlfn#post |
       ZLFN #|
Post (>2..)  |   .0970982    .012881     7.54   0.000      .071833    .1223633
             |
     hh_size |   .0538858   .0027926    19.30   0.000     .0484082    .0593633
      n_kids |  -.1209121   .0081394   -14.86   0.000     -.136877   -.1049472
    n_adults |          0  (omitted)
   n_workers |   .2265064   .0047761    47.43   0.000     .2171385    .2358743
    mean_age |  -.0007187   .0002118    -3.39   0.001    -.0011341   -.0003033
   mean_educ |   .0862358   .0009209    93.64   0.000     .0844295    .0880421
share_female |  -.2888247   .0055893   -51.67   0.000    -.2997877   -.2778616
       _cons |   8.168985   .0168704   484.22   0.000     8.135894    8.202075
------------------------------------------------------------------------------

Absorbed degrees of freedom:
-----------------------------------------------------+
 Absorbed FE | Categories  - Redundant  = Num. Coefs |
-------------+---------------------------------------|
   ubica_geo |      1622        1622           0    *|
        year |         5           1           4     |
-----------------------------------------------------+
* = FE nested within cluster; treated as redundant for DoF computation

.     eststo b3

.     estadd local controls    "Y"

added macro:
           e(controls) : "Y"

.     estadd local hastimefe   "Y"

added macro:
          e(hastimefe) : "Y"

.     estadd local hasmunicfe  "Y"

added macro:
         e(hasmunicfe) : "Y"

. 
. reghdfe lni i.zlfn##i.post $controls if hli_hh == 1, absorb(ubica_geo year) v
> ce(cluster ubica_geo)
(dropped 4 singleton observations)
(MWFE estimator converged in 6 iterations)
note: 1bn.zlfn is probably collinear with the fixed effects (all partialled-out
>  values are close to zero; tol = 1.0e-09)
note: 1bn.post is probably collinear with the fixed effects (all partialled-out
>  values are close to zero; tol = 1.0e-09)
note: n_adults omitted because of collinearity

HDFE Linear regression                            Number of obs   =    145,185
Absorbing 2 HDFE groups                           F(   7,   1181) =     857.29
Statistics robust to heteroskedasticity           Prob > F        =     0.0000
                                                  R-squared       =     0.4326
                                                  Adj R-squared   =     0.4279
                                                  Within R-sq.    =     0.2205
Number of clusters (ubica_geo) =      1,182       Root MSE        =     0.7210

                          (Std. err. adjusted for 1,182 clusters in ubica_geo)
------------------------------------------------------------------------------
             |               Robust
         lni | Coefficient  std. err.      t    P>|t|     [95% conf. interval]
-------------+----------------------------------------------------------------
        zlfn |
       ZLFN  |          0  (omitted)
             |
        post |
Post (>2..)  |          0  (omitted)
             |
   zlfn#post |
       ZLFN #|
Post (>2..)  |   .0924692   .0288546     3.20   0.001     .0358572    .1490813
             |
     hh_size |   .1048004   .0079675    13.15   0.000     .0891683    .1204325
      n_kids |  -.2053499   .0169137   -12.14   0.000    -.2385341   -.1721657
    n_adults |          0  (omitted)
   n_workers |   .1373295   .0101477    13.53   0.000       .11742     .157239
    mean_age |  -.0025566   .0005629    -4.54   0.000     -.003661   -.0014522
   mean_educ |   .0777682   .0025761    30.19   0.000     .0727139    .0828224
share_female |  -.2910359   .0209412   -13.90   0.000    -.3321221   -.2499498
       _cons |    8.00662   .0359492   222.72   0.000     7.936089    8.077152
------------------------------------------------------------------------------

Absorbed degrees of freedom:
-----------------------------------------------------+
 Absorbed FE | Categories  - Redundant  = Num. Coefs |
-------------+---------------------------------------|
   ubica_geo |      1182        1182           0    *|
        year |         5           1           4     |
-----------------------------------------------------+
* = FE nested within cluster; treated as redundant for DoF computation

.     eststo b4

.     estadd local controls    "Y"

added macro:
           e(controls) : "Y"

.     estadd local hastimefe   "Y"

added macro:
          e(hastimefe) : "Y"

.     estadd local hasmunicfe  "Y"

added macro:
         e(hasmunicfe) : "Y"

. 
. reghdfe lni i.zlfn##i.post $controls if indig_hh == 1, absorb(ubica_geo year)
>  vce(cluster ubica_geo)
(dropped 3 singleton observations)
(MWFE estimator converged in 6 iterations)
note: 1bn.zlfn is probably collinear with the fixed effects (all partialled-out
>  values are close to zero; tol = 1.0e-09)
note: 1bn.post is probably collinear with the fixed effects (all partialled-out
>  values are close to zero; tol = 1.0e-09)
note: n_adults omitted because of collinearity

HDFE Linear regression                            Number of obs   =    527,815
Absorbing 2 HDFE groups                           F(   7,   1722) =    2476.70
Statistics robust to heteroskedasticity           Prob > F        =     0.0000
                                                  R-squared       =     0.3922
                                                  Adj R-squared   =     0.3902
                                                  Within R-sq.    =     0.2388
Number of clusters (ubica_geo) =      1,723       Root MSE        =     0.6882

                          (Std. err. adjusted for 1,723 clusters in ubica_geo)
------------------------------------------------------------------------------
             |               Robust
         lni | Coefficient  std. err.      t    P>|t|     [95% conf. interval]
-------------+----------------------------------------------------------------
        zlfn |
       ZLFN  |          0  (omitted)
             |
        post |
Post (>2..)  |          0  (omitted)
             |
   zlfn#post |
       ZLFN #|
Post (>2..)  |   .1053919   .0247629     4.26   0.000     .0568235    .1539604
             |
     hh_size |   .0878499   .0038255    22.96   0.000     .0803468     .095353
      n_kids |  -.1833419    .009985   -18.36   0.000    -.2029259   -.1637578
    n_adults |          0  (omitted)
   n_workers |   .1685563   .0053788    31.34   0.000     .1580065     .179106
    mean_age |  -.0021767   .0003079    -7.07   0.000    -.0027806   -.0015728
   mean_educ |   .0804816    .001394    57.73   0.000     .0777474    .0832158
share_female |  -.3184093    .009735   -32.71   0.000    -.3375029   -.2993157
       _cons |   8.104704   .0220484   367.59   0.000      8.06146    8.147949
------------------------------------------------------------------------------

Absorbed degrees of freedom:
-----------------------------------------------------+
 Absorbed FE | Categories  - Redundant  = Num. Coefs |
-------------+---------------------------------------|
   ubica_geo |      1723        1723           0    *|
        year |         5           1           4     |
-----------------------------------------------------+
* = FE nested within cluster; treated as redundant for DoF computation

.     eststo b5

.     estadd local controls    "Y"

added macro:
           e(controls) : "Y"

.     estadd local hastimefe   "Y"

added macro:
          e(hastimefe) : "Y"

.     estadd local hasmunicfe  "Y"

added macro:
         e(hasmunicfe) : "Y"

. 
. esttab b1 b2 b3 b4 b5 using "`TABDIR'did-income-hhlevel-month.tex", replace l
> abel fragment ///
>     nolines posthead(\cmidrule{2-6}) prefoot(\midrule)                       
>                ///
>     postfoot(\bottomrule \bottomrule) booktabs                               
>                ///
>     nonumbers mtitle("(1)" "(2)" "(3)" "(4)" "(5)") collabels(none)          
>                ///
>     cells(b(star fmt(%9.3f)) se(par fmt(%9.3f)))                             
>                ///
>     starlevels(* 0.10 ** 0.05 *** 0.01)                                      
>                ///
>     refcat(1.zlfn#1.post "ZLFN $\times$", nolabel)                           
>                ///
>     keep(1.zlfn#1.post)                                                      
>                ///
>     coeflabel(1.zlfn#1.post "{2016--2024}")                                  
>                ///
>     stats(N controls hastimefe hasmunicfe,                                   
>                ///
>         fmt(%11.0gc) label("Observations" "Controls" "Time FE" "Municipal FE"
> )) onecell
(file ../../paper/tables/did-income-hhlevel-month.tex not found)
(output written to ../../paper/tables/did-income-hhlevel-month.tex)

. 
. cap log close
