-------------------------------------------------------------------------------
      name:  <unnamed>
       log:  /Users/victorortega/Library/CloudStorage/Dropbox/CarrascoOrtega-mi
> nwage/code/estimate/log/did-wage-informality.log
  log type:  text
 opened on:  24 Apr 2026, 00:32:17

. 
. *************************************************
. *** DiD: Informality Decomposition **************
. **** Panels: Formal / Informal / Self-Emp *******
. **** Columns: All / NonInd-HLI / NonInd-Self ****
. ****          / Ind-HLI / Ind-Self **************
. *************************************************
. 
. foreach ds in year month {
  2. 
. do read-enigh`ds'.do
  3. estimates clear
  4. 
. *************************************************
. ************* Employment Categories *************
. *************************************************
. 
. if "`ds'" == "month" {
  5.     cap gen informal = (sar_afore1 != 1) if employed == 1
  6.     cap gen indep = indep1
  7. }
  8. 
. gen formal   = (informal == 0) if !missing(informal)
  9. gen self_emp = (indep == 1)    if !missing(indep)
 10. 
. *************************************************
. ****** Panel A: Formal Employment Outcome *******
. *************************************************
. 
. reghdfe formal i.zlfn##i.post $controls, absorb(ubica_geo year) vce(cluster u
> bica_geo)
 11.      eststo a1
 12.      estadd local controls "Y"
 13.      estadd local hastimefe "Y"
 14.      estadd local hasmunicfe "Y"
 15. 
. reghdfe formal i.zlfn##i.post $controls if indspeaker == 0, absorb(ubica_geo 
> year) vce(cluster ubica_geo)
 16.      eststo a2
 17.      estadd local controls "Y"
 18.      estadd local hastimefe "Y"
 19.      estadd local hasmunicfe "Y"
 20. 
. reghdfe formal i.zlfn##i.post $controls if etnia == 0, absorb(ubica_geo year)
>  vce(cluster ubica_geo)
 21.      eststo a3
 22.      estadd local controls "Y"
 23.      estadd local hastimefe "Y"
 24.      estadd local hasmunicfe "Y"
 25. 
. reghdfe formal i.zlfn##i.post $controls if indspeaker == 1, absorb(ubica_geo 
> year) vce(cluster ubica_geo)
 26.      eststo a4
 27.      estadd local controls "Y"
 28.      estadd local hastimefe "Y"
 29.      estadd local hasmunicfe "Y"
 30. 
. reghdfe formal i.zlfn##i.post $controls if etnia == 1, absorb(ubica_geo year)
>  vce(cluster ubica_geo)
 31.      eststo a5
 32.      estadd local controls "Y"
 33.      estadd local hastimefe "Y"
 34.      estadd local hasmunicfe "Y"
 35. 
. *************************************************
. ****** Panel B: Informal Employment Outcome *****
. *************************************************
. 
. reghdfe informal i.zlfn##i.post $controls, absorb(ubica_geo year) vce(cluster
>  ubica_geo)
 36.      eststo b1
 37.      estadd local controls "Y"
 38.      estadd local hastimefe "Y"
 39.      estadd local hasmunicfe "Y"
 40. 
. reghdfe informal i.zlfn##i.post $controls if indspeaker == 0, absorb(ubica_ge
> o year) vce(cluster ubica_geo)
 41.      eststo b2
 42.      estadd local controls "Y"
 43.      estadd local hastimefe "Y"
 44.      estadd local hasmunicfe "Y"
 45. 
. reghdfe informal i.zlfn##i.post $controls if etnia == 0, absorb(ubica_geo yea
> r) vce(cluster ubica_geo)
 46.      eststo b3
 47.      estadd local controls "Y"
 48.      estadd local hastimefe "Y"
 49.      estadd local hasmunicfe "Y"
 50. 
. reghdfe informal i.zlfn##i.post $controls if indspeaker == 1, absorb(ubica_ge
> o year) vce(cluster ubica_geo)
 51.      eststo b4
 52.      estadd local controls "Y"
 53.      estadd local hastimefe "Y"
 54.      estadd local hasmunicfe "Y"
 55. 
. reghdfe informal i.zlfn##i.post $controls if etnia == 1, absorb(ubica_geo yea
> r) vce(cluster ubica_geo)
 56.      eststo b5
 57.      estadd local controls "Y"
 58.      estadd local hastimefe "Y"
 59.      estadd local hasmunicfe "Y"
 60. 
. *************************************************
. ** Panel C: Self-Employment / Own-Account *******
. *************************************************
. 
. reghdfe self_emp i.zlfn##i.post $controls, absorb(ubica_geo year) vce(cluster
>  ubica_geo)
 61.      eststo d1
 62.      estadd local controls "Y"
 63.      estadd local hastimefe "Y"
 64.      estadd local hasmunicfe "Y"
 65. 
. reghdfe self_emp i.zlfn##i.post $controls if indspeaker == 0, absorb(ubica_ge
> o year) vce(cluster ubica_geo)
 66.      eststo d2
 67.      estadd local controls "Y"
 68.      estadd local hastimefe "Y"
 69.      estadd local hasmunicfe "Y"
 70. 
. reghdfe self_emp i.zlfn##i.post $controls if etnia == 0, absorb(ubica_geo yea
> r) vce(cluster ubica_geo)
 71.      eststo d3
 72.      estadd local controls "Y"
 73.      estadd local hastimefe "Y"
 74.      estadd local hasmunicfe "Y"
 75. 
. reghdfe self_emp i.zlfn##i.post $controls if indspeaker == 1, absorb(ubica_ge
> o year) vce(cluster ubica_geo)
 76.      eststo d4
 77.      estadd local controls "Y"
 78.      estadd local hastimefe "Y"
 79.      estadd local hasmunicfe "Y"
 80. 
. reghdfe self_emp i.zlfn##i.post $controls if etnia == 1, absorb(ubica_geo yea
> r) vce(cluster ubica_geo)
 81.      eststo d5
 82.      estadd local controls "Y"
 83.      estadd local hastimefe "Y"
 84.      estadd local hasmunicfe "Y"
 85. 
. *************************************************
. *************** Export TeX Table ****************
. *************************************************
. 
. *** Panel A header + coefficients
. esttab a1 a2 a3 a4 a5 ///
>     using "../../paper/tables/did-wage-informality-`ds'.tex", replace label f
> ragment ///
>     nolines posthead(\cmidrule{2-6}) booktabs ///
>     nonumbers mtitle("(1)" "(2)" "(3)" "(4)" "(5)") collabels(none) ///
>     cells(b(star fmt(%9.3f)) se(par fmt(%9.3f))) ///
>     starlevels(* 0.10 ** 0.05 *** 0.01) ///
>     refcat(1.zlfn#1.post "\textit{Panel A: Formal Employment}", nolabel) ///
>     keep(1.zlfn#1.post) ///
>     coeflabel(1.zlfn#1.post "\hspace{1em}ZLFN $\times$ 2016--2024") ///
>     noobs nomtitle
 86. 
. *** Panel B (append, no header)
. esttab b1 b2 b3 b4 b5 ///
>     using "../../paper/tables/did-wage-informality-`ds'.tex", append label fr
> agment ///
>     nolines booktabs ///
>     nonumbers nomtitle collabels(none) ///
>     cells(b(star fmt(%9.3f)) se(par fmt(%9.3f))) ///
>     starlevels(* 0.10 ** 0.05 *** 0.01) ///
>     refcat(1.zlfn#1.post "\textit{Panel B: Informal Employment}", nolabel) //
> /
>     keep(1.zlfn#1.post) ///
>     coeflabel(1.zlfn#1.post "\hspace{1em}ZLFN $\times$ 2016--2024") ///
>     noobs
 87. 
. *** Panel C (append, with footer stats)
. esttab d1 d2 d3 d4 d5 ///
>     using "../../paper/tables/did-wage-informality-`ds'.tex", append label fr
> agment ///
>     nolines prefoot(\midrule) postfoot(\bottomrule \bottomrule) booktabs ///
>     nonumbers nomtitle collabels(none) ///
>     cells(b(star fmt(%9.3f)) se(par fmt(%9.3f))) ///
>     starlevels(* 0.10 ** 0.05 *** 0.01) ///
>     refcat(1.zlfn#1.post "\textit{Panel C: Self-Employment}", nolabel) ///
>     keep(1.zlfn#1.post) ///
>     coeflabel(1.zlfn#1.post "\hspace{1em}ZLFN $\times$ 2016--2024") ///
>     stats(N controls hastimefe hasmunicfe, ///
>         fmt(%11.0gc) label("Observations" "Controls" "Time FE" "Municipal FE"
> )) onecell
 88. 
. }

. *************************************************
. *************** Read ENIGH Year *****************
. *************************************************
. 
. *** REPLICATION FILE: read-enighyear
. *** STATA VERSION: StataNow 19.5
. *** AUTHORS: Matías Carrasco, Victor Ortega Le Hénanff
. *** DATE: 2026-03-03
. 
. *  Loads the yearly cross-section produced by
. *  data/clean/code/enigh-year.R, generates derived
. *  variables and sets the $controls global.
. 
. *  Called by every analysis do-file:
. *     do read-enighyear.do
. 
. *************************************************
. ****************** Load Data ********************
. *************************************************
. 
. use "../../data/clean/enigh/enigh-year.dta", clear

. 
. ssc install require, replace
checking require consistency and verifying not already installed...
all files already exist and are up to date.

. ssc install estout, replace
checking estout consistency and verifying not already installed...
all files already exist and are up to date.

. ssc install coefplot, replace
checking coefplot consistency and verifying not already installed...
all files already exist and are up to date.

. 
. * Install ftools (remove program if it existed previously)
. net install ftools, replace from("https://raw.githubusercontent.com/sergiocor
> reia/ftools/master/src/")
checking ftools consistency and verifying not already installed...
all files already exist and are up to date.

. 
. * Install reghdfe 6.x
. net install reghdfe, replace from("https://raw.githubusercontent.com/sergioco
> rreia/reghdfe/master/src/")
checking reghdfe consistency and verifying not already installed...
all files already exist and are up to date.

. 
. *************************************************
. *************** Decode Factors ******************
. *************************************************
. 
. * haven::write_dta stores R factors as labeled integers.
. * Decode year and ent to recover original numeric values.
. 
. foreach v in year ent {
  2.     capture decode `v', gen(_`v'_str)
  3.     if _rc == 0 {
  4.         destring _`v'_str, replace force
  5.         drop `v'
  6.         rename _`v'_str `v'
  7.     }
  8. }

. 
. *************************************************
. *********** Generate Log Incomes ****************
. *************************************************
. 
. gen lnw   = ln(ing_wages)            if ing_wages > 0
(206,957 missing values generated)

. gen lni   = ln(ing_lab)              if ing_lab > 0
(42,758 missing values generated)

. gen lnmon = ln(ing_mon)              if ing_mon > 0
(24,777 missing values generated)

. gen lnr   = ln(ing_rentas)          if ing_rentas > 0
(682,670 missing values generated)

. gen lnv   = ln(ing_ventas)          if ing_ventas > 0
(676,733 missing values generated)

. gen lno   = ln(ing_other)           if ing_other > 0
(565,544 missing values generated)

. gen lnn   = ln(ing_negocio)         if ing_negocio > 0
(546,587 missing values generated)

. gen lnnwi = ln(ing_non_wage_income) if ing_non_wage_income > 0
(523,909 missing values generated)

. gen lngt  = ln(ing_gov_transfers)   if ing_gov_transfers > 0
(583,326 missing values generated)

. gen lnfc  = ln(ing_fin_capital)     if ing_fin_capital > 0
(663,912 missing values generated)

. 
. *************************************************
. ************ Derived Variables ******************
. *************************************************
. 
. gen female = 1 - sexo

. gen edadsq = edad_pob * edad_pob

. 
. label variable lnw   "Log Wages"

. label variable lni   "Log Labor Income"

. label variable lnmon "Log Monetary Income"

. label variable lnr   "Log Rent Income"

. label variable lnv   "Log Sales Income"

. label variable lno   "Log Other Income"

. label variable lnn   "Log Business Income"

. label variable lnnwi "Log Non-Wage Income"

. label variable lngt  "Log Government Transfers"

. label variable lnfc  "Log Financial Capital Income"

. label variable post  "Post-Treatment (year > 2018)"

. label variable female "Female"

. label variable edadsq "Age Squared"

. 
. *************************************************
. ***************** Controls **********************
. *************************************************
. 
. global controls i.female edad_pob edadsq years_of_study hoursworked i.employe
> d

. 
end of do-file
(11,315 missing values generated)
(MWFE estimator converged in 6 iterations)
note: 1bn.post is probably collinear with the fixed effects (all partialled-out
>  values are close to zero; tol = 1.0e-09)

HDFE Linear regression                            Number of obs   =    570,726
Absorbing 2 HDFE groups                           F(   8,   1765) =    1238.81
Statistics robust to heteroskedasticity           Prob > F        =     0.0000
                                                  R-squared       =     0.2335
                                                  Adj R-squared   =     0.2311
                                                  Within R-sq.    =     0.1002
Number of clusters (ubica_geo) =      1,766       Root MSE        =     0.4235

                          (Std. err. adjusted for 1,766 clusters in ubica_geo)
------------------------------------------------------------------------------
             |               Robust
      formal | Coefficient  std. err.      t    P>|t|     [95% conf. interval]
-------------+----------------------------------------------------------------
      1.zlfn |   -.001155   .0146196    -0.08   0.937    -.0298285    .0275184
      1.post |          0  (omitted)
             |
   zlfn#post |
        1 1  |  -.0016996    .009402    -0.18   0.857    -.0201398    .0167407
             |
    1.female |  -.0196469   .0027787    -7.07   0.000    -.0250967   -.0141971
    edad_pob |    .004752   .0003033    15.67   0.000     .0041572    .0053469
      edadsq |  -.0000314   3.48e-06    -9.03   0.000    -.0000382   -.0000246
years_of_s~y |    .029519   .0005535    53.33   0.000     .0284335    .0306046
 hoursworked |   .0032217    .000118    27.29   0.000     .0029902    .0034532
  1.employed |   -.468019   .0085953   -54.45   0.000    -.4848771   -.4511609
       _cons |   .2864027   .0126891    22.57   0.000     .2615154      .31129
------------------------------------------------------------------------------

Absorbed degrees of freedom:
-----------------------------------------------------+
 Absorbed FE | Categories  - Redundant  = Num. Coefs |
-------------+---------------------------------------|
   ubica_geo |      1766        1766           0    *|
        year |         5           1           4     |
-----------------------------------------------------+
* = FE nested within cluster; treated as redundant for DoF computation

added macro:
           e(controls) : "Y"

added macro:
          e(hastimefe) : "Y"

added macro:
         e(hasmunicfe) : "Y"
(dropped 25 singleton observations)
(MWFE estimator converged in 6 iterations)
note: 1bn.post is probably collinear with the fixed effects (all partialled-out
>  values are close to zero; tol = 1.0e-09)

HDFE Linear regression                            Number of obs   =    522,722
Absorbing 2 HDFE groups                           F(   8,   1699) =    1329.50
Statistics robust to heteroskedasticity           Prob > F        =     0.0000
                                                  R-squared       =     0.2180
                                                  Adj R-squared   =     0.2154
                                                  Within R-sq.    =     0.0997
Number of clusters (ubica_geo) =      1,700       Root MSE        =     0.4322

                          (Std. err. adjusted for 1,700 clusters in ubica_geo)
------------------------------------------------------------------------------
             |               Robust
      formal | Coefficient  std. err.      t    P>|t|     [95% conf. interval]
-------------+----------------------------------------------------------------
      1.zlfn |   .0006547   .0157386     0.04   0.967    -.0302143    .0315237
      1.post |          0  (omitted)
             |
   zlfn#post |
        1 1  |  -.0026384   .0096822    -0.27   0.785    -.0216287    .0163519
             |
    1.female |  -.0191784   .0029359    -6.53   0.000    -.0249367   -.0134201
    edad_pob |   .0050765   .0003317    15.30   0.000     .0044259    .0057271
      edadsq |  -.0000368   3.93e-06    -9.37   0.000    -.0000445   -.0000291
years_of_s~y |   .0298663   .0005676    52.62   0.000      .028753    .0309796
 hoursworked |   .0034636   .0001177    29.42   0.000     .0032326    .0036945
  1.employed |  -.4657472   .0083974   -55.46   0.000    -.4822176   -.4492768
       _cons |   .2774335   .0129833    21.37   0.000     .2519686    .3028985
------------------------------------------------------------------------------

Absorbed degrees of freedom:
-----------------------------------------------------+
 Absorbed FE | Categories  - Redundant  = Num. Coefs |
-------------+---------------------------------------|
   ubica_geo |      1700        1700           0    *|
        year |         5           1           4     |
-----------------------------------------------------+
* = FE nested within cluster; treated as redundant for DoF computation

added macro:
           e(controls) : "Y"

added macro:
          e(hastimefe) : "Y"

added macro:
         e(hasmunicfe) : "Y"
(dropped 42 singleton observations)
(MWFE estimator converged in 6 iterations)
note: 1bn.post is probably collinear with the fixed effects (all partialled-out
>  values are close to zero; tol = 1.0e-09)

HDFE Linear regression                            Number of obs   =    391,389
Absorbing 2 HDFE groups                           F(   8,   1644) =    1343.55
Statistics robust to heteroskedasticity           Prob > F        =     0.0000
                                                  R-squared       =     0.2066
                                                  Adj R-squared   =     0.2033
                                                  Within R-sq.    =     0.0985
Number of clusters (ubica_geo) =      1,645       Root MSE        =     0.4403

                          (Std. err. adjusted for 1,645 clusters in ubica_geo)
------------------------------------------------------------------------------
             |               Robust
      formal | Coefficient  std. err.      t    P>|t|     [95% conf. interval]
-------------+----------------------------------------------------------------
      1.zlfn |   .0036198   .0175135     0.21   0.836    -.0307314     .037971
      1.post |          0  (omitted)
             |
   zlfn#post |
        1 1  |  -.0030479   .0092089    -0.33   0.741    -.0211103    .0150146
             |
    1.female |  -.0152772   .0032597    -4.69   0.000    -.0216708   -.0088836
    edad_pob |   .0054301   .0003733    14.55   0.000      .004698    .0061622
      edadsq |  -.0000443   4.52e-06    -9.81   0.000    -.0000532   -.0000354
years_of_s~y |   .0296907   .0006194    47.93   0.000     .0284758    .0309057
 hoursworked |   .0037651   .0001213    31.05   0.000     .0035272    .0040029
  1.employed |  -.4519992   .0092078   -49.09   0.000    -.4700594   -.4339391
       _cons |   .2689928   .0145777    18.45   0.000        .2404    .2975856
------------------------------------------------------------------------------

Absorbed degrees of freedom:
-----------------------------------------------------+
 Absorbed FE | Categories  - Redundant  = Num. Coefs |
-------------+---------------------------------------|
   ubica_geo |      1645        1645           0    *|
        year |         5           1           4     |
-----------------------------------------------------+
* = FE nested within cluster; treated as redundant for DoF computation

added macro:
           e(controls) : "Y"

added macro:
          e(hastimefe) : "Y"

added macro:
         e(hasmunicfe) : "Y"
(dropped 219 singleton observations)
(MWFE estimator converged in 6 iterations)
note: 1bn.post is probably collinear with the fixed effects (all partialled-out
>  values are close to zero; tol = 1.0e-09)

HDFE Linear regression                            Number of obs   =     47,760
Absorbing 2 HDFE groups                           F(   8,    952) =     149.57
Statistics robust to heteroskedasticity           Prob > F        =     0.0000
                                                  R-squared       =     0.3028
                                                  Adj R-squared   =     0.2885
                                                  Within R-sq.    =     0.1089
Number of clusters (ubica_geo) =        953       Root MSE        =     0.3029

                            (Std. err. adjusted for 953 clusters in ubica_geo)
------------------------------------------------------------------------------
             |               Robust
      formal | Coefficient  std. err.      t    P>|t|     [95% conf. interval]
-------------+----------------------------------------------------------------
      1.zlfn |  -.0559708   .0454831    -1.23   0.219    -.1452294    .0332879
      1.post |          0  (omitted)
             |
   zlfn#post |
        1 1  |    .016398   .0388217     0.42   0.673    -.0597879     .092584
             |
    1.female |  -.0369119    .005767    -6.40   0.000    -.0482293   -.0255944
    edad_pob |   .0035594   .0005794     6.14   0.000     .0024223    .0046966
      edadsq |  -7.87e-06   6.04e-06    -1.30   0.193    -.0000197    3.99e-06
years_of_s~y |   .0252514   .0008901    28.37   0.000     .0235047    .0269981
 hoursworked |   .0009193   .0001004     9.16   0.000     .0007224    .0011163
  1.employed |  -.5361795   .0326771   -16.41   0.000     -.600307   -.4720521
       _cons |   .3648061   .0350732    10.40   0.000     .2959764    .4336357
------------------------------------------------------------------------------

Absorbed degrees of freedom:
-----------------------------------------------------+
 Absorbed FE | Categories  - Redundant  = Num. Coefs |
-------------+---------------------------------------|
   ubica_geo |       953         953           0    *|
        year |         5           1           4     |
-----------------------------------------------------+
* = FE nested within cluster; treated as redundant for DoF computation

added macro:
           e(controls) : "Y"

added macro:
          e(hastimefe) : "Y"

added macro:
         e(hasmunicfe) : "Y"
(dropped 21 singleton observations)
(MWFE estimator converged in 6 iterations)
note: 1bn.post is probably collinear with the fixed effects (all partialled-out
>  values are close to zero; tol = 1.0e-09)

HDFE Linear regression                            Number of obs   =    179,274
Absorbing 2 HDFE groups                           F(   8,   1711) =     522.21
Statistics robust to heteroskedasticity           Prob > F        =     0.0000
                                                  R-squared       =     0.2595
                                                  Adj R-squared   =     0.2523
                                                  Within R-sq.    =     0.1069
Number of clusters (ubica_geo) =      1,712       Root MSE        =     0.3828

                          (Std. err. adjusted for 1,712 clusters in ubica_geo)
------------------------------------------------------------------------------
             |               Robust
      formal | Coefficient  std. err.      t    P>|t|     [95% conf. interval]
-------------+----------------------------------------------------------------
      1.zlfn |  -.0373216   .0202482    -1.84   0.065    -.0770356    .0023923
      1.post |          0  (omitted)
             |
   zlfn#post |
        1 1  |   .0072782   .0188872     0.39   0.700    -.0297663    .0443226
             |
    1.female |  -.0303653   .0030679    -9.90   0.000    -.0363826   -.0243479
    edad_pob |   .0041471   .0003845    10.78   0.000     .0033928    .0049013
      edadsq |  -.0000149   3.81e-06    -3.92   0.000    -.0000224   -7.47e-06
years_of_s~y |   .0294394   .0006369    46.23   0.000     .0281903    .0306885
 hoursworked |   .0022296   .0001192    18.70   0.000     .0019958    .0024635
  1.employed |  -.5124103    .013187   -38.86   0.000    -.5382747   -.4865459
       _cons |   .3057395   .0181386    16.86   0.000     .2701632    .3413157
------------------------------------------------------------------------------

Absorbed degrees of freedom:
-----------------------------------------------------+
 Absorbed FE | Categories  - Redundant  = Num. Coefs |
-------------+---------------------------------------|
   ubica_geo |      1712        1712           0    *|
        year |         5           1           4     |
-----------------------------------------------------+
* = FE nested within cluster; treated as redundant for DoF computation

added macro:
           e(controls) : "Y"

added macro:
          e(hastimefe) : "Y"

added macro:
         e(hasmunicfe) : "Y"
(MWFE estimator converged in 6 iterations)
note: 1bn.post is probably collinear with the fixed effects (all partialled-out
>  values are close to zero; tol = 1.0e-09)

HDFE Linear regression                            Number of obs   =    570,726
Absorbing 2 HDFE groups                           F(   8,   1765) =    1238.81
Statistics robust to heteroskedasticity           Prob > F        =     0.0000
                                                  R-squared       =     0.2335
                                                  Adj R-squared   =     0.2311
                                                  Within R-sq.    =     0.1002
Number of clusters (ubica_geo) =      1,766       Root MSE        =     0.4235

                          (Std. err. adjusted for 1,766 clusters in ubica_geo)
------------------------------------------------------------------------------
             |               Robust
    informal | Coefficient  std. err.      t    P>|t|     [95% conf. interval]
-------------+----------------------------------------------------------------
      1.zlfn |    .001155   .0146196     0.08   0.937    -.0275184    .0298285
      1.post |          0  (omitted)
             |
   zlfn#post |
        1 1  |   .0016996    .009402     0.18   0.857    -.0167407    .0201398
             |
    1.female |   .0196469   .0027787     7.07   0.000     .0141971    .0250967
    edad_pob |   -.004752   .0003033   -15.67   0.000    -.0053469   -.0041572
      edadsq |   .0000314   3.48e-06     9.03   0.000     .0000246    .0000382
years_of_s~y |   -.029519   .0005535   -53.33   0.000    -.0306046   -.0284335
 hoursworked |  -.0032217    .000118   -27.29   0.000    -.0034532   -.0029902
  1.employed |    .468019   .0085953    54.45   0.000     .4511609    .4848771
       _cons |   .7135973   .0126891    56.24   0.000       .68871    .7384846
------------------------------------------------------------------------------

Absorbed degrees of freedom:
-----------------------------------------------------+
 Absorbed FE | Categories  - Redundant  = Num. Coefs |
-------------+---------------------------------------|
   ubica_geo |      1766        1766           0    *|
        year |         5           1           4     |
-----------------------------------------------------+
* = FE nested within cluster; treated as redundant for DoF computation

added macro:
           e(controls) : "Y"

added macro:
          e(hastimefe) : "Y"

added macro:
         e(hasmunicfe) : "Y"
(dropped 25 singleton observations)
(MWFE estimator converged in 6 iterations)
note: 1bn.post is probably collinear with the fixed effects (all partialled-out
>  values are close to zero; tol = 1.0e-09)

HDFE Linear regression                            Number of obs   =    522,722
Absorbing 2 HDFE groups                           F(   8,   1699) =    1329.50
Statistics robust to heteroskedasticity           Prob > F        =     0.0000
                                                  R-squared       =     0.2180
                                                  Adj R-squared   =     0.2154
                                                  Within R-sq.    =     0.0997
Number of clusters (ubica_geo) =      1,700       Root MSE        =     0.4322

                          (Std. err. adjusted for 1,700 clusters in ubica_geo)
------------------------------------------------------------------------------
             |               Robust
    informal | Coefficient  std. err.      t    P>|t|     [95% conf. interval]
-------------+----------------------------------------------------------------
      1.zlfn |  -.0006547   .0157386    -0.04   0.967    -.0315237    .0302143
      1.post |          0  (omitted)
             |
   zlfn#post |
        1 1  |   .0026384   .0096822     0.27   0.785    -.0163519    .0216287
             |
    1.female |   .0191784   .0029359     6.53   0.000     .0134201    .0249367
    edad_pob |  -.0050765   .0003317   -15.30   0.000    -.0057271   -.0044259
      edadsq |   .0000368   3.93e-06     9.37   0.000     .0000291    .0000445
years_of_s~y |  -.0298663   .0005676   -52.62   0.000    -.0309796    -.028753
 hoursworked |  -.0034636   .0001177   -29.42   0.000    -.0036945   -.0032326
  1.employed |   .4657472   .0083974    55.46   0.000     .4492768    .4822176
       _cons |   .7225665   .0129833    55.65   0.000     .6971015    .7480314
------------------------------------------------------------------------------

Absorbed degrees of freedom:
-----------------------------------------------------+
 Absorbed FE | Categories  - Redundant  = Num. Coefs |
-------------+---------------------------------------|
   ubica_geo |      1700        1700           0    *|
        year |         5           1           4     |
-----------------------------------------------------+
* = FE nested within cluster; treated as redundant for DoF computation

added macro:
           e(controls) : "Y"

added macro:
          e(hastimefe) : "Y"

added macro:
         e(hasmunicfe) : "Y"
(dropped 42 singleton observations)
(MWFE estimator converged in 6 iterations)
note: 1bn.post is probably collinear with the fixed effects (all partialled-out
>  values are close to zero; tol = 1.0e-09)

HDFE Linear regression                            Number of obs   =    391,389
Absorbing 2 HDFE groups                           F(   8,   1644) =    1343.55
Statistics robust to heteroskedasticity           Prob > F        =     0.0000
                                                  R-squared       =     0.2066
                                                  Adj R-squared   =     0.2033
                                                  Within R-sq.    =     0.0985
Number of clusters (ubica_geo) =      1,645       Root MSE        =     0.4403

                          (Std. err. adjusted for 1,645 clusters in ubica_geo)
------------------------------------------------------------------------------
             |               Robust
    informal | Coefficient  std. err.      t    P>|t|     [95% conf. interval]
-------------+----------------------------------------------------------------
      1.zlfn |  -.0036198   .0175135    -0.21   0.836     -.037971    .0307314
      1.post |          0  (omitted)
             |
   zlfn#post |
        1 1  |   .0030479   .0092089     0.33   0.741    -.0150146    .0211103
             |
    1.female |   .0152772   .0032597     4.69   0.000     .0088836    .0216708
    edad_pob |  -.0054301   .0003733   -14.55   0.000    -.0061622    -.004698
      edadsq |   .0000443   4.52e-06     9.81   0.000     .0000354    .0000532
years_of_s~y |  -.0296907   .0006194   -47.93   0.000    -.0309057   -.0284758
 hoursworked |  -.0037651   .0001213   -31.05   0.000    -.0040029   -.0035272
  1.employed |   .4519992   .0092078    49.09   0.000     .4339391    .4700594
       _cons |   .7310072   .0145777    50.15   0.000     .7024144       .7596
------------------------------------------------------------------------------

Absorbed degrees of freedom:
-----------------------------------------------------+
 Absorbed FE | Categories  - Redundant  = Num. Coefs |
-------------+---------------------------------------|
   ubica_geo |      1645        1645           0    *|
        year |         5           1           4     |
-----------------------------------------------------+
* = FE nested within cluster; treated as redundant for DoF computation

added macro:
           e(controls) : "Y"

added macro:
          e(hastimefe) : "Y"

added macro:
         e(hasmunicfe) : "Y"
(dropped 219 singleton observations)
(MWFE estimator converged in 6 iterations)
note: 1bn.post is probably collinear with the fixed effects (all partialled-out
>  values are close to zero; tol = 1.0e-09)

HDFE Linear regression                            Number of obs   =     47,760
Absorbing 2 HDFE groups                           F(   8,    952) =     149.57
Statistics robust to heteroskedasticity           Prob > F        =     0.0000
                                                  R-squared       =     0.3028
                                                  Adj R-squared   =     0.2885
                                                  Within R-sq.    =     0.1089
Number of clusters (ubica_geo) =        953       Root MSE        =     0.3029

                            (Std. err. adjusted for 953 clusters in ubica_geo)
------------------------------------------------------------------------------
             |               Robust
    informal | Coefficient  std. err.      t    P>|t|     [95% conf. interval]
-------------+----------------------------------------------------------------
      1.zlfn |   .0559708   .0454831     1.23   0.219    -.0332879    .1452294
      1.post |          0  (omitted)
             |
   zlfn#post |
        1 1  |   -.016398   .0388217    -0.42   0.673     -.092584    .0597879
             |
    1.female |   .0369119    .005767     6.40   0.000     .0255944    .0482293
    edad_pob |  -.0035594   .0005794    -6.14   0.000    -.0046966   -.0024223
      edadsq |   7.87e-06   6.04e-06     1.30   0.193    -3.99e-06    .0000197
years_of_s~y |  -.0252514   .0008901   -28.37   0.000    -.0269981   -.0235047
 hoursworked |  -.0009193   .0001004    -9.16   0.000    -.0011163   -.0007224
  1.employed |   .5361795   .0326771    16.41   0.000     .4720521     .600307
       _cons |   .6351939   .0350732    18.11   0.000     .5663643    .7040236
------------------------------------------------------------------------------

Absorbed degrees of freedom:
-----------------------------------------------------+
 Absorbed FE | Categories  - Redundant  = Num. Coefs |
-------------+---------------------------------------|
   ubica_geo |       953         953           0    *|
        year |         5           1           4     |
-----------------------------------------------------+
* = FE nested within cluster; treated as redundant for DoF computation

added macro:
           e(controls) : "Y"

added macro:
          e(hastimefe) : "Y"

added macro:
         e(hasmunicfe) : "Y"
(dropped 21 singleton observations)
(MWFE estimator converged in 6 iterations)
note: 1bn.post is probably collinear with the fixed effects (all partialled-out
>  values are close to zero; tol = 1.0e-09)

HDFE Linear regression                            Number of obs   =    179,274
Absorbing 2 HDFE groups                           F(   8,   1711) =     522.21
Statistics robust to heteroskedasticity           Prob > F        =     0.0000
                                                  R-squared       =     0.2595
                                                  Adj R-squared   =     0.2523
                                                  Within R-sq.    =     0.1069
Number of clusters (ubica_geo) =      1,712       Root MSE        =     0.3828

                          (Std. err. adjusted for 1,712 clusters in ubica_geo)
------------------------------------------------------------------------------
             |               Robust
    informal | Coefficient  std. err.      t    P>|t|     [95% conf. interval]
-------------+----------------------------------------------------------------
      1.zlfn |   .0373216   .0202482     1.84   0.065    -.0023923    .0770356
      1.post |          0  (omitted)
             |
   zlfn#post |
        1 1  |  -.0072782   .0188872    -0.39   0.700    -.0443226    .0297663
             |
    1.female |   .0303653   .0030679     9.90   0.000     .0243479    .0363826
    edad_pob |  -.0041471   .0003845   -10.78   0.000    -.0049013   -.0033928
      edadsq |   .0000149   3.81e-06     3.92   0.000     7.47e-06    .0000224
years_of_s~y |  -.0294394   .0006369   -46.23   0.000    -.0306885   -.0281903
 hoursworked |  -.0022296   .0001192   -18.70   0.000    -.0024635   -.0019958
  1.employed |   .5124103    .013187    38.86   0.000     .4865459    .5382747
       _cons |   .6942605   .0181386    38.28   0.000     .6586843    .7298368
------------------------------------------------------------------------------

Absorbed degrees of freedom:
-----------------------------------------------------+
 Absorbed FE | Categories  - Redundant  = Num. Coefs |
-------------+---------------------------------------|
   ubica_geo |      1712        1712           0    *|
        year |         5           1           4     |
-----------------------------------------------------+
* = FE nested within cluster; treated as redundant for DoF computation

added macro:
           e(controls) : "Y"

added macro:
          e(hastimefe) : "Y"

added macro:
         e(hasmunicfe) : "Y"
(MWFE estimator converged in 6 iterations)
note: 1bn.post is probably collinear with the fixed effects (all partialled-out
>  values are close to zero; tol = 1.0e-09)

HDFE Linear regression                            Number of obs   =    568,215
Absorbing 2 HDFE groups                           F(   8,   1765) =    1434.88
Statistics robust to heteroskedasticity           Prob > F        =     0.0000
                                                  R-squared       =     0.1805
                                                  Adj R-squared   =     0.1780
                                                  Within R-sq.    =     0.1176
Number of clusters (ubica_geo) =      1,766       Root MSE        =     0.3978

                          (Std. err. adjusted for 1,766 clusters in ubica_geo)
------------------------------------------------------------------------------
             |               Robust
    self_emp | Coefficient  std. err.      t    P>|t|     [95% conf. interval]
-------------+----------------------------------------------------------------
      1.zlfn |  -.0250003    .007432    -3.36   0.001    -.0395767   -.0104239
      1.post |          0  (omitted)
             |
   zlfn#post |
        1 1  |   .0158133   .0056998     2.77   0.006     .0046343    .0269923
             |
    1.female |   .0331363   .0030734    10.78   0.000     .0271083    .0391643
    edad_pob |   .0067852   .0004559    14.88   0.000      .005891    .0076794
      edadsq |   .0000231   4.44e-06     5.19   0.000     .0000144    .0000318
years_of_s~y |  -.0055199   .0003615   -15.27   0.000    -.0062289   -.0048109
 hoursworked |  -.0015865   .0000648   -24.47   0.000    -.0017137   -.0014593
  1.employed |   .1380944   .0086878    15.90   0.000     .1210549    .1551339
       _cons |  -.0877535   .0143154    -6.13   0.000    -.1158305   -.0596766
------------------------------------------------------------------------------

Absorbed degrees of freedom:
-----------------------------------------------------+
 Absorbed FE | Categories  - Redundant  = Num. Coefs |
-------------+---------------------------------------|
   ubica_geo |      1766        1766           0    *|
        year |         5           1           4     |
-----------------------------------------------------+
* = FE nested within cluster; treated as redundant for DoF computation

added macro:
           e(controls) : "Y"

added macro:
          e(hastimefe) : "Y"

added macro:
         e(hasmunicfe) : "Y"
(dropped 26 singleton observations)
(MWFE estimator converged in 6 iterations)
note: 1bn.post is probably collinear with the fixed effects (all partialled-out
>  values are close to zero; tol = 1.0e-09)

HDFE Linear regression                            Number of obs   =    520,346
Absorbing 2 HDFE groups                           F(   8,   1698) =    1266.46
Statistics robust to heteroskedasticity           Prob > F        =     0.0000
                                                  R-squared       =     0.1592
                                                  Adj R-squared   =     0.1564
                                                  Within R-sq.    =     0.1107
Number of clusters (ubica_geo) =      1,699       Root MSE        =     0.3937

                          (Std. err. adjusted for 1,699 clusters in ubica_geo)
------------------------------------------------------------------------------
             |               Robust
    self_emp | Coefficient  std. err.      t    P>|t|     [95% conf. interval]
-------------+----------------------------------------------------------------
      1.zlfn |  -.0226853   .0076767    -2.96   0.003    -.0377422   -.0076284
      1.post |          0  (omitted)
             |
   zlfn#post |
        1 1  |   .0135438   .0056773     2.39   0.017     .0024086     .024679
             |
    1.female |   .0307027   .0030801     9.97   0.000     .0246616    .0367439
    edad_pob |   .0051225   .0003961    12.93   0.000     .0043456    .0058993
      edadsq |   .0000403   3.92e-06    10.28   0.000     .0000326     .000048
years_of_s~y |   -.004651   .0003337   -13.94   0.000    -.0053056   -.0039965
 hoursworked |   -.001578   .0000663   -23.79   0.000     -.001708   -.0014479
  1.employed |   .1376558   .0086263    15.96   0.000     .1207365    .1545751
       _cons |  -.0730062   .0134538    -5.43   0.000     -.099394   -.0466184
------------------------------------------------------------------------------

Absorbed degrees of freedom:
-----------------------------------------------------+
 Absorbed FE | Categories  - Redundant  = Num. Coefs |
-------------+---------------------------------------|
   ubica_geo |      1699        1699           0    *|
        year |         5           1           4     |
-----------------------------------------------------+
* = FE nested within cluster; treated as redundant for DoF computation

added macro:
           e(controls) : "Y"

added macro:
          e(hastimefe) : "Y"

added macro:
         e(hasmunicfe) : "Y"
(dropped 42 singleton observations)
(MWFE estimator converged in 6 iterations)
note: 1bn.post is probably collinear with the fixed effects (all partialled-out
>  values are close to zero; tol = 1.0e-09)

HDFE Linear regression                            Number of obs   =    389,652
Absorbing 2 HDFE groups                           F(   8,   1644) =    1033.54
Statistics robust to heteroskedasticity           Prob > F        =     0.0000
                                                  R-squared       =     0.1510
                                                  Adj R-squared   =     0.1474
                                                  Within R-sq.    =     0.1049
Number of clusters (ubica_geo) =      1,645       Root MSE        =     0.3888

                          (Std. err. adjusted for 1,645 clusters in ubica_geo)
------------------------------------------------------------------------------
             |               Robust
    self_emp | Coefficient  std. err.      t    P>|t|     [95% conf. interval]
-------------+----------------------------------------------------------------
      1.zlfn |  -.0224786   .0079718    -2.82   0.005    -.0381146   -.0068426
      1.post |          0  (omitted)
             |
   zlfn#post |
        1 1  |   .0135705   .0055874     2.43   0.015     .0026114    .0245296
             |
    1.female |   .0238342   .0030863     7.72   0.000     .0177807    .0298877
    edad_pob |   .0036345   .0003894     9.33   0.000     .0028707    .0043983
      edadsq |   .0000544   4.00e-06    13.59   0.000     .0000465    .0000622
years_of_s~y |  -.0043335   .0003296   -13.15   0.000    -.0049799    -.003687
 hoursworked |  -.0016343   .0000726   -22.52   0.000    -.0017766   -.0014919
  1.employed |   .1321453   .0095366    13.86   0.000     .1134402    .1508504
       _cons |  -.0407567    .014141    -2.88   0.004     -.068493   -.0130205
------------------------------------------------------------------------------

Absorbed degrees of freedom:
-----------------------------------------------------+
 Absorbed FE | Categories  - Redundant  = Num. Coefs |
-------------+---------------------------------------|
   ubica_geo |      1645        1645           0    *|
        year |         5           1           4     |
-----------------------------------------------------+
* = FE nested within cluster; treated as redundant for DoF computation

added macro:
           e(controls) : "Y"

added macro:
          e(hastimefe) : "Y"

added macro:
         e(hasmunicfe) : "Y"
(dropped 220 singleton observations)
(MWFE estimator converged in 6 iterations)
note: 1bn.post is probably collinear with the fixed effects (all partialled-out
>  values are close to zero; tol = 1.0e-09)

HDFE Linear regression                            Number of obs   =     47,623
Absorbing 2 HDFE groups                           F(   8,    951) =     541.09
Statistics robust to heteroskedasticity           Prob > F        =     0.0000
                                                  R-squared       =     0.2633
                                                  Adj R-squared   =     0.2481
                                                  Within R-sq.    =     0.1635
Number of clusters (ubica_geo) =        952       Root MSE        =     0.4316

                            (Std. err. adjusted for 952 clusters in ubica_geo)
------------------------------------------------------------------------------
             |               Robust
    self_emp | Coefficient  std. err.      t    P>|t|     [95% conf. interval]
-------------+----------------------------------------------------------------
      1.zlfn |   -.112375   .0254753    -4.41   0.000    -.1623692   -.0623808
      1.post |          0  (omitted)
             |
   zlfn#post |
        1 1  |   .0844373    .016546     5.10   0.000     .0519664    .1169081
             |
    1.female |   .0578002   .0089383     6.47   0.000     .0402592    .0753412
    edad_pob |   .0220871    .001226    18.02   0.000     .0196811    .0244931
      edadsq |  -.0001288   .0000126   -10.26   0.000    -.0001535   -.0001042
years_of_s~y |  -.0091323   .0008776   -10.41   0.000    -.0108546   -.0074101
 hoursworked |  -.0013185    .000157    -8.40   0.000    -.0016265   -.0010104
  1.employed |   .1174545   .0451212     2.60   0.009      .028906    .2060031
       _cons |  -.2615919   .0535487    -4.89   0.000    -.3666791   -.1565047
------------------------------------------------------------------------------

Absorbed degrees of freedom:
-----------------------------------------------------+
 Absorbed FE | Categories  - Redundant  = Num. Coefs |
-------------+---------------------------------------|
   ubica_geo |       952         952           0    *|
        year |         5           1           4     |
-----------------------------------------------------+
* = FE nested within cluster; treated as redundant for DoF computation

added macro:
           e(controls) : "Y"

added macro:
          e(hastimefe) : "Y"

added macro:
         e(hasmunicfe) : "Y"
(dropped 21 singleton observations)
(MWFE estimator converged in 6 iterations)
note: 1bn.post is probably collinear with the fixed effects (all partialled-out
>  values are close to zero; tol = 1.0e-09)

HDFE Linear regression                            Number of obs   =    178,500
Absorbing 2 HDFE groups                           F(   8,   1711) =    1201.96
Statistics robust to heteroskedasticity           Prob > F        =     0.0000
                                                  R-squared       =     0.2236
                                                  Adj R-squared   =     0.2161
                                                  Within R-sq.    =     0.1449
Number of clusters (ubica_geo) =      1,712       Root MSE        =     0.4147

                          (Std. err. adjusted for 1,712 clusters in ubica_geo)
------------------------------------------------------------------------------
             |               Robust
    self_emp | Coefficient  std. err.      t    P>|t|     [95% conf. interval]
-------------+----------------------------------------------------------------
      1.zlfn |  -.0241807   .0119507    -2.02   0.043    -.0476203   -.0007411
      1.post |          0  (omitted)
             |
   zlfn#post |
        1 1  |    .019178     .01553     1.23   0.217    -.0112818    .0496378
             |
    1.female |   .0526899   .0039112    13.47   0.000     .0450187    .0603612
    edad_pob |   .0129624   .0006963    18.62   0.000     .0115968     .014328
      edadsq |   -.000037   7.07e-06    -5.24   0.000    -.0000509   -.0000232
years_of_s~y |  -.0074696   .0005491   -13.60   0.000    -.0085465   -.0063927
 hoursworked |  -.0014264   .0000889   -16.05   0.000    -.0016007   -.0012521
  1.employed |   .1545988   .0161394     9.58   0.000     .1229438    .1862537
       _cons |  -.1925934   .0223119    -8.63   0.000    -.2363549   -.1488319
------------------------------------------------------------------------------

Absorbed degrees of freedom:
-----------------------------------------------------+
 Absorbed FE | Categories  - Redundant  = Num. Coefs |
-------------+---------------------------------------|
   ubica_geo |      1712        1712           0    *|
        year |         5           1           4     |
-----------------------------------------------------+
* = FE nested within cluster; treated as redundant for DoF computation

added macro:
           e(controls) : "Y"

added macro:
          e(hastimefe) : "Y"

added macro:
         e(hasmunicfe) : "Y"
options mtitles and nomtitles not both allowed
r(198);

end of do-file
r(198);
