-------------------------------------------------------------------------------
      name:  <unnamed>
       log:  /Users/victorortega/Library/CloudStorage/Dropbox/CarrascoOrtega-mi
> nwage/code/estimate/log/did-wage-sector.log
  log type:  text
 opened on:  24 Apr 2026, 00:33:00

. 
. *************************************************
. *** DiD: Sector Heterogeneity *******************
. **** Panel A: Pre-treatment sector shares *******
. **** Panel B: DiD by sector coverage ************
. *************************************************
. 
. foreach ds in year month {
  2. 
. do read-enigh`ds'.do
  3. estimates clear
  4. 
. *************************************************
. ************ Harmonize Sector Variable **********
. *************************************************
. 
. *** Year data has `sector'; month data has `ind1'
. if "`ds'" == "month" {
  5.     cap gen sector = ind1
  6.     cap gen informal = (sar_afore1 != 1) if employed == 1
  7. }
  8. 
. *** Covered = sectors with MW enforcement
. *** Uncovered = agriculture (11), other services incl. domestic (81),
. ***             unspecified workers (97, 99)
. gen covered = !inlist(sector, 11, 81, 97, 99) if !missing(sector)
  9. 
. *************************************************
. *** Panel A: Pre-treatment Sector Shares ********
. *************************************************
. 
. *** Sector distribution before treatment (year <= 2018)
. *** By ethnicity (indspeaker)
. 
. eststo share_all: quietly estpost tabulate sector if post == 0, nototal
 10. eststo share_nonind: quietly estpost tabulate sector if post == 0 & indspe
> aker == 0, nototal
 11. eststo share_ind: quietly estpost tabulate sector if post == 0 & indspeake
> r == 1, nototal
 12. 
. esttab share_all share_nonind share_ind ///
>     using "../../paper/tables/sum-sector-shares-`ds'.tex", replace label frag
> ment ///
>     nolines posthead(\cmidrule{2-4}) prefoot(\midrule) ///
>     postfoot(\bottomrule \bottomrule) booktabs ///
>     nonumbers mtitle("(1)" "(2)" "(3)") collabels(none) ///
>     cells(pct(fmt(%9.1f))) ///
>     stats(N, fmt(%11.0gc) label("Observations")) onecell
 13. 
. *************************************************
. *** Panel B: DiD by Coverage × Ethnicity ********
. **** Covered sectors ****************************
. *************************************************
. 
. estimates clear
 14. 
. *** All — covered
. reghdfe lnw i.zlfn##i.post $controls if covered == 1, absorb(ubica_geo year) 
> vce(cluster ubica_geo)
 15.      eststo c1
 16.      estadd local controls   "Y"
 17.      estadd local hastimefe  "Y"
 18.      estadd local hasmunicfe "Y"
 19. 
. *** Non-ind speakers — covered
. reghdfe lnw i.zlfn##i.post $controls if covered == 1 & indspeaker == 0, absor
> b(ubica_geo year) vce(cluster ubica_geo)
 20.      eststo c2
 21.      estadd local controls   "Y"
 22.      estadd local hastimefe  "Y"
 23.      estadd local hasmunicfe "Y"
 24. 
. *** Non-ind self-id — covered
. reghdfe lnw i.zlfn##i.post $controls if covered == 1 & etnia == 0, absorb(ubi
> ca_geo year) vce(cluster ubica_geo)
 25.      eststo c3
 26.      estadd local controls   "Y"
 27.      estadd local hastimefe  "Y"
 28.      estadd local hasmunicfe "Y"
 29. 
. *** Ind speakers — covered
. reghdfe lnw i.zlfn##i.post $controls if covered == 1 & indspeaker == 1, absor
> b(ubica_geo year) vce(cluster ubica_geo)
 30.      eststo c4
 31.      estadd local controls   "Y"
 32.      estadd local hastimefe  "Y"
 33.      estadd local hasmunicfe "Y"
 34. 
. *** Ind self-id — covered
. reghdfe lnw i.zlfn##i.post $controls if covered == 1 & etnia == 1, absorb(ubi
> ca_geo year) vce(cluster ubica_geo)
 35.      eststo c5
 36.      estadd local controls   "Y"
 37.      estadd local hastimefe  "Y"
 38.      estadd local hasmunicfe "Y"
 39. 
. *************************************************
. *** DiD by Coverage × Ethnicity *****************
. **** Uncovered sectors **************************
. *************************************************
. 
. *** All — uncovered
. reghdfe lnw i.zlfn##i.post $controls if covered == 0, absorb(ubica_geo year) 
> vce(cluster ubica_geo)
 40.      eststo u1
 41.      estadd local controls   "Y"
 42.      estadd local hastimefe  "Y"
 43.      estadd local hasmunicfe "Y"
 44. 
. *** Non-ind speakers — uncovered
. reghdfe lnw i.zlfn##i.post $controls if covered == 0 & indspeaker == 0, absor
> b(ubica_geo year) vce(cluster ubica_geo)
 45.      eststo u2
 46.      estadd local controls   "Y"
 47.      estadd local hastimefe  "Y"
 48.      estadd local hasmunicfe "Y"
 49. 
. *** Non-ind self-id — uncovered
. reghdfe lnw i.zlfn##i.post $controls if covered == 0 & etnia == 0, absorb(ubi
> ca_geo year) vce(cluster ubica_geo)
 50.      eststo u3
 51.      estadd local controls   "Y"
 52.      estadd local hastimefe  "Y"
 53.      estadd local hasmunicfe "Y"
 54. 
. *** Ind speakers — uncovered
. reghdfe lnw i.zlfn##i.post $controls if covered == 0 & indspeaker == 1, absor
> b(ubica_geo year) vce(cluster ubica_geo)
 55.      eststo u4
 56.      estadd local controls   "Y"
 57.      estadd local hastimefe  "Y"
 58.      estadd local hasmunicfe "Y"
 59. 
. *** Ind self-id — uncovered
. reghdfe lnw i.zlfn##i.post $controls if covered == 0 & etnia == 1, absorb(ubi
> ca_geo year) vce(cluster ubica_geo)
 60.      eststo u5
 61.      estadd local controls   "Y"
 62.      estadd local hastimefe  "Y"
 63.      estadd local hasmunicfe "Y"
 64. 
. *************************************************
. *************** Export TeX Table ****************
. *************************************************
. 
. *** Panel A: Covered sectors
. esttab c1 c2 c3 c4 c5 ///
>     using "../../paper/tables/did-wage-sector-`ds'.tex", replace label fragme
> nt ///
>     nolines posthead(\cmidrule{2-6}) booktabs ///
>     nonumbers mtitle("(1)" "(2)" "(3)" "(4)" "(5)") collabels(none) ///
>     cells(b(star fmt(%9.3f)) se(par fmt(%9.3f))) ///
>     starlevels(* 0.10 ** 0.05 *** 0.01) ///
>     refcat(1.zlfn#1.post "\textit{Panel A: Covered Sectors}", nolabel) ///
>     keep(1.zlfn#1.post) ///
>     coeflabel(1.zlfn#1.post "\hspace{1em}ZLFN $\times$ 2016--2024") ///
>     noobs nomtitle
 65. 
. *** Panel B: Uncovered sectors (append)
. esttab u1 u2 u3 u4 u5 ///
>     using "../../paper/tables/did-wage-sector-`ds'.tex", append label fragmen
> t ///
>     nolines prefoot(\midrule) postfoot(\bottomrule \bottomrule) booktabs ///
>     nonumbers nomtitle collabels(none) ///
>     cells(b(star fmt(%9.3f)) se(par fmt(%9.3f))) ///
>     starlevels(* 0.10 ** 0.05 *** 0.01) ///
>     refcat(1.zlfn#1.post "\textit{Panel B: Uncovered Sectors}", nolabel) ///
>     keep(1.zlfn#1.post) ///
>     coeflabel(1.zlfn#1.post "\hspace{1em}ZLFN $\times$ 2016--2024") ///
>     stats(N controls hastimefe hasmunicfe, ///
>         fmt(%11.0gc) label("Observations" "Controls" "Time FE" "Municipal FE"
> )) onecell
 66. 
. }

. *************************************************
. *************** Read ENIGH Year *****************
. *************************************************
. 
. *** REPLICATION FILE: read-enighyear
. *** STATA VERSION: StataNow 19.5
. *** AUTHORS: Matías Carrasco, Victor Ortega Le Hénanff
. *** DATE: 2026-03-03
. 
. *  Loads the yearly cross-section produced by
. *  data/clean/code/enigh-year.R, generates derived
. *  variables and sets the $controls global.
. 
. *  Called by every analysis do-file:
. *     do read-enighyear.do
. 
. *************************************************
. ****************** Load Data ********************
. *************************************************
. 
. use "../../data/clean/enigh/enigh-year.dta", clear

. 
. ssc install require, replace
checking require consistency and verifying not already installed...
all files already exist and are up to date.

. ssc install estout, replace
checking estout consistency and verifying not already installed...
all files already exist and are up to date.

. ssc install coefplot, replace
checking coefplot consistency and verifying not already installed...
all files already exist and are up to date.

. 
. * Install ftools (remove program if it existed previously)
. net install ftools, replace from("https://raw.githubusercontent.com/sergiocor
> reia/ftools/master/src/")
checking ftools consistency and verifying not already installed...
all files already exist and are up to date.

. 
. * Install reghdfe 6.x
. net install reghdfe, replace from("https://raw.githubusercontent.com/sergioco
> rreia/reghdfe/master/src/")
checking reghdfe consistency and verifying not already installed...
all files already exist and are up to date.

. 
. *************************************************
. *************** Decode Factors ******************
. *************************************************
. 
. * haven::write_dta stores R factors as labeled integers.
. * Decode year and ent to recover original numeric values.
. 
. foreach v in year ent {
  2.     capture decode `v', gen(_`v'_str)
  3.     if _rc == 0 {
  4.         destring _`v'_str, replace force
  5.         drop `v'
  6.         rename _`v'_str `v'
  7.     }
  8. }

. 
. *************************************************
. *********** Generate Log Incomes ****************
. *************************************************
. 
. gen lnw   = ln(ing_wages)            if ing_wages > 0
(206,957 missing values generated)

. gen lni   = ln(ing_lab)              if ing_lab > 0
(42,758 missing values generated)

. gen lnmon = ln(ing_mon)              if ing_mon > 0
(24,777 missing values generated)

. gen lnr   = ln(ing_rentas)          if ing_rentas > 0
(682,670 missing values generated)

. gen lnv   = ln(ing_ventas)          if ing_ventas > 0
(676,733 missing values generated)

. gen lno   = ln(ing_other)           if ing_other > 0
(565,544 missing values generated)

. gen lnn   = ln(ing_negocio)         if ing_negocio > 0
(546,587 missing values generated)

. gen lnnwi = ln(ing_non_wage_income) if ing_non_wage_income > 0
(523,909 missing values generated)

. gen lngt  = ln(ing_gov_transfers)   if ing_gov_transfers > 0
(583,326 missing values generated)

. gen lnfc  = ln(ing_fin_capital)     if ing_fin_capital > 0
(663,912 missing values generated)

. 
. *************************************************
. ************ Derived Variables ******************
. *************************************************
. 
. gen female = 1 - sexo

. gen edadsq = edad_pob * edad_pob

. 
. label variable lnw   "Log Wages"

. label variable lni   "Log Labor Income"

. label variable lnmon "Log Monetary Income"

. label variable lnr   "Log Rent Income"

. label variable lnv   "Log Sales Income"

. label variable lno   "Log Other Income"

. label variable lnn   "Log Business Income"

. label variable lnnwi "Log Non-Wage Income"

. label variable lngt  "Log Government Transfers"

. label variable lnfc  "Log Financial Capital Income"

. label variable post  "Post-Treatment (year > 2018)"

. label variable female "Female"

. label variable edadsq "Age Squared"

. 
. *************************************************
. ***************** Controls **********************
. *************************************************
. 
. global controls i.female edad_pob edadsq years_of_study hoursworked i.employe
> d

. 
end of do-file
(11,315 missing values generated)
(output written to ../../paper/tables/sum-sector-shares-year.tex)
(dropped 20 singleton observations)
(MWFE estimator converged in 6 iterations)
note: 1bn.post is probably collinear with the fixed effects (all partialled-out
>  values are close to zero; tol = 1.0e-09)

HDFE Linear regression                            Number of obs   =    303,488
Absorbing 2 HDFE groups                           F(   8,   1740) =    2071.78
Statistics robust to heteroskedasticity           Prob > F        =     0.0000
                                                  R-squared       =     0.3388
                                                  Adj R-squared   =     0.3350
                                                  Within R-sq.    =     0.2612
Number of clusters (ubica_geo) =      1,741       Root MSE        =     0.7240

                          (Std. err. adjusted for 1,741 clusters in ubica_geo)
------------------------------------------------------------------------------
             |               Robust
         lnw | Coefficient  std. err.      t    P>|t|     [95% conf. interval]
-------------+----------------------------------------------------------------
      1.zlfn |   .0306344   .0229639     1.33   0.182    -.0144052    .0756741
      1.post |          0  (omitted)
             |
   zlfn#post |
        1 1  |   .1375222   .0132705    10.36   0.000     .1114945    .1635499
             |
    1.female |  -.3035058    .005045   -60.16   0.000    -.3134007   -.2936108
    edad_pob |   .0786004   .0010143    77.50   0.000     .0766111    .0805897
      edadsq |  -.0007923   .0000115   -68.71   0.000    -.0008149   -.0007696
years_of_s~y |   .0753153   .0007638    98.60   0.000     .0738172    .0768134
 hoursworked |   .0103736    .000248    41.82   0.000     .0098871    .0108601
  1.employed |  -.1407296   .0206626    -6.81   0.000    -.1812558   -.1002033
       _cons |   6.110617   .0345091   177.07   0.000     6.042934    6.178301
------------------------------------------------------------------------------

Absorbed degrees of freedom:
-----------------------------------------------------+
 Absorbed FE | Categories  - Redundant  = Num. Coefs |
-------------+---------------------------------------|
   ubica_geo |      1741        1741           0    *|
        year |         5           1           4     |
-----------------------------------------------------+
* = FE nested within cluster; treated as redundant for DoF computation

added macro:
           e(controls) : "Y"

added macro:
          e(hastimefe) : "Y"

added macro:
         e(hasmunicfe) : "Y"
(dropped 42 singleton observations)
(MWFE estimator converged in 5 iterations)
note: 1bn.post is probably collinear with the fixed effects (all partialled-out
>  values are close to zero; tol = 1.0e-09)

HDFE Linear regression                            Number of obs   =    290,318
Absorbing 2 HDFE groups                           F(   8,   1641) =    2093.13
Statistics robust to heteroskedasticity           Prob > F        =     0.0000
                                                  R-squared       =     0.3358
                                                  Adj R-squared   =     0.3320
                                                  Within R-sq.    =     0.2636
Number of clusters (ubica_geo) =      1,642       Root MSE        =     0.7191

                          (Std. err. adjusted for 1,642 clusters in ubica_geo)
------------------------------------------------------------------------------
             |               Robust
         lnw | Coefficient  std. err.      t    P>|t|     [95% conf. interval]
-------------+----------------------------------------------------------------
      1.zlfn |   .0297687    .023685     1.26   0.209    -.0166873    .0762247
      1.post |          0  (omitted)
             |
   zlfn#post |
        1 1  |   .1373597    .012837    10.70   0.000      .112181    .1625384
             |
    1.female |   -.298396    .004937   -60.44   0.000    -.3080796   -.2887125
    edad_pob |   .0786921   .0010455    75.27   0.000     .0766415    .0807427
      edadsq |  -.0007924   .0000118   -67.11   0.000    -.0008156   -.0007693
years_of_s~y |   .0755205   .0007671    98.45   0.000      .074016    .0770251
 hoursworked |   .0104325   .0002489    41.92   0.000     .0099444    .0109207
  1.employed |   -.133498   .0210495    -6.34   0.000    -.1747846   -.0922113
       _cons |   6.102857   .0355811   171.52   0.000     6.033068    6.172647
------------------------------------------------------------------------------

Absorbed degrees of freedom:
-----------------------------------------------------+
 Absorbed FE | Categories  - Redundant  = Num. Coefs |
-------------+---------------------------------------|
   ubica_geo |      1642        1642           0    *|
        year |         5           1           4     |
-----------------------------------------------------+
* = FE nested within cluster; treated as redundant for DoF computation

added macro:
           e(controls) : "Y"

added macro:
          e(hastimefe) : "Y"

added macro:
         e(hasmunicfe) : "Y"
(dropped 89 singleton observations)
(MWFE estimator converged in 6 iterations)
note: 1bn.post is probably collinear with the fixed effects (all partialled-out
>  values are close to zero; tol = 1.0e-09)

HDFE Linear regression                            Number of obs   =    225,969
Absorbing 2 HDFE groups                           F(   8,   1502) =    1843.96
Statistics robust to heteroskedasticity           Prob > F        =     0.0000
                                                  R-squared       =     0.3360
                                                  Adj R-squared   =     0.3315
                                                  Within R-sq.    =     0.2692
Number of clusters (ubica_geo) =      1,503       Root MSE        =     0.7067

                          (Std. err. adjusted for 1,503 clusters in ubica_geo)
------------------------------------------------------------------------------
             |               Robust
         lnw | Coefficient  std. err.      t    P>|t|     [95% conf. interval]
-------------+----------------------------------------------------------------
      1.zlfn |   .0385212   .0254044     1.52   0.130    -.0113107    .0883531
      1.post |          0  (omitted)
             |
   zlfn#post |
        1 1  |   .1377567   .0152756     9.02   0.000      .107793    .1677204
             |
    1.female |  -.2924419    .004791   -61.04   0.000    -.3018396   -.2830442
    edad_pob |   .0772609   .0011023    70.09   0.000     .0750987    .0794232
      edadsq |  -.0007764   .0000124   -62.67   0.000    -.0008007   -.0007521
years_of_s~y |   .0765372   .0008087    94.65   0.000      .074951    .0781235
 hoursworked |   .0104488    .000242    43.18   0.000     .0099742    .0109235
  1.employed |  -.1426156    .022932    -6.22   0.000    -.1875978   -.0976334
       _cons |   6.159535   .0389686   158.06   0.000     6.083097    6.235974
------------------------------------------------------------------------------

Absorbed degrees of freedom:
-----------------------------------------------------+
 Absorbed FE | Categories  - Redundant  = Num. Coefs |
-------------+---------------------------------------|
   ubica_geo |      1503        1503           0    *|
        year |         5           1           4     |
-----------------------------------------------------+
* = FE nested within cluster; treated as redundant for DoF computation

added macro:
           e(controls) : "Y"

added macro:
          e(hastimefe) : "Y"

added macro:
         e(hasmunicfe) : "Y"
(dropped 219 singleton observations)
(MWFE estimator converged in 6 iterations)
note: 1bn.post is probably collinear with the fixed effects (all partialled-out
>  values are close to zero; tol = 1.0e-09)

HDFE Linear regression                            Number of obs   =     12,929
Absorbing 2 HDFE groups                           F(   8,    695) =     159.74
Statistics robust to heteroskedasticity           Prob > F        =     0.0000
                                                  R-squared       =     0.3551
                                                  Adj R-squared   =     0.3178
                                                  Within R-sq.    =     0.2111
Number of clusters (ubica_geo) =        696       Root MSE        =     0.8140

                            (Std. err. adjusted for 696 clusters in ubica_geo)
------------------------------------------------------------------------------
             |               Robust
         lnw | Coefficient  std. err.      t    P>|t|     [95% conf. interval]
-------------+----------------------------------------------------------------
      1.zlfn |   .0688759   .1333498     0.52   0.606    -.1929408    .3306926
      1.post |          0  (omitted)
             |
   zlfn#post |
        1 1  |   .1946488   .1405239     1.39   0.166    -.0812533     .470551
             |
    1.female |  -.4531859   .0251782   -18.00   0.000    -.5026204   -.4037514
    edad_pob |   .0751625   .0034278    21.93   0.000     .0684325    .0818925
      edadsq |  -.0007819   .0000406   -19.27   0.000    -.0008616   -.0007022
years_of_s~y |    .067411   .0027799    24.25   0.000      .061953    .0728691
 hoursworked |   .0088341   .0005931    14.90   0.000     .0076697    .0099985
  1.employed |  -.3648878   .1056852    -3.45   0.001    -.5723883   -.1573873
       _cons |   6.418852   .1353135    47.44   0.000      6.15318    6.684524
------------------------------------------------------------------------------

Absorbed degrees of freedom:
-----------------------------------------------------+
 Absorbed FE | Categories  - Redundant  = Num. Coefs |
-------------+---------------------------------------|
   ubica_geo |       696         696           0    *|
        year |         5           1           4     |
-----------------------------------------------------+
* = FE nested within cluster; treated as redundant for DoF computation

added macro:
           e(controls) : "Y"

added macro:
          e(hastimefe) : "Y"

added macro:
         e(hasmunicfe) : "Y"
(dropped 88 singleton observations)
(MWFE estimator converged in 6 iterations)
note: 1bn.post is probably collinear with the fixed effects (all partialled-out
>  values are close to zero; tol = 1.0e-09)

HDFE Linear regression                            Number of obs   =     77,362
Absorbing 2 HDFE groups                           F(   8,   1580) =     836.05
Statistics robust to heteroskedasticity           Prob > F        =     0.0000
                                                  R-squared       =     0.3238
                                                  Adj R-squared   =     0.3096
                                                  Within R-sq.    =     0.2358
Number of clusters (ubica_geo) =      1,581       Root MSE        =     0.7686

                          (Std. err. adjusted for 1,581 clusters in ubica_geo)
------------------------------------------------------------------------------
             |               Robust
         lnw | Coefficient  std. err.      t    P>|t|     [95% conf. interval]
-------------+----------------------------------------------------------------
      1.zlfn |  -.0256836   .0310762    -0.83   0.409    -.0866386    .0352713
      1.post |          0  (omitted)
             |
   zlfn#post |
        1 1  |   .1554537   .0296161     5.25   0.000     .0973627    .2135447
             |
    1.female |  -.3349903   .0093283   -35.91   0.000    -.3532874   -.3166933
    edad_pob |   .0818808   .0016664    49.13   0.000     .0786121    .0851495
      edadsq |  -.0008335   .0000203   -41.12   0.000    -.0008733   -.0007938
years_of_s~y |   .0698655    .001217    57.41   0.000     .0674784    .0722527
 hoursworked |   .0101723    .000375    27.12   0.000     .0094367    .0109079
  1.employed |  -.1281397   .0398945    -3.21   0.001    -.2063915   -.0498879
       _cons |   5.989939   .0562768   106.44   0.000     5.879554    6.100323
------------------------------------------------------------------------------

Absorbed degrees of freedom:
-----------------------------------------------------+
 Absorbed FE | Categories  - Redundant  = Num. Coefs |
-------------+---------------------------------------|
   ubica_geo |      1581        1581           0    *|
        year |         5           1           4     |
-----------------------------------------------------+
* = FE nested within cluster; treated as redundant for DoF computation

added macro:
           e(controls) : "Y"

added macro:
          e(hastimefe) : "Y"

added macro:
         e(hasmunicfe) : "Y"
(dropped 52 singleton observations)
(MWFE estimator converged in 6 iterations)
note: 1bn.post is probably collinear with the fixed effects (all partialled-out
>  values are close to zero; tol = 1.0e-09)

HDFE Linear regression                            Number of obs   =     89,627
Absorbing 2 HDFE groups                           F(   8,   1686) =    1390.01
Statistics robust to heteroskedasticity           Prob > F        =     0.0000
                                                  R-squared       =     0.3605
                                                  Adj R-squared   =     0.3482
                                                  Within R-sq.    =     0.2356
Number of clusters (ubica_geo) =      1,687       Root MSE        =     0.7714

                          (Std. err. adjusted for 1,687 clusters in ubica_geo)
------------------------------------------------------------------------------
             |               Robust
         lnw | Coefficient  std. err.      t    P>|t|     [95% conf. interval]
-------------+----------------------------------------------------------------
      1.zlfn |   .0715194   .0537204     1.33   0.183    -.0338464    .1768852
      1.post |          0  (omitted)
             |
   zlfn#post |
        1 1  |   .1334826   .0290797     4.59   0.000     .0764465    .1905188
             |
    1.female |  -.3372819   .0086679   -38.91   0.000    -.3542829    -.320281
    edad_pob |    .053061   .0011822    44.88   0.000     .0507422    .0553798
      edadsq |  -.0005642   .0000134   -42.08   0.000    -.0005905   -.0005379
years_of_s~y |   .0298289   .0011216    26.60   0.000     .0276291    .0320287
 hoursworked |   .0173969   .0002704    64.34   0.000     .0168665    .0179272
  1.employed |   .0916075   .0572582     1.60   0.110    -.0206971    .2039122
       _cons |   6.321145    .063832    99.03   0.000     6.195947    6.446344
------------------------------------------------------------------------------

Absorbed degrees of freedom:
-----------------------------------------------------+
 Absorbed FE | Categories  - Redundant  = Num. Coefs |
-------------+---------------------------------------|
   ubica_geo |      1687        1687           0    *|
        year |         5           1           4     |
-----------------------------------------------------+
* = FE nested within cluster; treated as redundant for DoF computation

added macro:
           e(controls) : "Y"

added macro:
          e(hastimefe) : "Y"

added macro:
         e(hasmunicfe) : "Y"
(dropped 78 singleton observations)
(MWFE estimator converged in 6 iterations)
note: 1bn.post is probably collinear with the fixed effects (all partialled-out
>  values are close to zero; tol = 1.0e-09)

HDFE Linear regression                            Number of obs   =     80,973
Absorbing 2 HDFE groups                           F(   8,   1553) =    1593.65
Statistics robust to heteroskedasticity           Prob > F        =     0.0000
                                                  R-squared       =     0.3533
                                                  Adj R-squared   =     0.3406
                                                  Within R-sq.    =     0.2424
Number of clusters (ubica_geo) =      1,554       Root MSE        =     0.7691

                          (Std. err. adjusted for 1,554 clusters in ubica_geo)
------------------------------------------------------------------------------
             |               Robust
         lnw | Coefficient  std. err.      t    P>|t|     [95% conf. interval]
-------------+----------------------------------------------------------------
      1.zlfn |    .078338   .0544261     1.44   0.150    -.0284185    .1850945
      1.post |          0  (omitted)
             |
   zlfn#post |
        1 1  |   .1322072   .0274197     4.82   0.000     .0784236    .1859908
             |
    1.female |  -.3423381   .0087606   -39.08   0.000     -.359522   -.3251541
    edad_pob |   .0546264   .0012092    45.17   0.000     .0522545    .0569982
      edadsq |  -.0005801   .0000139   -41.85   0.000    -.0006073   -.0005529
years_of_s~y |   .0306062    .001137    26.92   0.000     .0283759    .0328365
 hoursworked |   .0175273   .0002633    66.56   0.000     .0170108    .0180438
  1.employed |   .1095297   .0631822     1.73   0.083    -.0144018    .2334612
       _cons |   6.284081   .0694528    90.48   0.000      6.14785    6.420312
------------------------------------------------------------------------------

Absorbed degrees of freedom:
-----------------------------------------------------+
 Absorbed FE | Categories  - Redundant  = Num. Coefs |
-------------+---------------------------------------|
   ubica_geo |      1554        1554           0    *|
        year |         5           1           4     |
-----------------------------------------------------+
* = FE nested within cluster; treated as redundant for DoF computation

added macro:
           e(controls) : "Y"

added macro:
          e(hastimefe) : "Y"

added macro:
         e(hasmunicfe) : "Y"
(dropped 140 singleton observations)
(MWFE estimator converged in 6 iterations)
note: 1bn.post is probably collinear with the fixed effects (all partialled-out
>  values are close to zero; tol = 1.0e-09)

HDFE Linear regression                            Number of obs   =     58,581
Absorbing 2 HDFE groups                           F(   8,   1383) =    1254.45
Statistics robust to heteroskedasticity           Prob > F        =     0.0000
                                                  R-squared       =     0.3588
                                                  Adj R-squared   =     0.3432
                                                  Within R-sq.    =     0.2494
Number of clusters (ubica_geo) =      1,384       Root MSE        =     0.7558

                          (Std. err. adjusted for 1,384 clusters in ubica_geo)
------------------------------------------------------------------------------
             |               Robust
         lnw | Coefficient  std. err.      t    P>|t|     [95% conf. interval]
-------------+----------------------------------------------------------------
      1.zlfn |   .0879698   .0453627     1.94   0.053    -.0010173     .176957
      1.post |          0  (omitted)
             |
   zlfn#post |
        1 1  |    .118627   .0204762     5.79   0.000     .0784593    .1587947
             |
    1.female |  -.3408131   .0093691   -36.38   0.000    -.3591923   -.3224338
    edad_pob |    .054225   .0014304    37.91   0.000     .0514191     .057031
      edadsq |  -.0005751   .0000164   -34.96   0.000    -.0006073   -.0005428
years_of_s~y |   .0336522   .0012513    26.89   0.000     .0311975    .0361068
 hoursworked |   .0175276   .0002958    59.26   0.000     .0169474    .0181077
  1.employed |   .1282658   .0710419     1.81   0.071    -.0110958    .2676274
       _cons |   6.294598   .0792309    79.45   0.000     6.139172    6.450024
------------------------------------------------------------------------------

Absorbed degrees of freedom:
-----------------------------------------------------+
 Absorbed FE | Categories  - Redundant  = Num. Coefs |
-------------+---------------------------------------|
   ubica_geo |      1384        1384           0    *|
        year |         5           1           4     |
-----------------------------------------------------+
* = FE nested within cluster; treated as redundant for DoF computation

added macro:
           e(controls) : "Y"

added macro:
          e(hastimefe) : "Y"

added macro:
         e(hasmunicfe) : "Y"
(dropped 209 singleton observations)
(MWFE estimator converged in 6 iterations)
note: 1bn.post is probably collinear with the fixed effects (all partialled-out
>  values are close to zero; tol = 1.0e-09)

HDFE Linear regression                            Number of obs   =      8,419
Absorbing 2 HDFE groups                           F(   8,    591) =      73.56
Statistics robust to heteroskedasticity           Prob > F        =     0.0000
                                                  R-squared       =     0.4114
                                                  Adj R-squared   =     0.3660
                                                  Within R-sq.    =     0.1628
Number of clusters (ubica_geo) =        592       Root MSE        =     0.7854

                            (Std. err. adjusted for 592 clusters in ubica_geo)
------------------------------------------------------------------------------
             |               Robust
         lnw | Coefficient  std. err.      t    P>|t|     [95% conf. interval]
-------------+----------------------------------------------------------------
      1.zlfn |   .0184174   .0421306     0.44   0.662    -.0643264    .1011612
      1.post |          0  (omitted)
             |
   zlfn#post |
        1 1  |   .1755411   .0447284     3.92   0.000     .0876952    .2633869
             |
    1.female |   -.290908   .0339964    -8.56   0.000    -.3576765   -.2241395
    edad_pob |   .0360645   .0033184    10.87   0.000     .0295472    .0425818
      edadsq |  -.0003984   .0000379   -10.51   0.000    -.0004728    -.000324
years_of_s~y |   .0155658   .0037079     4.20   0.000     .0082834    .0228482
 hoursworked |   .0155564   .0008549    18.20   0.000     .0138775    .0172353
  1.employed |  -.0310261   .1312409    -0.24   0.813    -.2887814    .2267291
       _cons |   6.733185   .1495525    45.02   0.000     6.439466    7.026904
------------------------------------------------------------------------------

Absorbed degrees of freedom:
-----------------------------------------------------+
 Absorbed FE | Categories  - Redundant  = Num. Coefs |
-------------+---------------------------------------|
   ubica_geo |       592         592           0    *|
        year |         5           1           4     |
-----------------------------------------------------+
* = FE nested within cluster; treated as redundant for DoF computation

added macro:
           e(controls) : "Y"

added macro:
          e(hastimefe) : "Y"

added macro:
         e(hasmunicfe) : "Y"
(dropped 135 singleton observations)
(MWFE estimator converged in 6 iterations)
note: 1bn.post is probably collinear with the fixed effects (all partialled-out
>  values are close to zero; tol = 1.0e-09)

HDFE Linear regression                            Number of obs   =     30,823
Absorbing 2 HDFE groups                           F(   8,   1452) =     407.98
Statistics robust to heteroskedasticity           Prob > F        =     0.0000
                                                  R-squared       =     0.3643
                                                  Adj R-squared   =     0.3326
                                                  Within R-sq.    =     0.2106
Number of clusters (ubica_geo) =      1,453       Root MSE        =     0.7958

                          (Std. err. adjusted for 1,453 clusters in ubica_geo)
------------------------------------------------------------------------------
             |               Robust
         lnw | Coefficient  std. err.      t    P>|t|     [95% conf. interval]
-------------+----------------------------------------------------------------
      1.zlfn |    .046092   .0884947     0.52   0.603     -.127499    .2196831
      1.post |          0  (omitted)
             |
   zlfn#post |
        1 1  |   .1691868   .0806049     2.10   0.036     .0110723    .3273014
             |
    1.female |   -.326996   .0148097   -22.08   0.000    -.3560467   -.2979453
    edad_pob |   .0500045   .0019946    25.07   0.000     .0460919    .0539171
      edadsq |  -.0005377   .0000223   -24.07   0.000    -.0005815   -.0004938
years_of_s~y |   .0206448   .0016481    12.53   0.000     .0174119    .0238777
 hoursworked |   .0171003   .0004331    39.49   0.000     .0162508    .0179498
  1.employed |   .0749291   .0968006     0.77   0.439    -.1149548     .264813
       _cons |   6.350962    .107674    58.98   0.000     6.139749    6.562176
------------------------------------------------------------------------------

Absorbed degrees of freedom:
-----------------------------------------------------+
 Absorbed FE | Categories  - Redundant  = Num. Coefs |
-------------+---------------------------------------|
   ubica_geo |      1453        1453           0    *|
        year |         5           1           4     |
-----------------------------------------------------+
* = FE nested within cluster; treated as redundant for DoF computation

added macro:
           e(controls) : "Y"

added macro:
          e(hastimefe) : "Y"

added macro:
         e(hasmunicfe) : "Y"
options mtitles and nomtitles not both allowed
r(198);

end of do-file
r(198);
