-------------------------------------------------------------------------------
      name:  <unnamed>
       log:  /Users/victorortega/Library/CloudStorage/Dropbox/CarrascoOrtega-mi
> nwage/code/estimate/log/did-wage-deciles.log
  log type:  text
 opened on:   7 May 2026, 01:23:10

. 
. *************************************************
. ***** DiD: Wages by Income Decile ***************
. **** Columns: All / Formal / Informal ***********
. **** Rows:    Deciles 1–9 (10 = baseline) *******
. *************************************************
. 
. foreach ds in year month {
  2. 
. do read-indlevel-`ds'.do
  3. estimates clear
  4. 
. *************************************************
. ************* Informality Proxy *****************
. *************************************************
. 
. *** Year data: informal comes from CONEVAL merge (pea==1 & ss_dir==0)
. *** Month data: proxy via absence of SAR/AFORE on main job
. 
. if "`ds'" == "month" {
  5.     cap gen informal = (sar_afore1 != 1) if employed == 1
  6. }
  7. 
. *************************************************
. ************** Income Deciles *******************
. *************************************************
. 
. xtile decile = lni, nq(10)
  8. 
. *************************************************
. *** Build keeplist and coeflabels from loop ****
. *************************************************
. 
. local keeplist ""
  9. local coeflabels ""
 10. forvalues d = 1/9 {
 11.     local keeplist   `keeplist'   `d'.decile#1.zlfn#1.post
 12.     local coeflabels `coeflabels' `d'.decile#1.zlfn#1.post "\hspace{1em}De
> cile `d'"
 13. }
 14. 
. *************************************************
. ******* Regressions: All Workers ****************
. *************************************************
. 
. reghdfe lnw ibn.decile##(i.zlfn##i.post) $controls, absorb(ubica_geo year) vc
> e(cluster ubica_geo)
 15.      eststo c1
 16.      estadd local controls       "Y"
 17.      estadd local hastimefe      "Y"
 18.      estadd local hasmunicfe     "Y"
 19. 
. *************************************************
. ****** Regressions: Formal Workers **************
. *************************************************
. 
. reghdfe lnw ibn.decile##(i.zlfn##i.post) $controls if informal == 0, absorb(u
> bica_geo year) vce(cluster ubica_geo)
 20.      eststo c2
 21.      estadd local controls       "Y"
 22.      estadd local hastimefe      "Y"
 23.      estadd local hasmunicfe     "Y"
 24. 
. *************************************************
. ****** Regressions: Informal Workers ************
. *************************************************
. 
. reghdfe lnw ibn.decile##(i.zlfn##i.post) $controls if informal == 1, absorb(u
> bica_geo year) vce(cluster ubica_geo)
 25.      eststo c3
 26.      estadd local controls       "Y"
 27.      estadd local hastimefe      "Y"
 28.      estadd local hasmunicfe     "Y"
 29. 
. *************************************************
. *************** Export TeX Table ****************
. *************************************************
. 
. esttab c1 c2 c3 ///
>     using "../../paper/tables/did-wage-deciles-`ds'.tex", replace label fragm
> ent ///
>     nolines posthead(\cmidrule{2-4}) prefoot(\midrule) ///
>     postfoot(\bottomrule \bottomrule) booktabs ///
>     nonumbers mtitle("(1)" "(2)" "(3)") collabels(none) ///
>     cells(b(star fmt(%9.3f)) se(par fmt(%9.3f))) ///
>     starlevels(* 0.10 ** 0.05 *** 0.01) ///
>     refcat(1.decile#1.zlfn#1.post "ZLFN $\times$ 2016--2024", nolabel) ///
>     keep(`keeplist') ///
>     coeflabel(`coeflabels') ///
>     stats(N controls hastimefe hasmunicfe, ///
>         fmt(%11.0gc) label("Observations" "Controls" "Time FE" "Municipal FE"
> )) onecell
 30. 
. }

. *************************************************
. *************** Read ENIGH Year *****************
. *************************************************
. 
. *** REPLICATION FILE: read-indlevel-year.do
. *** STATA VERSION:    StataNow 19.5
. *** AUTHORS:          Matías Carrasco, Victor Ortega Le Hénanff
. *** DATE:             2026-05-03
. 
. *** Loads the yearly cross-section produced by code/build/enigh-indlevel-year
> .do
. *** (or code/build/enigh-indlevel-year.R — both write to the same path with t
> he
. *** same canonical variable contract).
. ***
. *** Canonical names (zlfn, post, etnia, indspeaker, indund, female,
. *** edad_pob, edadsq, ing_*, ing_*_nom, lnw, lni, …) are produced directly
. *** by the build script — no renames needed and no log re-derivation.
. *** Sets the global $controls used by every analysis script.
. 
. *************************************************
. **************** Install packages ****************
. *************************************************
. 
. cap which estout

. if _rc {
.     ssc install estout, replace
. }

. cap which coefplot

. if _rc {
.     ssc install coefplot, replace
. }

. cap which reghdfe

. if _rc {
.     net install ftools,  replace from("https://raw.githubusercontent.com/serg
> iocorreia/ftools/master/src/")
.     net install reghdfe, replace from("https://raw.githubusercontent.com/serg
> iocorreia/reghdfe/master/src/")
. }

. 
. *************************************************
. ****************** Load Data ********************
. *************************************************
. 
. use "../../data/clean/enigh/enigh-indlevel-year.dta", clear

. 
. *************************************************
. ***************** Controls **********************
. *************************************************
. 
. global controls i.female edad_pob edadsq years_of_study hoursworked i.employe
> d

. 
end of do-file
(dropped 2 singleton observations)
(MWFE estimator converged in 6 iterations)
note: 1bn.zlfn is probably collinear with the fixed effects (all partialled-out
>  values are close to zero; tol = 1.0e-09)
note: 1bn.post is probably collinear with the fixed effects (all partialled-out
>  values are close to zero; tol = 1.0e-09)
note: 10.decile omitted because of collinearity
note: 10o.decile#0b.zlfn omitted because of collinearity
note: 10o.decile#0b.post omitted because of collinearity
note: 10o.decile#0b.zlfn#0b.post omitted because of collinearity

HDFE Linear regression                            Number of obs   =    399,482
Absorbing 2 HDFE groups                           F(  43,   1762) =   35172.11
Statistics robust to heteroskedasticity           Prob > F        =     0.0000
                                                  R-squared       =     0.8958
                                                  Adj R-squared   =     0.8953
                                                  Within R-sq.    =     0.8805
Number of clusters (ubica_geo) =      1,763       Root MSE        =     0.3118

                          (Std. err. adjusted for 1,763 clusters in ubica_geo)
------------------------------------------------------------------------------
             |               Robust
         lnw | Coefficient  std. err.      t    P>|t|     [95% conf. interval]
-------------+----------------------------------------------------------------
      decile |
          1  |  -3.542326   .0119091  -297.45   0.000    -3.565683   -3.518968
          2  |  -2.248775   .0094804  -237.20   0.000    -2.267369    -2.23018
          3  |  -1.699207   .0089726  -189.38   0.000    -1.716805   -1.681609
          4  |  -1.404804   .0091436  -153.64   0.000    -1.422737   -1.386871
          5  |  -1.224054   .0091489  -133.79   0.000    -1.241998    -1.20611
          6  |  -1.081169   .0091196  -118.55   0.000    -1.099056   -1.063283
          7  |  -.9379302   .0095377   -98.34   0.000    -.9566366   -.9192239
          8  |  -.7606826   .0093968   -80.95   0.000    -.7791127   -.7422525
          9  |  -.5315124   .0094386   -56.31   0.000    -.5500245   -.5130004
         10  |          0  (omitted)
             |
        zlfn |
       ZLFN  |          0  (omitted)
             |
        post |
Post (>2..)  |          0  (omitted)
             |
   zlfn#post |
       ZLFN #|
Post (>2..)  |  -.0338928   .0197894    -1.71   0.087    -.0727059    .0049204
             |
 decile#zlfn |
     1#ZLFN  |  -.0576619   .0396306    -1.45   0.146    -.1353899    .0200661
     2#ZLFN  |  -.1420958    .032408    -4.38   0.000     -.205658   -.0785337
     3#ZLFN  |   -.133501   .0331929    -4.02   0.000    -.1986026   -.0683993
     4#ZLFN  |  -.1287738   .0342792    -3.76   0.000     -.196006   -.0615416
     5#ZLFN  |  -.1274828   .0336156    -3.79   0.000    -.1934135   -.0615521
     6#ZLFN  |  -.1267993   .0321712    -3.94   0.000    -.1898969   -.0637017
     7#ZLFN  |  -.1319759   .0372185    -3.55   0.000     -.204973   -.0589789
     8#ZLFN  |  -.1262364   .0369698    -3.41   0.001    -.1987456   -.0537271
     9#ZLFN  |  -.1273125   .0344625    -3.69   0.000    -.1949041   -.0597209
    10#ZLFN  |          0  (omitted)
             |
 decile#post |
          1 #|
Post (>2..)  |   .0887727   .0119952     7.40   0.000     .0652464    .1122989
          2 #|
Post (>2..)  |   .0430053   .0077255     5.57   0.000     .0278533    .0581574
          3 #|
Post (>2..)  |   .0480421   .0073088     6.57   0.000     .0337072     .062377
          4 #|
Post (>2..)  |   .0504552   .0072646     6.95   0.000     .0362069    .0647034
          5 #|
Post (>2..)  |   .0523513   .0074604     7.02   0.000     .0377191    .0669834
          6 #|
Post (>2..)  |   .0685882   .0074306     9.23   0.000     .0540144    .0831619
          7 #|
Post (>2..)  |   .0643461   .0075202     8.56   0.000     .0495968    .0790955
          8 #|
Post (>2..)  |   .0510708   .0074147     6.89   0.000     .0365283    .0656133
          9 #|
Post (>2..)  |    .042539   .0076881     5.53   0.000     .0274602    .0576177
         10 #|
Post (>2..)  |          0  (omitted)
             |
 decile#zlfn#|
        post |
          1 #|
       ZLFN #|
Post (>2..)  |   .1012709   .0487579     2.08   0.038     .0056415    .1969004
          2 #|
       ZLFN #|
Post (>2..)  |   .0455356   .0232613     1.96   0.050    -.0000871    .0911582
          3 #|
       ZLFN #|
Post (>2..)  |   .0340216    .020985     1.62   0.105    -.0071364    .0751797
          4 #|
       ZLFN #|
Post (>2..)  |   .0387311   .0191096     2.03   0.043     .0012513    .0762109
          5 #|
       ZLFN #|
Post (>2..)  |   .0532308   .0207995     2.56   0.011     .0124365     .094025
          6 #|
       ZLFN #|
Post (>2..)  |   .0637628   .0188403     3.38   0.001     .0268111    .1007145
          7 #|
       ZLFN #|
Post (>2..)  |    .069132   .0249981     2.77   0.006     .0201029     .118161
          8 #|
       ZLFN #|
Post (>2..)  |   .0791605   .0238723     3.32   0.001     .0323394    .1259816
          9 #|
       ZLFN #|
Post (>2..)  |   .0654342   .0235305     2.78   0.005     .0192835    .1115849
         10 #|
       ZLFN #|
Post (>2..)  |          0  (omitted)
             |
      female |
     Female  |  -.0350624   .0012721   -27.56   0.000    -.0375574   -.0325675
    edad_pob |   .0061435   .0002893    21.23   0.000      .005576    .0067109
      edadsq |  -.0000495   3.56e-06   -13.87   0.000    -.0000564   -.0000425
years_of_s~y |   .0063259   .0003077    20.56   0.000     .0057223    .0069295
 hoursworked |   .0010225   .0000572    17.88   0.000     .0009103    .0011346
             |
    employed |
        Yes  |  -.0003681   .0070099    -0.05   0.958    -.0141166    .0133804
       _cons |   9.730422   .0106749   911.53   0.000     9.709485    9.751359
------------------------------------------------------------------------------

Absorbed degrees of freedom:
-----------------------------------------------------+
 Absorbed FE | Categories  - Redundant  = Num. Coefs |
-------------+---------------------------------------|
   ubica_geo |      1763        1763           0    *|
        year |         5           1           4     |
-----------------------------------------------------+
* = FE nested within cluster; treated as redundant for DoF computation

added macro:
           e(controls) : "Y"

added macro:
          e(hastimefe) : "Y"

added macro:
         e(hasmunicfe) : "Y"
(dropped 107 singleton observations)
(MWFE estimator converged in 6 iterations)
note: 1bn.zlfn is probably collinear with the fixed effects (all partialled-out
>  values are close to zero; tol = 1.0e-09)
note: 1bn.post is probably collinear with the fixed effects (all partialled-out
>  values are close to zero; tol = 1.0e-09)
note: 10.decile omitted because of collinearity
note: 10o.decile#0b.zlfn omitted because of collinearity
note: 10o.decile#0b.post omitted because of collinearity
note: 10o.decile#0b.zlfn#0b.post omitted because of collinearity

HDFE Linear regression                            Number of obs   =    198,916
Absorbing 2 HDFE groups                           F(  43,   1512) =   17694.00
Statistics robust to heteroskedasticity           Prob > F        =     0.0000
                                                  R-squared       =     0.8635
                                                  Adj R-squared   =     0.8624
                                                  Within R-sq.    =     0.8542
Number of clusters (ubica_geo) =      1,513       Root MSE        =     0.2579

                          (Std. err. adjusted for 1,513 clusters in ubica_geo)
------------------------------------------------------------------------------
             |               Robust
         lnw | Coefficient  std. err.      t    P>|t|     [95% conf. interval]
-------------+----------------------------------------------------------------
      decile |
          1  |  -3.365602    .021644  -155.50   0.000    -3.408058   -3.323147
          2  |  -2.261355   .0113512  -199.22   0.000    -2.283621    -2.23909
          3  |  -1.685619   .0085574  -196.98   0.000    -1.702405   -1.668834
          4  |   -1.39236   .0093277  -149.27   0.000    -1.410657   -1.374064
          5  |  -1.216786   .0092077  -132.15   0.000    -1.234847   -1.198725
          6  |  -1.072097   .0092297  -116.16   0.000    -1.090201   -1.053992
          7  |  -.9259058   .0097792   -94.68   0.000    -.9450881   -.9067236
          8  |  -.7496262    .009327   -80.37   0.000    -.7679214    -.731331
          9  |   -.522377   .0093802   -55.69   0.000    -.5407766   -.5039775
         10  |          0  (omitted)
             |
        zlfn |
       ZLFN  |          0  (omitted)
             |
        post |
Post (>2..)  |          0  (omitted)
             |
   zlfn#post |
       ZLFN #|
Post (>2..)  |  -.0116525   .0127848    -0.91   0.362    -.0367303    .0134253
             |
 decile#zlfn |
     1#ZLFN  |   .0194351   .0448112     0.43   0.665    -.0684636    .1073338
     2#ZLFN  |  -.0706204     .02813    -2.51   0.012    -.1257984   -.0154425
     3#ZLFN  |   -.074142   .0233651    -3.17   0.002    -.1199735   -.0283105
     4#ZLFN  |  -.0573529    .024611    -2.33   0.020    -.1056283   -.0090775
     5#ZLFN  |  -.0385409   .0250799    -1.54   0.125     -.087736    .0106543
     6#ZLFN  |  -.0408891   .0223853    -1.83   0.068    -.0847986    .0030204
     7#ZLFN  |  -.0528319   .0263348    -2.01   0.045    -.1044885   -.0011754
     8#ZLFN  |  -.0457574   .0257702    -1.78   0.076    -.0963064    .0047917
     9#ZLFN  |  -.0484442   .0258804    -1.87   0.061    -.0992095    .0023211
    10#ZLFN  |          0  (omitted)
             |
 decile#post |
          1 #|
Post (>2..)  |   .0847933   .0252778     3.35   0.001       .03521    .1343766
          2 #|
Post (>2..)  |   .0296006    .010333     2.86   0.004      .009332    .0498692
          3 #|
Post (>2..)  |   .0290749   .0078263     3.72   0.000     .0137234    .0444264
          4 #|
Post (>2..)  |   .0372094    .008102     4.59   0.000      .021317    .0531019
          5 #|
Post (>2..)  |   .0467138   .0081446     5.74   0.000     .0307379    .0626898
          6 #|
Post (>2..)  |   .0635617   .0081468     7.80   0.000     .0475814     .079542
          7 #|
Post (>2..)  |   .0569463   .0080563     7.07   0.000     .0411435     .072749
          8 #|
Post (>2..)  |   .0434433   .0077665     5.59   0.000     .0282091    .0586775
          9 #|
Post (>2..)  |    .042263   .0078352     5.39   0.000      .026894     .057632
         10 #|
Post (>2..)  |          0  (omitted)
             |
 decile#zlfn#|
        post |
          1 #|
       ZLFN #|
Post (>2..)  |    .024574   .0786503     0.31   0.755    -.1297013    .1788492
          2 #|
       ZLFN #|
Post (>2..)  |   .0200456   .0226672     0.88   0.377     -.024417    .0645081
          3 #|
       ZLFN #|
Post (>2..)  |  -.0028202   .0195454    -0.14   0.885    -.0411592    .0355188
          4 #|
       ZLFN #|
Post (>2..)  |   .0239184   .0141719     1.69   0.092    -.0038804    .0517171
          5 #|
       ZLFN #|
Post (>2..)  |   .0166074   .0148465     1.12   0.263    -.0125146    .0457294
          6 #|
       ZLFN #|
Post (>2..)  |   .0277279   .0124078     2.23   0.026     .0033896    .0520662
          7 #|
       ZLFN #|
Post (>2..)  |   .0455054   .0179893     2.53   0.012     .0102187    .0807921
          8 #|
       ZLFN #|
Post (>2..)  |   .0713546   .0165103     4.32   0.000      .038969    .1037402
          9 #|
       ZLFN #|
Post (>2..)  |   .0481751   .0176158     2.73   0.006     .0136212    .0827291
         10 #|
       ZLFN #|
Post (>2..)  |          0  (omitted)
             |
      female |
     Female  |  -.0268082   .0014184   -18.90   0.000    -.0295903    -.024026
    edad_pob |      .0017   .0003636     4.68   0.000     .0009867    .0024132
      edadsq |   6.92e-06   4.41e-06     1.57   0.116    -1.72e-06    .0000156
years_of_s~y |   .0103783   .0004276    24.27   0.000     .0095396     .011217
 hoursworked |  -.0000892   .0000555    -1.61   0.108     -.000198    .0000196
             |
    employed |
        Yes  |   .0196319   .0075935     2.59   0.010     .0047369    .0345268
       _cons |   9.766287   .0124476   784.59   0.000     9.741871    9.790704
------------------------------------------------------------------------------

Absorbed degrees of freedom:
-----------------------------------------------------+
 Absorbed FE | Categories  - Redundant  = Num. Coefs |
-------------+---------------------------------------|
   ubica_geo |      1513        1513           0    *|
        year |         5           1           4     |
-----------------------------------------------------+
* = FE nested within cluster; treated as redundant for DoF computation

added macro:
           e(controls) : "Y"

added macro:
          e(hastimefe) : "Y"

added macro:
         e(hasmunicfe) : "Y"
(dropped 4 singleton observations)
(MWFE estimator converged in 6 iterations)
note: 1bn.zlfn is probably collinear with the fixed effects (all partialled-out
>  values are close to zero; tol = 1.0e-09)
note: 1bn.post is probably collinear with the fixed effects (all partialled-out
>  values are close to zero; tol = 1.0e-09)
note: 10.decile omitted because of collinearity
note: 10o.decile#0b.zlfn omitted because of collinearity
note: 10o.decile#0b.post omitted because of collinearity
note: 10o.decile#0b.zlfn#0b.post omitted because of collinearity

HDFE Linear regression                            Number of obs   =    194,160
Absorbing 2 HDFE groups                           F(  43,   1758) =   35588.28
Statistics robust to heteroskedasticity           Prob > F        =     0.0000
                                                  R-squared       =     0.8871
                                                  Adj R-squared   =     0.8861
                                                  Within R-sq.    =     0.8731
Number of clusters (ubica_geo) =      1,759       Root MSE        =     0.3322

                          (Std. err. adjusted for 1,759 clusters in ubica_geo)
------------------------------------------------------------------------------
             |               Robust
         lnw | Coefficient  std. err.      t    P>|t|     [95% conf. interval]
-------------+----------------------------------------------------------------
      decile |
          1  |  -3.583645   .0184571  -194.16   0.000    -3.619845   -3.547445
          2  |  -2.303371   .0161319  -142.78   0.000    -2.335011   -2.271731
          3  |  -1.761078   .0160144  -109.97   0.000    -1.792487   -1.729669
          4  |  -1.465369   .0158285   -92.58   0.000    -1.496413   -1.434324
          5  |  -1.274746   .0159652   -79.85   0.000    -1.306059   -1.243433
          6  |  -1.128279   .0159202   -70.87   0.000    -1.159504   -1.097055
          7  |  -.9860797   .0154316   -63.90   0.000    -1.016346   -.9558134
          8  |  -.8016413   .0162774   -49.25   0.000    -.8335665   -.7697162
          9  |  -.5653641    .017525   -32.26   0.000    -.5997361   -.5309921
         10  |          0  (omitted)
             |
        zlfn |
       ZLFN  |          0  (omitted)
             |
        post |
Post (>2..)  |          0  (omitted)
             |
   zlfn#post |
       ZLFN #|
Post (>2..)  |  -.0969825   .0372455    -2.60   0.009    -.1700327   -.0239323
             |
 decile#zlfn |
     1#ZLFN  |  -.2797663   .0684485    -4.09   0.000    -.4140153   -.1455173
     2#ZLFN  |  -.2868859   .0576521    -4.98   0.000    -.3999599    -.173812
     3#ZLFN  |  -.2820435   .0531417    -5.31   0.000    -.3862711   -.1778159
     4#ZLFN  |    -.28202   .0576176    -4.89   0.000    -.3950262   -.1690138
     5#ZLFN  |  -.2970831   .0590378    -5.03   0.000    -.4128749   -.1812914
     6#ZLFN  |  -.2893808   .0579773    -4.99   0.000    -.4030924   -.1756691
     7#ZLFN  |  -.2800745   .0635109    -4.41   0.000    -.4046394   -.1555096
     8#ZLFN  |  -.2848565   .0551781    -5.16   0.000    -.3930782   -.1766349
     9#ZLFN  |  -.2902916   .0539168    -5.38   0.000    -.3960393   -.1845439
    10#ZLFN  |          0  (omitted)
             |
 decile#post |
          1 #|
Post (>2..)  |   .0505821   .0213134     2.37   0.018     .0087797    .0923844
          2 #|
Post (>2..)  |   .0013133   .0181999     0.07   0.942    -.0343825    .0370091
          3 #|
Post (>2..)  |   .0088063   .0180824     0.49   0.626    -.0266591    .0442716
          4 #|
Post (>2..)  |   .0095231   .0179957     0.53   0.597    -.0257722    .0448183
          5 #|
Post (>2..)  |   .0038769   .0185138     0.21   0.834    -.0324345    .0401883
          6 #|
Post (>2..)  |   .0215104   .0180951     1.19   0.235    -.0139799    .0570006
          7 #|
Post (>2..)  |    .028272   .0180227     1.57   0.117    -.0070761    .0636201
          8 #|
Post (>2..)  |   .0210762   .0182762     1.15   0.249    -.0147692    .0569216
          9 #|
Post (>2..)  |   .0036277   .0198764     0.18   0.855    -.0353561    .0426115
         10 #|
Post (>2..)  |          0  (omitted)
             |
 decile#zlfn#|
        post |
          1 #|
       ZLFN #|
Post (>2..)  |   .1872314    .067766     2.76   0.006      .054321    .3201417
          2 #|
       ZLFN #|
Post (>2..)  |   .1038885   .0446922     2.32   0.020      .016233    .1915439
          3 #|
       ZLFN #|
Post (>2..)  |   .0990866   .0352729     2.81   0.005     .0299054    .1682679
          4 #|
       ZLFN #|
Post (>2..)  |    .088374   .0350645     2.52   0.012     .0196014    .1571466
          5 #|
       ZLFN #|
Post (>2..)  |   .1227998   .0398578     3.08   0.002     .0446261    .2009734
          6 #|
       ZLFN #|
Post (>2..)  |   .1270162   .0397904     3.19   0.001     .0489747    .2050578
          7 #|
       ZLFN #|
Post (>2..)  |    .112156   .0437723     2.56   0.010     .0263048    .1980071
          8 #|
       ZLFN #|
Post (>2..)  |   .1074199    .037469     2.87   0.004     .0339315    .1809083
          9 #|
       ZLFN #|
Post (>2..)  |   .1307355   .0393017     3.33   0.001     .0536524    .2078185
         10 #|
       ZLFN #|
Post (>2..)  |          0  (omitted)
             |
      female |
     Female  |  -.0424314   .0019416   -21.85   0.000    -.0462395   -.0386232
    edad_pob |   .0053712   .0003499    15.35   0.000     .0046849    .0060574
      edadsq |  -.0000515   4.27e-06   -12.06   0.000    -.0000599   -.0000432
years_of_s~y |   .0018674     .00029     6.44   0.000     .0012986    .0024362
 hoursworked |   .0014388   .0000613    23.46   0.000     .0013185    .0015591
             |
    employed |
        Yes  |  -.0259741   .0160197    -1.62   0.105    -.0573939    .0054456
       _cons |   9.912024   .0206396   480.24   0.000     9.871543    9.952504
------------------------------------------------------------------------------

Absorbed degrees of freedom:
-----------------------------------------------------+
 Absorbed FE | Categories  - Redundant  = Num. Coefs |
-------------+---------------------------------------|
   ubica_geo |      1759        1759           0    *|
        year |         5           1           4     |
-----------------------------------------------------+
* = FE nested within cluster; treated as redundant for DoF computation

added macro:
           e(controls) : "Y"

added macro:
          e(hastimefe) : "Y"

added macro:
         e(hasmunicfe) : "Y"
(output written to ../../paper/tables/did-wage-deciles-year.tex)

. *************************************************
. *************** Read ENIGH Month ****************
. *************************************************
. 
. *** REPLICATION FILE: read-indlevel-month.do
. *** STATA VERSION:    StataNow 19.5
. *** AUTHORS:          Matías Carrasco, Victor Ortega Le Hénanff
. *** DATE:             2026-05-03
. 
. *** Loads the monthly panel produced by code/build/enigh-indlevel-month.do.
. *** All canonical names (zlfn, post, etnia, indspeaker, indund, female,
. *** edad_pob, edadsq, ing_*, ing_*_nom, lnw, lni, …) are produced directly
. *** by the build script — no renames needed.
. *** Sets the global $controls used by every analysis script.
. 
. *************************************************
. ****************** Load Data ********************
. *************************************************
. 
. use "../../data/clean/enigh/enigh-indlevel-month.dta", clear

. 
. *************************************************
. ***************** Controls **********************
. *************************************************
. 
. global controls i.female edad_pob edadsq years_of_study hoursworked i.employe
> d

. 
end of do-file
(MWFE estimator converged in 6 iterations)
note: 1bn.zlfn is probably collinear with the fixed effects (all partialled-out
>  values are close to zero; tol = 1.0e-09)
note: 1bn.post is probably collinear with the fixed effects (all partialled-out
>  values are close to zero; tol = 1.0e-09)
note: 10.decile omitted because of collinearity
note: 10o.decile#0b.zlfn omitted because of collinearity
note: 10o.decile#0b.post omitted because of collinearity
note: 10o.decile#0b.zlfn#0b.post omitted because of collinearity

HDFE Linear regression                            Number of obs   =  2,188,428
Absorbing 2 HDFE groups                           F(  43,   1764) =   38333.72
Statistics robust to heteroskedasticity           Prob > F        =     0.0000
                                                  R-squared       =     0.8616
                                                  Adj R-squared   =     0.8615
                                                  Within R-sq.    =     0.8385
Number of clusters (ubica_geo) =      1,765       Root MSE        =     0.2789

                          (Std. err. adjusted for 1,765 clusters in ubica_geo)
------------------------------------------------------------------------------
             |               Robust
         lnw | Coefficient  std. err.      t    P>|t|     [95% conf. interval]
-------------+----------------------------------------------------------------
      decile |
          1  |   -2.65004   .0104688  -253.14   0.000    -2.670573   -2.629508
          2  |  -1.759403   .0092353  -190.51   0.000    -1.777516    -1.74129
          3  |  -1.458549   .0092351  -157.93   0.000    -1.476662   -1.440436
          4  |  -1.289005    .009325  -138.23   0.000    -1.307294   -1.270715
          5  |  -1.160274   .0090608  -128.05   0.000    -1.178045   -1.142503
          6  |  -1.031943   .0094678  -108.99   0.000    -1.050512   -1.013373
          7  |  -.8901109   .0093345   -95.36   0.000    -.9084187    -.871803
          8  |  -.7405407   .0090467   -81.86   0.000    -.7582841   -.7227972
          9  |  -.5249244   .0090812   -57.80   0.000    -.5427354   -.5071134
         10  |          0  (omitted)
             |
        zlfn |
       ZLFN  |          0  (omitted)
             |
        post |
Post (>2..)  |          0  (omitted)
             |
   zlfn#post |
       ZLFN #|
Post (>2..)  |  -.0366998   .0171729    -2.14   0.033    -.0703812   -.0030184
             |
 decile#zlfn |
     1#ZLFN  |  -.0881401    .039914    -2.21   0.027    -.1664238   -.0098564
     2#ZLFN  |  -.1251263   .0281175    -4.45   0.000    -.1802735   -.0699791
     3#ZLFN  |  -.1296066   .0303176    -4.27   0.000    -.1890687   -.0701444
     4#ZLFN  |  -.1321243   .0311385    -4.24   0.000    -.1931965   -.0710521
     5#ZLFN  |  -.1336064   .0305033    -4.38   0.000    -.1934329   -.0737799
     6#ZLFN  |  -.1313577   .0308746    -4.25   0.000    -.1919124    -.070803
     7#ZLFN  |  -.1398644   .0348273    -4.02   0.000    -.2081716   -.0715573
     8#ZLFN  |  -.1350058   .0357303    -3.78   0.000    -.2050839   -.0649277
     9#ZLFN  |  -.1256317   .0295626    -4.25   0.000    -.1836131   -.0676503
    10#ZLFN  |          0  (omitted)
             |
 decile#post |
          1 #|
Post (>2..)  |   .1063643   .0093869    11.33   0.000     .0879537     .124775
          2 #|
Post (>2..)  |   .0839691   .0072035    11.66   0.000     .0698407    .0980974
          3 #|
Post (>2..)  |   .0890888   .0072525    12.28   0.000     .0748644    .1033132
          4 #|
Post (>2..)  |    .089399   .0072704    12.30   0.000     .0751396    .1036585
          5 #|
Post (>2..)  |   .1109399   .0071584    15.50   0.000     .0969001    .1249797
          6 #|
Post (>2..)  |   .0956516   .0071852    13.31   0.000     .0815591    .1097441
          7 #|
Post (>2..)  |   .0847164   .0073604    11.51   0.000     .0702804    .0991523
          8 #|
Post (>2..)  |   .0957872   .0069887    13.71   0.000     .0820801    .1094943
          9 #|
Post (>2..)  |   .0850437   .0072631    11.71   0.000     .0707985    .0992889
         10 #|
Post (>2..)  |          0  (omitted)
             |
 decile#zlfn#|
        post |
          1 #|
       ZLFN #|
Post (>2..)  |   .0608701   .0352791     1.73   0.085    -.0083231    .1300634
          2 #|
       ZLFN #|
Post (>2..)  |   .0338606   .0191075     1.77   0.077    -.0036151    .0713363
          3 #|
       ZLFN #|
Post (>2..)  |   .0400527   .0172715     2.32   0.021     .0061779    .0739275
          4 #|
       ZLFN #|
Post (>2..)  |   .0516007   .0189993     2.72   0.007     .0143372    .0888641
          5 #|
       ZLFN #|
Post (>2..)  |   .0582271   .0167399     3.48   0.001      .025395    .0910593
          6 #|
       ZLFN #|
Post (>2..)  |     .05821   .0192134     3.03   0.002     .0205265    .0958934
          7 #|
       ZLFN #|
Post (>2..)  |   .0830361    .023141     3.59   0.000     .0376495    .1284228
          8 #|
       ZLFN #|
Post (>2..)  |   .0803156   .0244313     3.29   0.001     .0323982     .128233
          9 #|
       ZLFN #|
Post (>2..)  |     .07016   .0176666     3.97   0.000     .0355104    .1048096
         10 #|
       ZLFN #|
Post (>2..)  |          0  (omitted)
             |
      female |
     Female  |  -.0376318   .0010689   -35.21   0.000    -.0397282   -.0355353
    edad_pob |    .006723   .0002591    25.94   0.000     .0062147    .0072312
      edadsq |  -.0000576   3.27e-06   -17.60   0.000     -.000064   -.0000512
years_of_s~y |   .0087649   .0003065    28.60   0.000     .0081637     .009366
 hoursworked |   .0011677   .0000608    19.20   0.000     .0010484    .0012869
             |
    employed |
        Yes  |   -.007583   .0058187    -1.30   0.193    -.0189953    .0038292
       _cons |   9.711924   .0104053   933.36   0.000     9.691516    9.732332
------------------------------------------------------------------------------

Absorbed degrees of freedom:
-----------------------------------------------------+
 Absorbed FE | Categories  - Redundant  = Num. Coefs |
-------------+---------------------------------------|
   ubica_geo |      1765        1765           0    *|
        year |         5           1           4     |
-----------------------------------------------------+
* = FE nested within cluster; treated as redundant for DoF computation

added macro:
           e(controls) : "Y"

added macro:
          e(hastimefe) : "Y"

added macro:
         e(hasmunicfe) : "Y"
(dropped 2 singleton observations)
(MWFE estimator converged in 6 iterations)
note: 1bn.zlfn is probably collinear with the fixed effects (all partialled-out
>  values are close to zero; tol = 1.0e-09)
note: 1bn.post is probably collinear with the fixed effects (all partialled-out
>  values are close to zero; tol = 1.0e-09)
note: 1bn.employed is probably collinear with the fixed effects (all partialled
> -out values are close to zero; tol = 1.0e-09)
note: 10.decile omitted because of collinearity
note: 10o.decile#0b.zlfn omitted because of collinearity
note: 10o.decile#0b.post omitted because of collinearity
note: 10o.decile#0b.zlfn#0b.post omitted because of collinearity

HDFE Linear regression                            Number of obs   =    854,686
Absorbing 2 HDFE groups                           F(  42,   1547) =   23145.46
Statistics robust to heteroskedasticity           Prob > F        =     0.0000
                                                  R-squared       =     0.7843
                                                  Adj R-squared   =     0.7839
                                                  Within R-sq.    =     0.7657
Number of clusters (ubica_geo) =      1,548       Root MSE        =     0.2575

                          (Std. err. adjusted for 1,548 clusters in ubica_geo)
------------------------------------------------------------------------------
             |               Robust
         lnw | Coefficient  std. err.      t    P>|t|     [95% conf. interval]
-------------+----------------------------------------------------------------
      decile |
          1  |  -2.401001   .0254691   -94.27   0.000    -2.450958   -2.351043
          2  |  -1.685992   .0093163  -180.97   0.000    -1.704266   -1.667718
          3  |  -1.416237   .0089227  -158.72   0.000    -1.433739   -1.398736
          4  |  -1.257328   .0090053  -139.62   0.000    -1.274992   -1.239664
          5  |  -1.135174   .0085879  -132.18   0.000     -1.15202   -1.118329
          6  |  -1.010471   .0090077  -112.18   0.000     -1.02814   -.9928026
          7  |  -.8691183   .0088522   -98.18   0.000     -.886482   -.8517547
          8  |  -.7192078   .0091087   -78.96   0.000    -.7370744   -.7013412
          9  |   -.509991   .0087706   -58.15   0.000    -.5271946   -.4927874
         10  |          0  (omitted)
             |
        zlfn |
       ZLFN  |          0  (omitted)
             |
        post |
Post (>2..)  |          0  (omitted)
             |
   zlfn#post |
       ZLFN #|
Post (>2..)  |  -.0263055   .0138245    -1.90   0.057    -.0534223    .0008112
             |
 decile#zlfn |
     1#ZLFN  |  -.0897645   .0412563    -2.18   0.030    -.1706886   -.0088404
     2#ZLFN  |  -.0834307   .0210751    -3.96   0.000    -.1247695    -.042092
     3#ZLFN  |  -.0605495   .0245363    -2.47   0.014    -.1086774   -.0124217
     4#ZLFN  |  -.0616282   .0246431    -2.50   0.012    -.1099655   -.0132908
     5#ZLFN  |  -.0542303   .0229147    -2.37   0.018    -.0991774   -.0092831
     6#ZLFN  |  -.0486994   .0258376    -1.88   0.060    -.0993798    .0019811
     7#ZLFN  |  -.0673834   .0267797    -2.52   0.012    -.1199117    -.014855
     8#ZLFN  |  -.0683044   .0317194    -2.15   0.031     -.130522   -.0060868
     9#ZLFN  |  -.0608785   .0260098    -2.34   0.019    -.1118968   -.0098603
    10#ZLFN  |          0  (omitted)
             |
 decile#post |
          1 #|
Post (>2..)  |   .0420874   .0283447     1.48   0.138    -.0135107    .0976855
          2 #|
Post (>2..)  |    .051291   .0090327     5.68   0.000     .0335735    .0690086
          3 #|
Post (>2..)  |   .0822612   .0083093     9.90   0.000     .0659626    .0985598
          4 #|
Post (>2..)  |   .0921884   .0079843    11.55   0.000     .0765272    .1078497
          5 #|
Post (>2..)  |   .1130922   .0076398    14.80   0.000     .0981066    .1280777
          6 #|
Post (>2..)  |   .1027507   .0077669    13.23   0.000     .0875159    .1179856
          7 #|
Post (>2..)  |   .0852427   .0073257    11.64   0.000     .0708733    .0996121
          8 #|
Post (>2..)  |   .0916308   .0075738    12.10   0.000     .0767749    .1064868
          9 #|
Post (>2..)  |   .0869045   .0079418    10.94   0.000     .0713267    .1024823
         10 #|
Post (>2..)  |          0  (omitted)
             |
 decile#zlfn#|
        post |
          1 #|
       ZLFN #|
Post (>2..)  |  -.0756248   .1023242    -0.74   0.460    -.2763335    .1250839
          2 #|
       ZLFN #|
Post (>2..)  |   -.016679   .0318314    -0.52   0.600    -.0791162    .0457582
          3 #|
       ZLFN #|
Post (>2..)  |   .0054877   .0113825     0.48   0.630    -.0168391    .0278145
          4 #|
       ZLFN #|
Post (>2..)  |   .0381644    .015445     2.47   0.014     .0078691    .0684597
          5 #|
       ZLFN #|
Post (>2..)  |   .0368014   .0124945     2.95   0.003     .0122934    .0613093
          6 #|
       ZLFN #|
Post (>2..)  |   .0381968   .0162982     2.34   0.019     .0062279    .0701656
          7 #|
       ZLFN #|
Post (>2..)  |   .0822961   .0200809     4.10   0.000     .0429074    .1216848
          8 #|
       ZLFN #|
Post (>2..)  |   .0893899     .02274     3.93   0.000     .0447854    .1339944
          9 #|
       ZLFN #|
Post (>2..)  |   .0698201   .0150724     4.63   0.000     .0402557    .0993846
         10 #|
       ZLFN #|
Post (>2..)  |          0  (omitted)
             |
      female |
     Female  |  -.0363625   .0016619   -21.88   0.000    -.0396222   -.0331028
    edad_pob |   .0021593   .0004006     5.39   0.000     .0013735    .0029451
      edadsq |   8.85e-06   5.23e-06     1.69   0.091    -1.41e-06    .0000191
years_of_s~y |   .0158103   .0004755    33.25   0.000     .0148777     .016743
 hoursworked |  -.0002038   .0000565    -3.61   0.000    -.0003146    -.000093
             |
    employed |
        Yes  |          0  (omitted)
       _cons |   9.712348   .0105383   921.63   0.000     9.691677    9.733019
------------------------------------------------------------------------------

Absorbed degrees of freedom:
-----------------------------------------------------+
 Absorbed FE | Categories  - Redundant  = Num. Coefs |
-------------+---------------------------------------|
   ubica_geo |      1548        1548           0    *|
        year |         5           1           4     |
-----------------------------------------------------+
* = FE nested within cluster; treated as redundant for DoF computation

added macro:
           e(controls) : "Y"

added macro:
          e(hastimefe) : "Y"

added macro:
         e(hasmunicfe) : "Y"
(MWFE estimator converged in 6 iterations)
note: 1bn.zlfn is probably collinear with the fixed effects (all partialled-out
>  values are close to zero; tol = 1.0e-09)
note: 1bn.post is probably collinear with the fixed effects (all partialled-out
>  values are close to zero; tol = 1.0e-09)
note: 1bn.employed is probably collinear with the fixed effects (all partialled
> -out values are close to zero; tol = 1.0e-09)
note: 10.decile omitted because of collinearity
note: 10o.decile#0b.zlfn omitted because of collinearity
note: 10o.decile#0b.post omitted because of collinearity
note: 10o.decile#0b.zlfn#0b.post omitted because of collinearity

HDFE Linear regression                            Number of obs   =  1,325,442
Absorbing 2 HDFE groups                           F(  42,   1762) =   43363.92
Statistics robust to heteroskedasticity           Prob > F        =     0.0000
                                                  R-squared       =     0.8603
                                                  Adj R-squared   =     0.8601
                                                  Within R-sq.    =     0.8381
Number of clusters (ubica_geo) =      1,763       Root MSE        =     0.2880

                          (Std. err. adjusted for 1,763 clusters in ubica_geo)
------------------------------------------------------------------------------
             |               Robust
         lnw | Coefficient  std. err.      t    P>|t|     [95% conf. interval]
-------------+----------------------------------------------------------------
      decile |
          1  |  -2.687711   .0148621  -180.84   0.000     -2.71686   -2.658562
          2  |  -1.805874    .013932  -129.62   0.000    -1.833199   -1.778549
          3  |  -1.504844   .0139095  -108.19   0.000    -1.532125   -1.477563
          4  |   -1.33074    .013964   -95.30   0.000    -1.358128   -1.303353
          5  |  -1.196252   .0139068   -86.02   0.000    -1.223528   -1.168976
          6  |  -1.066077   .0142317   -74.91   0.000     -1.09399   -1.038164
          7  |  -.9201954   .0141296   -65.13   0.000     -.947908   -.8924829
          8  |  -.7680551   .0136666   -56.20   0.000    -.7948596   -.7412506
          9  |  -.5467898   .0147909   -36.97   0.000    -.5757994   -.5177802
         10  |          0  (omitted)
             |
        zlfn |
       ZLFN  |          0  (omitted)
             |
        post |
Post (>2..)  |          0  (omitted)
             |
   zlfn#post |
       ZLFN #|
Post (>2..)  |  -.0584075   .0267736    -2.18   0.029     -.110919   -.0058961
             |
 decile#zlfn |
     1#ZLFN  |   -.186252    .051482    -3.62   0.000    -.2872242   -.0852797
     2#ZLFN  |  -.2139914   .0429808    -4.98   0.000    -.2982902   -.1296926
     3#ZLFN  |  -.2222058    .044989    -4.94   0.000    -.3104432   -.1339684
     4#ZLFN  |  -.2203736    .045295    -4.87   0.000    -.3092111    -.131536
     5#ZLFN  |   -.225197    .043893    -5.13   0.000     -.311285   -.1391091
     6#ZLFN  |  -.2236284    .045964    -4.87   0.000    -.3137781   -.1334786
     7#ZLFN  |  -.2238202   .0526806    -4.25   0.000    -.3271432   -.1204971
     8#ZLFN  |  -.2173998   .0470192    -4.62   0.000     -.309619   -.1251805
     9#ZLFN  |  -.2056176   .0451588    -4.55   0.000     -.294188   -.1170472
    10#ZLFN  |          0  (omitted)
             |
 decile#post |
          1 #|
Post (>2..)  |   .1081646   .0154507     7.00   0.000     .0778609    .1384683
          2 #|
Post (>2..)  |   .0893266   .0138344     6.46   0.000      .062193    .1164602
          3 #|
Post (>2..)  |   .0914314    .013957     6.55   0.000     .0640574    .1188054
          4 #|
Post (>2..)  |   .0871667   .0139763     6.24   0.000     .0597548    .1145787
          5 #|
Post (>2..)  |    .106338   .0140029     7.59   0.000      .078874    .1338021
          6 #|
Post (>2..)  |   .0894751   .0140916     6.35   0.000     .0618371    .1171131
          7 #|
Post (>2..)  |   .0802077   .0145153     5.53   0.000     .0517387    .1086766
          8 #|
Post (>2..)  |   .0923348   .0139939     6.60   0.000     .0648884    .1197812
          9 #|
Post (>2..)  |   .0783417   .0150664     5.20   0.000     .0487918    .1078916
         10 #|
Post (>2..)  |          0  (omitted)
             |
 decile#zlfn#|
        post |
          1 #|
       ZLFN #|
Post (>2..)  |   .0918436   .0471569     1.95   0.052    -.0006458    .1843329
          2 #|
       ZLFN #|
Post (>2..)  |   .0608535   .0283827     2.14   0.032     .0051861    .1165209
          3 #|
       ZLFN #|
Post (>2..)  |   .0661226   .0281933     2.35   0.019     .0108267    .1214185
          4 #|
       ZLFN #|
Post (>2..)  |   .0690751   .0279478     2.47   0.014     .0142608    .1238894
          5 #|
       ZLFN #|
Post (>2..)  |   .0813906   .0255893     3.18   0.001      .031202    .1315793
          6 #|
       ZLFN #|
Post (>2..)  |   .0804929   .0288948     2.79   0.005     .0238211    .1371646
          7 #|
       ZLFN #|
Post (>2..)  |   .0894249   .0325696     2.75   0.006     .0255459     .153304
          8 #|
       ZLFN #|
Post (>2..)  |   .0812709   .0290674     2.80   0.005     .0242607    .1382811
          9 #|
       ZLFN #|
Post (>2..)  |   .0790489   .0292069     2.71   0.007     .0217651    .1363327
         10 #|
       ZLFN #|
Post (>2..)  |          0  (omitted)
             |
      female |
     Female  |  -.0388819   .0014951   -26.01   0.000    -.0418143   -.0359495
    edad_pob |   .0083227   .0003043    27.35   0.000     .0077259    .0089196
      edadsq |   -.000084   3.68e-06   -22.80   0.000    -.0000912   -.0000768
years_of_s~y |   .0050066   .0002228    22.47   0.000     .0045697    .0054435
 hoursworked |   .0018113   .0000658    27.51   0.000     .0016822    .0019404
             |
    employed |
        Yes  |          0  (omitted)
       _cons |   9.744301   .0105004   927.99   0.000     9.723706    9.764895
------------------------------------------------------------------------------

Absorbed degrees of freedom:
-----------------------------------------------------+
 Absorbed FE | Categories  - Redundant  = Num. Coefs |
-------------+---------------------------------------|
   ubica_geo |      1763        1763           0    *|
        year |         5           1           4     |
-----------------------------------------------------+
* = FE nested within cluster; treated as redundant for DoF computation

added macro:
           e(controls) : "Y"

added macro:
          e(hastimefe) : "Y"

added macro:
         e(hasmunicfe) : "Y"
(output written to ../../paper/tables/did-wage-deciles-month.tex)

. 
. cap log close
