-------------------------------------------------------------------------------
      name:  <unnamed>
       log:  /Users/victorortega/Library/CloudStorage/Dropbox/CarrascoOrtega-mi
> nwage/code/estimate/log/did-hhlevel-inc-year.log
  log type:  text
 opened on:  10 May 2026, 10:22:52

. 
. include _helpers.do

. *************************************************
. **************** Helpers (estimate) *************
. *************************************************
. 
. *** REPLICATION FILE: code/estimate/_helpers.do
. *** STATA VERSION:    StataNow 19.5
. *** AUTHORS:          Matías Carrasco, Victor Ortega Le Hénanff
. *** DATE:             2026-05-07
. 
. *** Defines reusable Stata programs used across the DiD .do files in
. *** code/estimate/.
. ***
. ***   savecoeffs namelist, cvar(<varname>) interaction_pattern(<token>) saved
> ir(<path>)
. ***       — extracts every coefficient that contains <token> from each stored
. ***         estimate, saves to <savedir>/coefficients_<cvar>.{dta,csv}.
. ***
. ***   yearcoefs, EQname(<stored_est>)
. ***       — after `eststo <eqname>` of an `i.zlfn##ib2018.year` event-study
. ***         regression, builds matrices `__year_b` (1×5) and `__year_se` (1×5
> )
. ***         with positions [2016, 2018=0, 2020, 2022, 2024] in column order.
. ***         Coefplot can then plot the 2018 baseline as zero with no CI band.
. ***         Use as: coefplot matrix(__year_b), se(__year_se) ...
. ***
. *** Adapted from a Brazil-minwage `program.do` (savecoeffs + exporttable).
. *** The original `exporttable` is intentionally NOT ported here: esttab's
. *** native option strings (mtitle, refcat, coeflabel) do not pass cleanly
. *** through a Stata wrapper without losing the embedded quoting that
. *** controls per-column titles. The DiD scripts call esttab directly to
. *** preserve readable, debuggable formatting.
. 
. *************************************************
. **************** savecoeffs *********************
. *************************************************
. 
. *************************************************
. **************** yearcoefs **********************
. *************************************************
. 
. cap prog drop yearcoefs

. program define yearcoefs
  1.     syntax, EQname(string)
  2.     qui estimates restore `eqname'
  3.     cap matrix drop __year_b
  4.     cap matrix drop __year_se
  5.     matrix __year_b  = J(1, 5, 0)
  6.     matrix __year_se = J(1, 5, 0)
  7.     matrix __year_b[1, 1]  = _b[1.zlfn#2016.year]
  8.     matrix __year_b[1, 3]  = _b[1.zlfn#2020.year]
  9.     matrix __year_b[1, 4]  = _b[1.zlfn#2022.year]
 10.     matrix __year_b[1, 5]  = _b[1.zlfn#2024.year]
 11.     matrix __year_se[1, 1] = _se[1.zlfn#2016.year]
 12.     matrix __year_se[1, 3] = _se[1.zlfn#2020.year]
 13.     matrix __year_se[1, 4] = _se[1.zlfn#2022.year]
 14.     matrix __year_se[1, 5] = _se[1.zlfn#2024.year]
 15.     matrix colnames __year_b  = c2016 c2018 c2020 c2022 c2024
 16.     matrix colnames __year_se = c2016 c2018 c2020 c2022 c2024
 17. end

. 
. *************************************************
. **************** savecoeffs *********************
. *************************************************
. 
. cap prog drop savecoeffs

. program define savecoeffs
  1.     syntax namelist, CVARname(string) INTERACTION_pattern(string) SAVEdir(
> string)
  2. 
.     *** Get coefficient names from the first stored estimate.
.     local first : word 1 of `namelist'
  3.     qui estimates restore `first'
  4.     local allcoefs : colnames e(b)
  5. 
.     *** Filter to those containing both the heterogeneity variable name and
.     *** the interaction-pattern token (e.g. "1.zlfn#1.post").
.     local intcoefs
  6.     foreach c of local allcoefs {
  7.         if strpos("`c'", "`interaction_pattern'") > 0 & strpos("`c'", "`cv
> arname'") > 0 {
  8.             local intcoefs `intcoefs' `c'
  9.         }
 10.     }
 11. 
.     local ncoefs : word count `intcoefs'
 12.     if `ncoefs' == 0 {
 13.         di as error "savecoeffs: no interaction coefficients found for `cv
> arname' / `interaction_pattern'"
 14.         exit 198
 15.     }
 16. 
.     *** Capture value labels BEFORE preserve (preserve restores data state bu
> t
.     *** value-label associations are lost across clear).
.     forval i = 1/`ncoefs' {
 17.         local thiscoef : word `i' of `intcoefs'
 18.         local rc = regexm("`thiscoef'", "^([0-9]+)[bo]?\.")
 19.         local numpart = regexs(1)
 20.         local lbl`i' : label (`cvarname') `numpart'
 21.         local id`i' = `numpart'
 22.     }
 23. 
.     preserve
 24.     clear
 25.     qui set obs `ncoefs'
 26.     gen str80 coefname           = ""
 27.     gen int   `cvarname'_id      = .
 28.     gen str80 `cvarname'_label   = ""
 29. 
.     forval i = 1/`ncoefs' {
 30.         local thiscoef : word `i' of `intcoefs'
 31.         qui replace coefname           = "`thiscoef'" in `i'
 32.         qui replace `cvarname'_id      = `id`i''      in `i'
 33.         qui replace `cvarname'_label   = "`lbl`i''"   in `i'
 34.     }
 35. 
.     foreach estnm of local namelist {
 36.         qui estimates restore `estnm'
 37.         tempname bvec vvec
 38.         matrix `bvec' = e(b)
 39.         matrix `vvec' = vecdiag(e(V))
 40. 
.         gen double b_`estnm'  = .
 41.         gen double se_`estnm' = .
 42.         gen double N_`estnm'  = e(N)
 43. 
.         forval i = 1/`ncoefs' {
 44.             local thiscoef : word `i' of `intcoefs'
 45.             local colidx = colnumb(`bvec', "`thiscoef'")
 46.             if `colidx' != . {
 47.                 qui replace b_`estnm'  = `bvec'[1, `colidx']        in `i'
 48.                 qui replace se_`estnm' = sqrt(`vvec'[1, `colidx']) in `i'
 49.             }
 50.         }
 51.     }
 52. 
.     order `cvarname'_id `cvarname'_label
 53.     drop coefname
 54.     sort `cvarname'_id
 55. 
.     cap mkdir "`savedir'"
 56.     qui save             "`savedir'/coefficients_`cvarname'.dta", replace
 57.     qui export delimited "`savedir'/coefficients_`cvarname'.csv", replace
 58.     di as text "savecoeffs: wrote coefficients_`cvarname'.{dta,csv} to `sa
> vedir'"
 59.     restore
 60. end

. 
. do read-hhlevel-inc-year.do

. *************************************************
. ************ Read HH-level Income (Year) ********
. *************************************************
. 
. *** REPLICATION FILE: read-hhlevel-inc-year.do
. *** STATA VERSION:    StataNow 19.5
. *** AUTHORS:          Matías Carrasco, Victor Ortega Le Hénanff
. *** DATE:             2026-05-06
. 
. *** Loads the HH × year ENIGH cross-section from
. *** code/build/enigh-hhlevel-inc-year.do.
. ***
. *** Canonical names produced by the build:
. ***   - HH treatment: zlfn, post, treat_post
. ***   - HH outcomes:  lnw, lni, ing_*, ing_*_nom, ictpc-equivalent (mon)
. ***   - HH head:      head_age, head_sex, head_etnia, head_indspeaker,
. ***                   head_educ, head_employed
. ***   - HH composition: hh_size, n_kids, n_adults, n_workers, n_indigenous,
. ***                     n_hli, n_employed, n_informal, mean_age, mean_educ,
. ***                     share_female
. ***   - Geo / weights: ubica_geo, state, factor, upm, est_dis, smg
. ***
. *** Sets the global $controls used by the DiD scripts that consume this file.
. 
. *************************************************
. ****************** Load Data ********************
. *************************************************
. 
. use "../../data/clean/enigh/enigh-hhlevel-inc-year.dta", clear

. 
. *************************************************
. **** Build squared age + HH-level dummies *******
. *************************************************
. 
. cap drop head_agesq

. gen double head_agesq = head_age * head_age
(54 missing values generated)

. 
. *** Binary indicators consistent with the did-wage-ethnic columns (head-based
> ).
. cap drop hli_hh

. cap drop indig_hh

. gen byte hli_hh   = (head_indspeaker == 1) if !missing(head_indspeaker)

. gen byte indig_hh = (head_etnia      == 1) if !missing(head_etnia)

. label variable hli_hh   "Household head speaks an indigenous language"

. label variable indig_hh "Household head self-identifies as indigenous"

. 
. *************************************************
. ***************** Controls **********************
. *************************************************
. 
. global controls i.head_sex head_age head_agesq head_educ hh_size n_kids n_wor
> kers

. 
end of do-file

. 
. local TABDIR ../../paper/tables/

. 
. *************************************************
. **** Topic A: HH log wages by head ethnicity ****
. *************************************************
. 
. estimates clear

. 
. reghdfe lnw i.zlfn##i.post $controls, absorb(ubica_geo year) vce(cluster ubic
> a_geo)
(dropped 1 singleton observations)
(MWFE estimator converged in 6 iterations)
note: 1bn.zlfn is probably collinear with the fixed effects (all partialled-out
>  values are close to zero; tol = 1.0e-09)
note: 1bn.post is probably collinear with the fixed effects (all partialled-out
>  values are close to zero; tol = 1.0e-09)

HDFE Linear regression                            Number of obs   =    303,823
Absorbing 2 HDFE groups                           F(   8,   1763) =    4084.91
Statistics robust to heteroskedasticity           Prob > F        =     0.0000
                                                  R-squared       =     0.3203
                                                  Adj R-squared   =     0.3163
                                                  Within R-sq.    =     0.1920
Number of clusters (ubica_geo) =      1,764       Root MSE        =     0.7943

                          (Std. err. adjusted for 1,764 clusters in ubica_geo)
------------------------------------------------------------------------------
             |               Robust
         lnw | Coefficient  std. err.      t    P>|t|     [95% conf. interval]
-------------+----------------------------------------------------------------
        zlfn |
       ZLFN  |          0  (omitted)
             |
        post |
Post (>2..)  |          0  (omitted)
             |
   zlfn#post |
       ZLFN #|
Post (>2..)  |   .1280793    .020516     6.24   0.000      .087841    .1683176
             |
    head_sex |
       Male  |    .136159   .0039748    34.26   0.000     .1283632    .1439548
    head_age |   .0098913   .0007513    13.17   0.000     .0084177    .0113648
  head_agesq |  -.0001012   7.29e-06   -13.89   0.000    -.0001155   -.0000869
   head_educ |   .0592639   .0008135    72.85   0.000     .0576684    .0608593
     hh_size |   .0516671   .0033891    15.25   0.000       .04502    .0583141
      n_kids |  -.2677341    .008271   -32.37   0.000    -.2839562    -.251512
   n_workers |    .257887   .0049951    51.63   0.000     .2480899     .267684
       _cons |   7.728915   .0227537   339.68   0.000     7.684288    7.773542
------------------------------------------------------------------------------

Absorbed degrees of freedom:
-----------------------------------------------------+
 Absorbed FE | Categories  - Redundant  = Num. Coefs |
-------------+---------------------------------------|
   ubica_geo |      1764        1764           0    *|
        year |         5           1           4     |
-----------------------------------------------------+
* = FE nested within cluster; treated as redundant for DoF computation

.     eststo a1

.     estadd local controls    "Y"

added macro:
           e(controls) : "Y"

.     estadd local hastimefe   "Y"

added macro:
          e(hastimefe) : "Y"

.     estadd local hasmunicfe  "Y"

added macro:
         e(hasmunicfe) : "Y"

. 
. reghdfe lnw i.zlfn##i.post $controls if hli_hh == 0, absorb(ubica_geo year) v
> ce(cluster ubica_geo)
(dropped 31 singleton observations)
(MWFE estimator converged in 6 iterations)
note: 1bn.zlfn is probably collinear with the fixed effects (all partialled-out
>  values are close to zero; tol = 1.0e-09)
note: 1bn.post is probably collinear with the fixed effects (all partialled-out
>  values are close to zero; tol = 1.0e-09)

HDFE Linear regression                            Number of obs   =    281,972
Absorbing 2 HDFE groups                           F(   8,   1644) =    3944.76
Statistics robust to heteroskedasticity           Prob > F        =     0.0000
                                                  R-squared       =     0.3082
                                                  Adj R-squared   =     0.3041
                                                  Within R-sq.    =     0.1968
Number of clusters (ubica_geo) =      1,645       Root MSE        =     0.7831

                          (Std. err. adjusted for 1,645 clusters in ubica_geo)
------------------------------------------------------------------------------
             |               Robust
         lnw | Coefficient  std. err.      t    P>|t|     [95% conf. interval]
-------------+----------------------------------------------------------------
        zlfn |
       ZLFN  |          0  (omitted)
             |
        post |
Post (>2..)  |          0  (omitted)
             |
   zlfn#post |
       ZLFN #|
Post (>2..)  |   .1296729   .0204213     6.35   0.000     .0896184    .1697274
             |
    head_sex |
       Male  |   .1438283   .0040452    35.55   0.000     .1358939    .1517627
    head_age |   .0098388   .0007477    13.16   0.000     .0083722    .0113053
  head_agesq |  -.0000995   7.25e-06   -13.72   0.000    -.0001138   -.0000853
   head_educ |   .0593868   .0008132    73.03   0.000     .0577918    .0609819
     hh_size |   .0460781   .0033048    13.94   0.000     .0395961    .0525601
      n_kids |   -.256512   .0083907   -30.57   0.000    -.2729695   -.2400544
   n_workers |   .2659902   .0048799    54.51   0.000     .2564187    .2755617
       _cons |   7.747934   .0229051   338.26   0.000     7.703008     7.79286
------------------------------------------------------------------------------

Absorbed degrees of freedom:
-----------------------------------------------------+
 Absorbed FE | Categories  - Redundant  = Num. Coefs |
-------------+---------------------------------------|
   ubica_geo |      1645        1645           0    *|
        year |         5           1           4     |
-----------------------------------------------------+
* = FE nested within cluster; treated as redundant for DoF computation

.     eststo a2

.     estadd local controls    "Y"

added macro:
           e(controls) : "Y"

.     estadd local hastimefe   "Y"

added macro:
          e(hastimefe) : "Y"

.     estadd local hasmunicfe  "Y"

added macro:
         e(hasmunicfe) : "Y"

. 
. reghdfe lnw i.zlfn##i.post $controls if indig_hh == 0, absorb(ubica_geo year)
>  vce(cluster ubica_geo)
(dropped 83 singleton observations)
(MWFE estimator converged in 6 iterations)
note: 1bn.zlfn is probably collinear with the fixed effects (all partialled-out
>  values are close to zero; tol = 1.0e-09)
note: 1bn.post is probably collinear with the fixed effects (all partialled-out
>  values are close to zero; tol = 1.0e-09)

HDFE Linear regression                            Number of obs   =    216,097
Absorbing 2 HDFE groups                           F(   8,   1556) =    3282.27
Statistics robust to heteroskedasticity           Prob > F        =     0.0000
                                                  R-squared       =     0.3123
                                                  Adj R-squared   =     0.3073
                                                  Within R-sq.    =     0.2064
Number of clusters (ubica_geo) =      1,557       Root MSE        =     0.7660

                          (Std. err. adjusted for 1,557 clusters in ubica_geo)
------------------------------------------------------------------------------
             |               Robust
         lnw | Coefficient  std. err.      t    P>|t|     [95% conf. interval]
-------------+----------------------------------------------------------------
        zlfn |
       ZLFN  |          0  (omitted)
             |
        post |
Post (>2..)  |          0  (omitted)
             |
   zlfn#post |
       ZLFN #|
Post (>2..)  |   .1250379    .020956     5.97   0.000     .0839329    .1661428
             |
    head_sex |
       Male  |    .144625   .0043283    33.41   0.000     .1361351    .1531149
    head_age |   .0099532   .0008161    12.20   0.000     .0083525    .0115539
  head_agesq |  -.0000969   7.86e-06   -12.33   0.000    -.0001123   -.0000814
   head_educ |   .0600608   .0008449    71.09   0.000     .0584036     .061718
     hh_size |   .0326681   .0035576     9.18   0.000     .0256898    .0396463
      n_kids |  -.2468623   .0096733   -25.52   0.000    -.2658363   -.2278883
   n_workers |   .2805476   .0050118    55.98   0.000      .270717    .2903782
       _cons |   7.781261   .0245995   316.32   0.000     7.733009    7.829512
------------------------------------------------------------------------------

Absorbed degrees of freedom:
-----------------------------------------------------+
 Absorbed FE | Categories  - Redundant  = Num. Coefs |
-------------+---------------------------------------|
   ubica_geo |      1557        1557           0    *|
        year |         5           1           4     |
-----------------------------------------------------+
* = FE nested within cluster; treated as redundant for DoF computation

.     eststo a3

.     estadd local controls    "Y"

added macro:
           e(controls) : "Y"

.     estadd local hastimefe   "Y"

added macro:
          e(hastimefe) : "Y"

.     estadd local hasmunicfe  "Y"

added macro:
         e(hasmunicfe) : "Y"

. 
. reghdfe lnw i.zlfn##i.post $controls if hli_hh == 1, absorb(ubica_geo year) v
> ce(cluster ubica_geo)
(dropped 217 singleton observations)
(MWFE estimator converged in 6 iterations)
note: 1bn.zlfn is probably collinear with the fixed effects (all partialled-out
>  values are close to zero; tol = 1.0e-09)
note: 1bn.post is probably collinear with the fixed effects (all partialled-out
>  values are close to zero; tol = 1.0e-09)

HDFE Linear regression                            Number of obs   =     21,604
Absorbing 2 HDFE groups                           F(   8,    847) =     399.61
Statistics robust to heteroskedasticity           Prob > F        =     0.0000
                                                  R-squared       =     0.3378
                                                  Adj R-squared   =     0.3104
                                                  Within R-sq.    =     0.1361
Number of clusters (ubica_geo) =        848       Root MSE        =     0.9120

                            (Std. err. adjusted for 848 clusters in ubica_geo)
------------------------------------------------------------------------------
             |               Robust
         lnw | Coefficient  std. err.      t    P>|t|     [95% conf. interval]
-------------+----------------------------------------------------------------
        zlfn |
       ZLFN  |          0  (omitted)
             |
        post |
Post (>2..)  |          0  (omitted)
             |
   zlfn#post |
       ZLFN #|
Post (>2..)  |   .1119643   .0352334     3.18   0.002     .0428093    .1811193
             |
    head_sex |
       Male  |   .0421337   .0164676     2.56   0.011     .0098117    .0744557
    head_age |   .0072312   .0030694     2.36   0.019     .0012067    .0132556
  head_agesq |  -.0000891   .0000302    -2.95   0.003    -.0001484   -.0000299
   head_educ |   .0475883   .0022595    21.06   0.000     .0431534    .0520233
     hh_size |    .121771   .0104986    11.60   0.000     .1011648    .1423773
      n_kids |  -.3368555   .0267487   -12.59   0.000     -.389357    -.284354
   n_workers |   .1711546   .0124402    13.76   0.000     .1467374    .1955719
       _cons |   7.587213   .0757534   100.16   0.000     7.438526    7.735899
------------------------------------------------------------------------------

Absorbed degrees of freedom:
-----------------------------------------------------+
 Absorbed FE | Categories  - Redundant  = Num. Coefs |
-------------+---------------------------------------|
   ubica_geo |       848         848           0    *|
        year |         5           1           4     |
-----------------------------------------------------+
* = FE nested within cluster; treated as redundant for DoF computation

.     eststo a4

.     estadd local controls    "Y"

added macro:
           e(controls) : "Y"

.     estadd local hastimefe   "Y"

added macro:
          e(hastimefe) : "Y"

.     estadd local hasmunicfe  "Y"

added macro:
         e(hasmunicfe) : "Y"

. 
. reghdfe lnw i.zlfn##i.post $controls if indig_hh == 1, absorb(ubica_geo year)
>  vce(cluster ubica_geo)
(dropped 49 singleton observations)
(MWFE estimator converged in 6 iterations)
note: 1bn.zlfn is probably collinear with the fixed effects (all partialled-out
>  values are close to zero; tol = 1.0e-09)
note: 1bn.post is probably collinear with the fixed effects (all partialled-out
>  values are close to zero; tol = 1.0e-09)

HDFE Linear regression                            Number of obs   =     87,595
Absorbing 2 HDFE groups                           F(   8,   1670) =    1448.96
Statistics robust to heteroskedasticity           Prob > F        =     0.0000
                                                  R-squared       =     0.3026
                                                  Adj R-squared   =     0.2890
                                                  Within R-sq.    =     0.1590
Number of clusters (ubica_geo) =      1,671       Root MSE        =     0.8538

                          (Std. err. adjusted for 1,671 clusters in ubica_geo)
------------------------------------------------------------------------------
             |               Robust
         lnw | Coefficient  std. err.      t    P>|t|     [95% conf. interval]
-------------+----------------------------------------------------------------
        zlfn |
       ZLFN  |          0  (omitted)
             |
        post |
Post (>2..)  |          0  (omitted)
             |
   zlfn#post |
       ZLFN #|
Post (>2..)  |   .1635001    .034542     4.73   0.000     .0957498    .2312503
             |
    head_sex |
       Male  |   .1157731   .0071027    16.30   0.000     .1018419    .1297042
    head_age |   .0097353   .0013844     7.03   0.000       .00702    .0124507
  head_agesq |  -.0001126   .0000139    -8.12   0.000    -.0001397   -.0000854
   head_educ |   .0539077   .0012153    44.36   0.000      .051524    .0562915
     hh_size |   .0935052   .0049817    18.77   0.000     .0837341    .1032762
      n_kids |  -.2980941   .0137603   -21.66   0.000    -.3250834   -.2711048
   n_workers |   .2087054   .0064581    32.32   0.000     .1960386    .2213722
       _cons |   7.624015   .0365811   208.41   0.000     7.552265    7.695765
------------------------------------------------------------------------------

Absorbed degrees of freedom:
-----------------------------------------------------+
 Absorbed FE | Categories  - Redundant  = Num. Coefs |
-------------+---------------------------------------|
   ubica_geo |      1671        1671           0    *|
        year |         5           1           4     |
-----------------------------------------------------+
* = FE nested within cluster; treated as redundant for DoF computation

.     eststo a5

.     estadd local controls    "Y"

added macro:
           e(controls) : "Y"

.     estadd local hastimefe   "Y"

added macro:
          e(hastimefe) : "Y"

.     estadd local hasmunicfe  "Y"

added macro:
         e(hasmunicfe) : "Y"

. 
. esttab a1 a2 a3 a4 a5 using "`TABDIR'did-wage-hhlevel-year.tex", replace labe
> l fragment ///
>     nolines posthead(\cmidrule{2-6}) prefoot(\midrule)                       
>             ///
>     postfoot(\bottomrule \bottomrule) booktabs                               
>             ///
>     nonumbers mtitle("(1)" "(2)" "(3)" "(4)" "(5)") collabels(none)          
>             ///
>     cells(b(star fmt(%9.3f)) se(par fmt(%9.3f)))                             
>             ///
>     starlevels(* 0.10 ** 0.05 *** 0.01)                                      
>             ///
>     refcat(1.zlfn#1.post "ZLFN $\times$", nolabel)                           
>             ///
>     keep(1.zlfn#1.post)                                                      
>             ///
>     coeflabel(1.zlfn#1.post "{2016--2024}")                                  
>             ///
>     stats(N controls hastimefe hasmunicfe,                                   
>             ///
>         fmt(%11.0gc) label("Observations" "Controls" "Time FE" "Municipal FE"
> )) onecell
(file ../../paper/tables/did-wage-hhlevel-year.tex not found)
(output written to ../../paper/tables/did-wage-hhlevel-year.tex)

. 
. *************************************************
. **** Topic B: HH log income by head ethnicity ***
. *************************************************
. 
. estimates clear

. 
. reghdfe lni i.zlfn##i.post $controls, absorb(ubica_geo year) vce(cluster ubic
> a_geo)
(dropped 1 singleton observations)
(MWFE estimator converged in 6 iterations)
note: 1bn.zlfn is probably collinear with the fixed effects (all partialled-out
>  values are close to zero; tol = 1.0e-09)
note: 1bn.post is probably collinear with the fixed effects (all partialled-out
>  values are close to zero; tol = 1.0e-09)

HDFE Linear regression                            Number of obs   =    311,217
Absorbing 2 HDFE groups                           F(   8,   1764) =    4776.78
Statistics robust to heteroskedasticity           Prob > F        =     0.0000
                                                  R-squared       =     0.3514
                                                  Adj R-squared   =     0.3477
                                                  Within R-sq.    =     0.2016
Number of clusters (ubica_geo) =      1,765       Root MSE        =     0.8110

                          (Std. err. adjusted for 1,765 clusters in ubica_geo)
------------------------------------------------------------------------------
             |               Robust
         lni | Coefficient  std. err.      t    P>|t|     [95% conf. interval]
-------------+----------------------------------------------------------------
        zlfn |
       ZLFN  |          0  (omitted)
             |
        post |
Post (>2..)  |          0  (omitted)
             |
   zlfn#post |
       ZLFN #|
Post (>2..)  |    .119215   .0220942     5.40   0.000     .0758815    .1625485
             |
    head_sex |
       Male  |   .1318897   .0041258    31.97   0.000     .1237976    .1399817
    head_age |   .0082779   .0007716    10.73   0.000     .0067645    .0097912
  head_agesq |   -.000093   7.51e-06   -12.39   0.000    -.0001077   -.0000783
   head_educ |   .0631897    .000815    77.54   0.000     .0615912    .0647881
     hh_size |   .0610291   .0034804    17.54   0.000     .0542029    .0678553
      n_kids |  -.2658073   .0081773   -32.51   0.000    -.2818455   -.2497691
   n_workers |   .2642778   .0047657    55.45   0.000     .2549307    .2736249
       _cons |   7.772779   .0228062   340.82   0.000     7.728049    7.817509
------------------------------------------------------------------------------

Absorbed degrees of freedom:
-----------------------------------------------------+
 Absorbed FE | Categories  - Redundant  = Num. Coefs |
-------------+---------------------------------------|
   ubica_geo |      1765        1765           0    *|
        year |         5           1           4     |
-----------------------------------------------------+
* = FE nested within cluster; treated as redundant for DoF computation

.     eststo b1

.     estadd local controls    "Y"

added macro:
           e(controls) : "Y"

.     estadd local hastimefe   "Y"

added macro:
          e(hastimefe) : "Y"

.     estadd local hasmunicfe  "Y"

added macro:
         e(hasmunicfe) : "Y"

. 
. reghdfe lni i.zlfn##i.post $controls if hli_hh == 0, absorb(ubica_geo year) v
> ce(cluster ubica_geo)
(dropped 35 singleton observations)
(MWFE estimator converged in 6 iterations)
note: 1bn.zlfn is probably collinear with the fixed effects (all partialled-out
>  values are close to zero; tol = 1.0e-09)
note: 1bn.post is probably collinear with the fixed effects (all partialled-out
>  values are close to zero; tol = 1.0e-09)

HDFE Linear regression                            Number of obs   =    287,791
Absorbing 2 HDFE groups                           F(   8,   1647) =    4685.19
Statistics robust to heteroskedasticity           Prob > F        =     0.0000
                                                  R-squared       =     0.3345
                                                  Adj R-squared   =     0.3307
                                                  Within R-sq.    =     0.2064
Number of clusters (ubica_geo) =      1,648       Root MSE        =     0.7988

                          (Std. err. adjusted for 1,648 clusters in ubica_geo)
------------------------------------------------------------------------------
             |               Robust
         lni | Coefficient  std. err.      t    P>|t|     [95% conf. interval]
-------------+----------------------------------------------------------------
        zlfn |
       ZLFN  |          0  (omitted)
             |
        post |
Post (>2..)  |          0  (omitted)
             |
   zlfn#post |
       ZLFN #|
Post (>2..)  |   .1207863   .0221234     5.46   0.000     .0773934    .1641791
             |
    head_sex |
       Male  |   .1409964   .0041976    33.59   0.000     .1327631    .1492297
    head_age |   .0080763   .0007606    10.62   0.000     .0065844    .0095682
  head_agesq |  -.0000902   7.39e-06   -12.20   0.000    -.0001047   -.0000757
   head_educ |   .0632503   .0008147    77.63   0.000     .0616522    .0648483
     hh_size |    .055338   .0033856    16.35   0.000     .0486976    .0619785
      n_kids |  -.2565349   .0084293   -30.43   0.000    -.2730682   -.2400015
   n_workers |   .2714864   .0046882    57.91   0.000      .262291    .2806818
       _cons |   7.804508   .0229192   340.52   0.000     7.759554    7.849462
------------------------------------------------------------------------------

Absorbed degrees of freedom:
-----------------------------------------------------+
 Absorbed FE | Categories  - Redundant  = Num. Coefs |
-------------+---------------------------------------|
   ubica_geo |      1648        1648           0    *|
        year |         5           1           4     |
-----------------------------------------------------+
* = FE nested within cluster; treated as redundant for DoF computation

.     eststo b2

.     estadd local controls    "Y"

added macro:
           e(controls) : "Y"

.     estadd local hastimefe   "Y"

added macro:
          e(hastimefe) : "Y"

.     estadd local hasmunicfe  "Y"

added macro:
         e(hasmunicfe) : "Y"

. 
. reghdfe lni i.zlfn##i.post $controls if indig_hh == 0, absorb(ubica_geo year)
>  vce(cluster ubica_geo)
(dropped 75 singleton observations)
(MWFE estimator converged in 6 iterations)
note: 1bn.zlfn is probably collinear with the fixed effects (all partialled-out
>  values are close to zero; tol = 1.0e-09)
note: 1bn.post is probably collinear with the fixed effects (all partialled-out
>  values are close to zero; tol = 1.0e-09)

HDFE Linear regression                            Number of obs   =    220,035
Absorbing 2 HDFE groups                           F(   8,   1572) =    3991.59
Statistics robust to heteroskedasticity           Prob > F        =     0.0000
                                                  R-squared       =     0.3365
                                                  Adj R-squared   =     0.3317
                                                  Within R-sq.    =     0.2154
Number of clusters (ubica_geo) =      1,573       Root MSE        =     0.7815

                          (Std. err. adjusted for 1,573 clusters in ubica_geo)
------------------------------------------------------------------------------
             |               Robust
         lni | Coefficient  std. err.      t    P>|t|     [95% conf. interval]
-------------+----------------------------------------------------------------
        zlfn |
       ZLFN  |          0  (omitted)
             |
        post |
Post (>2..)  |          0  (omitted)
             |
   zlfn#post |
       ZLFN #|
Post (>2..)  |   .1178423   .0225894     5.22   0.000     .0735337    .1621509
             |
    head_sex |
       Male  |   .1413108   .0045022    31.39   0.000     .1324798    .1501419
    head_age |   .0084234   .0008466     9.95   0.000     .0067628     .010084
  head_agesq |  -.0000902   8.22e-06   -10.98   0.000    -.0001063   -.0000741
   head_educ |   .0637822   .0008371    76.19   0.000     .0621403    .0654242
     hh_size |   .0417908   .0036453    11.46   0.000     .0346406     .048941
      n_kids |  -.2481696   .0096263   -25.78   0.000    -.2670514   -.2292878
   n_workers |   .2850864   .0049069    58.10   0.000     .2754616    .2947113
       _cons |   7.841459   .0246643   317.93   0.000      7.79308    7.889837
------------------------------------------------------------------------------

Absorbed degrees of freedom:
-----------------------------------------------------+
 Absorbed FE | Categories  - Redundant  = Num. Coefs |
-------------+---------------------------------------|
   ubica_geo |      1573        1573           0    *|
        year |         5           1           4     |
-----------------------------------------------------+
* = FE nested within cluster; treated as redundant for DoF computation

.     eststo b3

.     estadd local controls    "Y"

added macro:
           e(controls) : "Y"

.     estadd local hastimefe   "Y"

added macro:
          e(hastimefe) : "Y"

.     estadd local hasmunicfe  "Y"

added macro:
         e(hasmunicfe) : "Y"

. 
. reghdfe lni i.zlfn##i.post $controls if hli_hh == 1, absorb(ubica_geo year) v
> ce(cluster ubica_geo)
(dropped 221 singleton observations)
(MWFE estimator converged in 6 iterations)
note: 1bn.zlfn is probably collinear with the fixed effects (all partialled-out
>  values are close to zero; tol = 1.0e-09)
note: 1bn.post is probably collinear with the fixed effects (all partialled-out
>  values are close to zero; tol = 1.0e-09)

HDFE Linear regression                            Number of obs   =     23,171
Absorbing 2 HDFE groups                           F(   8,    855) =     439.51
Statistics robust to heteroskedasticity           Prob > F        =     0.0000
                                                  R-squared       =     0.3765
                                                  Adj R-squared   =     0.3523
                                                  Within R-sq.    =     0.1473
Number of clusters (ubica_geo) =        856       Root MSE        =     0.9331

                            (Std. err. adjusted for 856 clusters in ubica_geo)
------------------------------------------------------------------------------
             |               Robust
         lni | Coefficient  std. err.      t    P>|t|     [95% conf. interval]
-------------+----------------------------------------------------------------
        zlfn |
       ZLFN  |          0  (omitted)
             |
        post |
Post (>2..)  |          0  (omitted)
             |
   zlfn#post |
       ZLFN #|
Post (>2..)  |   .1128129   .0349023     3.23   0.001     .0443088    .1813171
             |
    head_sex |
       Male  |   .0265948   .0164995     1.61   0.107    -.0057895    .0589791
    head_age |   .0075781   .0030153     2.51   0.012     .0016597    .0134964
  head_agesq |  -.0000983   .0000298    -3.30   0.001    -.0001568   -.0000399
   head_educ |   .0508703   .0023166    21.96   0.000     .0463233    .0554172
     hh_size |   .1324544   .0103538    12.79   0.000     .1121325    .1527762
      n_kids |  -.3186543   .0249941   -12.75   0.000    -.3677112   -.2695974
   n_workers |   .1867015   .0117174    15.93   0.000     .1637033    .2096998
       _cons |   7.502836   .0739166   101.50   0.000     7.357757    7.647916
------------------------------------------------------------------------------

Absorbed degrees of freedom:
-----------------------------------------------------+
 Absorbed FE | Categories  - Redundant  = Num. Coefs |
-------------+---------------------------------------|
   ubica_geo |       856         856           0    *|
        year |         5           1           4     |
-----------------------------------------------------+
* = FE nested within cluster; treated as redundant for DoF computation

.     eststo b4

.     estadd local controls    "Y"

added macro:
           e(controls) : "Y"

.     estadd local hastimefe   "Y"

added macro:
          e(hastimefe) : "Y"

.     estadd local hasmunicfe  "Y"

added macro:
         e(hasmunicfe) : "Y"

. 
. reghdfe lni i.zlfn##i.post $controls if indig_hh == 1, absorb(ubica_geo year)
>  vce(cluster ubica_geo)
(dropped 46 singleton observations)
(MWFE estimator converged in 6 iterations)
note: 1bn.zlfn is probably collinear with the fixed effects (all partialled-out
>  values are close to zero; tol = 1.0e-09)
note: 1bn.post is probably collinear with the fixed effects (all partialled-out
>  values are close to zero; tol = 1.0e-09)

HDFE Linear regression                            Number of obs   =     91,062
Absorbing 2 HDFE groups                           F(   8,   1676) =    1578.65
Statistics robust to heteroskedasticity           Prob > F        =     0.0000
                                                  R-squared       =     0.3407
                                                  Adj R-squared   =     0.3283
                                                  Within R-sq.    =     0.1701
Number of clusters (ubica_geo) =      1,677       Root MSE        =     0.8717

                          (Std. err. adjusted for 1,677 clusters in ubica_geo)
------------------------------------------------------------------------------
             |               Robust
         lni | Coefficient  std. err.      t    P>|t|     [95% conf. interval]
-------------+----------------------------------------------------------------
        zlfn |
       ZLFN  |          0  (omitted)
             |
        post |
Post (>2..)  |          0  (omitted)
             |
   zlfn#post |
       ZLFN #|
Post (>2..)  |   .1487424   .0348895     4.26   0.000     .0803107    .2171741
             |
    head_sex |
       Male  |   .1095104   .0071492    15.32   0.000     .0954881    .1235328
    head_age |   .0080321    .001358     5.91   0.000     .0053685    .0106957
  head_agesq |  -.0001019   .0000136    -7.50   0.000    -.0001285   -.0000753
   head_educ |   .0582623    .001229    47.41   0.000     .0558518    .0606728
     hh_size |   .1024274   .0051187    20.01   0.000     .0923876    .1124671
      n_kids |  -.2912276   .0132696   -21.95   0.000    -.3172544   -.2652008
   n_workers |   .2196169   .0062758    34.99   0.000     .2073076    .2319262
       _cons |   7.633003   .0363105   210.21   0.000     7.561784    7.704222
------------------------------------------------------------------------------

Absorbed degrees of freedom:
-----------------------------------------------------+
 Absorbed FE | Categories  - Redundant  = Num. Coefs |
-------------+---------------------------------------|
   ubica_geo |      1677        1677           0    *|
        year |         5           1           4     |
-----------------------------------------------------+
* = FE nested within cluster; treated as redundant for DoF computation

.     eststo b5

.     estadd local controls    "Y"

added macro:
           e(controls) : "Y"

.     estadd local hastimefe   "Y"

added macro:
          e(hastimefe) : "Y"

.     estadd local hasmunicfe  "Y"

added macro:
         e(hasmunicfe) : "Y"

. 
. esttab b1 b2 b3 b4 b5 using "`TABDIR'did-income-hhlevel-year.tex", replace la
> bel fragment ///
>     nolines posthead(\cmidrule{2-6}) prefoot(\midrule)                       
>               ///
>     postfoot(\bottomrule \bottomrule) booktabs                               
>               ///
>     nonumbers mtitle("(1)" "(2)" "(3)" "(4)" "(5)") collabels(none)          
>               ///
>     cells(b(star fmt(%9.3f)) se(par fmt(%9.3f)))                             
>               ///
>     starlevels(* 0.10 ** 0.05 *** 0.01)                                      
>               ///
>     refcat(1.zlfn#1.post "ZLFN $\times$", nolabel)                           
>               ///
>     keep(1.zlfn#1.post)                                                      
>               ///
>     coeflabel(1.zlfn#1.post "{2016--2024}")                                  
>               ///
>     stats(N controls hastimefe hasmunicfe,                                   
>               ///
>         fmt(%11.0gc) label("Observations" "Controls" "Time FE" "Municipal FE"
> )) onecell
(file ../../paper/tables/did-income-hhlevel-year.tex not found)
(output written to ../../paper/tables/did-income-hhlevel-year.tex)

. 
. cap log close
