-------------------------------------------------------------------------------
      name:  <unnamed>
       log:  /Users/victorortega/Library/CloudStorage/Dropbox/CarrascoOrtega-mi
> nwage/code/estimate/log/did-income-ethnic.log
  log type:  text
 opened on:  24 Apr 2026, 00:28:39

. 
. *************************************************
. ***** DiD: Income by Indigenous Status **********
. *************************************************
. 
. foreach ds in year month {
  2. 
. do read-enigh`ds'.do
  3. estimates clear
  4. 
. * All units
. reghdfe lni i.zlfn##i.post $controls, absorb(ubica_geo year) vce(cluster ubic
> a_geo)
  5.      eststo t1m1
  6.      estadd local controls       "Y"
  7.      estadd local hastimefe      "Y"
  8.      estadd local hasmunicfe     "Y"
  9. 
. * Non-indigenous speakers
. reghdfe lni i.zlfn##i.post $controls if indspeaker == 0, absorb(ubica_geo yea
> r) vce(cluster ubica_geo)
 10.      eststo t1m2
 11.      estadd local controls       "Y"
 12.      estadd local hastimefe      "Y"
 13.      estadd local hasmunicfe     "Y"
 14. 
. * Non-indigenous (self-identified)
. reghdfe lni i.zlfn##i.post $controls if etnia == 0, absorb(ubica_geo year) vc
> e(cluster ubica_geo)
 15.      eststo t1m3
 16.      estadd local controls       "Y"
 17.      estadd local hastimefe      "Y"
 18.      estadd local hasmunicfe     "Y"
 19. 
. * Indigenous speakers
. reghdfe lni i.zlfn##i.post $controls if indspeaker == 1, absorb(ubica_geo yea
> r) vce(cluster ubica_geo)
 20.      eststo t1m4
 21.      estadd local controls       "Y"
 22.      estadd local hastimefe      "Y"
 23.      estadd local hasmunicfe     "Y"
 24. 
. * Indigenous (self-identified)
. reghdfe lni i.zlfn##i.post $controls if etnia == 1, absorb(ubica_geo year) vc
> e(cluster ubica_geo)
 25.      eststo t1m5
 26.      estadd local controls       "Y"
 27.      estadd local hastimefe      "Y"
 28.      estadd local hasmunicfe     "Y"
 29. 
. *************************************************
. *************** Export TeX Table ****************
. *************************************************
. 
. esttab t1m1 t1m2 t1m3 t1m4 t1m5 ///
>     using "../../paper/tables/did-income-ethnic-`ds'.tex", replace label frag
> ment ///
>     nolines posthead(\cmidrule{2-6}) prefoot(\midrule) ///
>     postfoot(\bottomrule \bottomrule) booktabs ///
>     nonumbers mtitle("(1)" "(2)" "(3)" "(4)" "(5)") collabels(none) ///
>     cells(b(star fmt(%9.3f)) se(par fmt(%9.3f))) ///
>     starlevels(* 0.10 ** 0.05 *** 0.01) ///
>     refcat(1.zlfn#1.post "ZLFN $\times$", nolabel) ///
>     keep(1.zlfn#1.post) ///
>     coeflabel(1.zlfn#1.post "{2016-2024}") ///
>     stats(N controls hastimefe hasmunicfe, ///
>         fmt(%11.0gc) label("Observations" "Controls" "Time FE" "Municipal FE"
> )) onecell
 30. }

. *************************************************
. *************** Read ENIGH Year *****************
. *************************************************
. 
. *** REPLICATION FILE: read-enighyear
. *** STATA VERSION: StataNow 19.5
. *** AUTHORS: Matías Carrasco, Victor Ortega Le Hénanff
. *** DATE: 2026-03-03
. 
. *  Loads the yearly cross-section produced by
. *  data/clean/code/enigh-year.R, generates derived
. *  variables and sets the $controls global.
. 
. *  Called by every analysis do-file:
. *     do read-enighyear.do
. 
. *************************************************
. ****************** Load Data ********************
. *************************************************
. 
. use "../../data/clean/enigh/enigh-year.dta", clear

. 
. ssc install require, replace
checking require consistency and verifying not already installed...
all files already exist and are up to date.

. ssc install estout, replace
checking estout consistency and verifying not already installed...
all files already exist and are up to date.

. ssc install coefplot, replace
checking coefplot consistency and verifying not already installed...
all files already exist and are up to date.

. 
. * Install ftools (remove program if it existed previously)
. net install ftools, replace from("https://raw.githubusercontent.com/sergiocor
> reia/ftools/master/src/")
checking ftools consistency and verifying not already installed...
all files already exist and are up to date.

. 
. * Install reghdfe 6.x
. net install reghdfe, replace from("https://raw.githubusercontent.com/sergioco
> rreia/reghdfe/master/src/")
checking reghdfe consistency and verifying not already installed...
all files already exist and are up to date.

. 
. *************************************************
. *************** Decode Factors ******************
. *************************************************
. 
. * haven::write_dta stores R factors as labeled integers.
. * Decode year and ent to recover original numeric values.
. 
. foreach v in year ent {
  2.     capture decode `v', gen(_`v'_str)
  3.     if _rc == 0 {
  4.         destring _`v'_str, replace force
  5.         drop `v'
  6.         rename _`v'_str `v'
  7.     }
  8. }

. 
. *************************************************
. *********** Generate Log Incomes ****************
. *************************************************
. 
. gen lnw   = ln(ing_wages)            if ing_wages > 0
(206,957 missing values generated)

. gen lni   = ln(ing_lab)              if ing_lab > 0
(42,758 missing values generated)

. gen lnmon = ln(ing_mon)              if ing_mon > 0
(24,777 missing values generated)

. gen lnr   = ln(ing_rentas)          if ing_rentas > 0
(682,670 missing values generated)

. gen lnv   = ln(ing_ventas)          if ing_ventas > 0
(676,733 missing values generated)

. gen lno   = ln(ing_other)           if ing_other > 0
(565,544 missing values generated)

. gen lnn   = ln(ing_negocio)         if ing_negocio > 0
(546,587 missing values generated)

. gen lnnwi = ln(ing_non_wage_income) if ing_non_wage_income > 0
(523,909 missing values generated)

. gen lngt  = ln(ing_gov_transfers)   if ing_gov_transfers > 0
(583,326 missing values generated)

. gen lnfc  = ln(ing_fin_capital)     if ing_fin_capital > 0
(663,912 missing values generated)

. 
. *************************************************
. ************ Derived Variables ******************
. *************************************************
. 
. gen female = 1 - sexo

. gen edadsq = edad_pob * edad_pob

. 
. label variable lnw   "Log Wages"

. label variable lni   "Log Labor Income"

. label variable lnmon "Log Monetary Income"

. label variable lnr   "Log Rent Income"

. label variable lnv   "Log Sales Income"

. label variable lno   "Log Other Income"

. label variable lnn   "Log Business Income"

. label variable lnnwi "Log Non-Wage Income"

. label variable lngt  "Log Government Transfers"

. label variable lnfc  "Log Financial Capital Income"

. label variable post  "Post-Treatment (year > 2018)"

. label variable female "Female"

. label variable edadsq "Age Squared"

. 
. *************************************************
. ***************** Controls **********************
. *************************************************
. 
. global controls i.female edad_pob edadsq years_of_study hoursworked i.employe
> d

. 
end of do-file
(MWFE estimator converged in 6 iterations)
note: 1bn.post is probably collinear with the fixed effects (all partialled-out
>  values are close to zero; tol = 1.0e-09)

HDFE Linear regression                            Number of obs   =    539,057
Absorbing 2 HDFE groups                           F(   8,   1765) =    3140.44
Statistics robust to heteroskedasticity           Prob > F        =     0.0000
                                                  R-squared       =     0.3998
                                                  Adj R-squared   =     0.3978
                                                  Within R-sq.    =     0.2786
Number of clusters (ubica_geo) =      1,766       Root MSE        =     0.9286

                          (Std. err. adjusted for 1,766 clusters in ubica_geo)
------------------------------------------------------------------------------
             |               Robust
         lni | Coefficient  std. err.      t    P>|t|     [95% conf. interval]
-------------+----------------------------------------------------------------
      1.zlfn |   .0448939   .0278265     1.61   0.107    -.0096824    .0994703
      1.post |          0  (omitted)
             |
   zlfn#post |
        1 1  |   .1091633   .0144427     7.56   0.000     .0808367    .1374899
             |
    1.female |  -.4406838   .0071426   -61.70   0.000    -.4546926   -.4266749
    edad_pob |   .0718943   .0007418    96.92   0.000     .0704395    .0733491
      edadsq |  -.0007899   8.34e-06   -94.72   0.000    -.0008062   -.0007735
years_of_s~y |   .0754022   .0009075    83.08   0.000     .0736222    .0771822
 hoursworked |   .0172402   .0002156    79.97   0.000     .0168173     .017663
  1.employed |   .2884064   .0225201    12.81   0.000     .2442375    .3325752
       _cons |   5.582674   .0291954   191.22   0.000     5.525413    5.639936
------------------------------------------------------------------------------

Absorbed degrees of freedom:
-----------------------------------------------------+
 Absorbed FE | Categories  - Redundant  = Num. Coefs |
-------------+---------------------------------------|
   ubica_geo |      1766        1766           0    *|
        year |         5           1           4     |
-----------------------------------------------------+
* = FE nested within cluster; treated as redundant for DoF computation

added macro:
           e(controls) : "Y"

added macro:
          e(hastimefe) : "Y"

added macro:
         e(hasmunicfe) : "Y"
(dropped 27 singleton observations)
(MWFE estimator converged in 6 iterations)
note: 1bn.post is probably collinear with the fixed effects (all partialled-out
>  values are close to zero; tol = 1.0e-09)

HDFE Linear regression                            Number of obs   =    496,345
Absorbing 2 HDFE groups                           F(   8,   1693) =    3131.86
Statistics robust to heteroskedasticity           Prob > F        =     0.0000
                                                  R-squared       =     0.3736
                                                  Adj R-squared   =     0.3714
                                                  Within R-sq.    =     0.2773
Number of clusters (ubica_geo) =      1,694       Root MSE        =     0.9077

                          (Std. err. adjusted for 1,694 clusters in ubica_geo)
------------------------------------------------------------------------------
             |               Robust
         lni | Coefficient  std. err.      t    P>|t|     [95% conf. interval]
-------------+----------------------------------------------------------------
      1.zlfn |   .0443732   .0297146     1.49   0.136    -.0139079    .1026544
      1.post |          0  (omitted)
             |
   zlfn#post |
        1 1  |   .1164731   .0141407     8.24   0.000      .088738    .1442082
             |
    1.female |  -.4282794   .0067905   -63.07   0.000     -.441598   -.4149607
    edad_pob |   .0727216   .0007701    94.43   0.000     .0712112    .0742321
      edadsq |  -.0007938   8.70e-06   -91.27   0.000    -.0008109   -.0007768
years_of_s~y |    .074744   .0008925    83.75   0.000     .0729935    .0764946
 hoursworked |   .0169772   .0002129    79.76   0.000     .0165597    .0173947
  1.employed |   .3056362   .0229647    13.31   0.000     .2605941    .3506784
       _cons |   5.596008    .030283   184.79   0.000     5.536612    5.655404
------------------------------------------------------------------------------

Absorbed degrees of freedom:
-----------------------------------------------------+
 Absorbed FE | Categories  - Redundant  = Num. Coefs |
-------------+---------------------------------------|
   ubica_geo |      1694        1694           0    *|
        year |         5           1           4     |
-----------------------------------------------------+
* = FE nested within cluster; treated as redundant for DoF computation

added macro:
           e(controls) : "Y"

added macro:
          e(hastimefe) : "Y"

added macro:
         e(hasmunicfe) : "Y"
(dropped 47 singleton observations)
(MWFE estimator converged in 6 iterations)
note: 1bn.post is probably collinear with the fixed effects (all partialled-out
>  values are close to zero; tol = 1.0e-09)

HDFE Linear regression                            Number of obs   =    373,579
Absorbing 2 HDFE groups                           F(   8,   1636) =    3065.32
Statistics robust to heteroskedasticity           Prob > F        =     0.0000
                                                  R-squared       =     0.3707
                                                  Adj R-squared   =     0.3679
                                                  Within R-sq.    =     0.2788
Number of clusters (ubica_geo) =      1,637       Root MSE        =     0.8857

                          (Std. err. adjusted for 1,637 clusters in ubica_geo)
------------------------------------------------------------------------------
             |               Robust
         lni | Coefficient  std. err.      t    P>|t|     [95% conf. interval]
-------------+----------------------------------------------------------------
      1.zlfn |   .0450929   .0283154     1.59   0.111    -.0104454    .1006312
      1.post |          0  (omitted)
             |
   zlfn#post |
        1 1  |   .1206432   .0145688     8.28   0.000     .0920678    .1492186
             |
    1.female |  -.4092831   .0066528   -61.52   0.000    -.4223321   -.3962342
    edad_pob |   .0723648   .0008349    86.68   0.000     .0707272    .0740023
      edadsq |  -.0007871   9.49e-06   -82.91   0.000    -.0008057   -.0007685
years_of_s~y |   .0762588    .000896    85.11   0.000     .0745013    .0780162
 hoursworked |    .016732   .0002155    77.62   0.000     .0163092    .0171547
  1.employed |   .3156834   .0263274    11.99   0.000     .2640445    .3673223
       _cons |   5.627809   .0334337   168.33   0.000     5.562231    5.693386
------------------------------------------------------------------------------

Absorbed degrees of freedom:
-----------------------------------------------------+
 Absorbed FE | Categories  - Redundant  = Num. Coefs |
-------------+---------------------------------------|
   ubica_geo |      1637        1637           0    *|
        year |         5           1           4     |
-----------------------------------------------------+
* = FE nested within cluster; treated as redundant for DoF computation

added macro:
           e(controls) : "Y"

added macro:
          e(hastimefe) : "Y"

added macro:
         e(hasmunicfe) : "Y"
(dropped 214 singleton observations)
(MWFE estimator converged in 6 iterations)
note: 1bn.post is probably collinear with the fixed effects (all partialled-out
>  values are close to zero; tol = 1.0e-09)

HDFE Linear regression                            Number of obs   =     42,471
Absorbing 2 HDFE groups                           F(   8,    938) =     601.25
Statistics robust to heteroskedasticity           Prob > F        =     0.0000
                                                  R-squared       =     0.4179
                                                  Adj R-squared   =     0.4046
                                                  Within R-sq.    =     0.2759
Number of clusters (ubica_geo) =        939       Root MSE        =     1.1231

                            (Std. err. adjusted for 939 clusters in ubica_geo)
------------------------------------------------------------------------------
             |               Robust
         lni | Coefficient  std. err.      t    P>|t|     [95% conf. interval]
-------------+----------------------------------------------------------------
      1.zlfn |   .1125701   .0630055     1.79   0.074     -.011078    .2362182
      1.post |          0  (omitted)
             |
   zlfn#post |
        1 1  |    .018296   .0662216     0.28   0.782    -.1116636    .1482556
             |
    1.female |  -.6065577   .0221894   -27.34   0.000    -.6501044    -.563011
    edad_pob |   .0576017   .0021211    27.16   0.000      .053439    .0617644
      edadsq |   -.000696   .0000227   -30.62   0.000    -.0007406   -.0006514
years_of_s~y |   .0641017   .0026921    23.81   0.000     .0588186    .0693849
 hoursworked |   .0189467   .0005147    36.81   0.000     .0179367    .0199568
  1.employed |   .0669299     .08775     0.76   0.446    -.1052792     .239139
       _cons |   5.782121   .0983264    58.81   0.000     5.589156    5.975087
------------------------------------------------------------------------------

Absorbed degrees of freedom:
-----------------------------------------------------+
 Absorbed FE | Categories  - Redundant  = Num. Coefs |
-------------+---------------------------------------|
   ubica_geo |       939         939           0    *|
        year |         5           1           4     |
-----------------------------------------------------+
* = FE nested within cluster; treated as redundant for DoF computation

added macro:
           e(controls) : "Y"

added macro:
          e(hastimefe) : "Y"

added macro:
         e(hasmunicfe) : "Y"
(dropped 24 singleton observations)
(MWFE estimator converged in 6 iterations)
note: 1bn.post is probably collinear with the fixed effects (all partialled-out
>  values are close to zero; tol = 1.0e-09)

HDFE Linear regression                            Number of obs   =    165,407
Absorbing 2 HDFE groups                           F(   8,   1708) =    1508.18
Statistics robust to heteroskedasticity           Prob > F        =     0.0000
                                                  R-squared       =     0.4020
                                                  Adj R-squared   =     0.3957
                                                  Within R-sq.    =     0.2756
Number of clusters (ubica_geo) =      1,709       Root MSE        =     1.0134

                          (Std. err. adjusted for 1,709 clusters in ubica_geo)
------------------------------------------------------------------------------
             |               Robust
         lni | Coefficient  std. err.      t    P>|t|     [95% conf. interval]
-------------+----------------------------------------------------------------
      1.zlfn |   .0334563   .0438118     0.76   0.445     -.052474    .1193867
      1.post |          0  (omitted)
             |
   zlfn#post |
        1 1  |   .0986088   .0350673     2.81   0.005     .0298294    .1673882
             |
    1.female |  -.5131717   .0101507   -50.56   0.000    -.5330808   -.4932626
    edad_pob |    .070183   .0012142    57.80   0.000     .0678015    .0725644
      edadsq |  -.0007914   .0000137   -57.80   0.000    -.0008183   -.0007645
years_of_s~y |   .0694074   .0014478    47.94   0.000     .0665677    .0722471
 hoursworked |     .01802    .000309    58.32   0.000      .017414     .018626
  1.employed |   .2378184   .0377974     6.29   0.000     .1636844    .3119524
       _cons |   5.537877   .0480676   115.21   0.000       5.4436    5.632155
------------------------------------------------------------------------------

Absorbed degrees of freedom:
-----------------------------------------------------+
 Absorbed FE | Categories  - Redundant  = Num. Coefs |
-------------+---------------------------------------|
   ubica_geo |      1709        1709           0    *|
        year |         5           1           4     |
-----------------------------------------------------+
* = FE nested within cluster; treated as redundant for DoF computation

added macro:
           e(controls) : "Y"

added macro:
          e(hastimefe) : "Y"

added macro:
         e(hasmunicfe) : "Y"
(output written to ../../paper/tables/did-income-ethnic-year.tex)

. *************************************************
. *************** Read ENIGH Month ****************
. *************************************************
. 
. *** REPLICATION FILE: read-enighmonth
. *** STATA VERSION: StataNow 19.5
. *** AUTHORS: Matías Carrasco, Victor Ortega Le Hénanff
. *** DATE: 2026-03-20
. 
. *  Loads the monthly panel produced by
. *  code/build/enigh-month.do, harmonizes variable
. *  names to match read-enighyear.do interface.
. 
. *  Called inside foreach loops in analysis do-files:
. *     do read-enighmonth.do
. 
. *************************************************
. ****************** Load Data ********************
. *************************************************
. 
. use "../../data/clean/enigh/enigh-month.dta", clear

. 
. *************************************************
. ********** Harmonize Variable Names *************
. *************************************************
. 
. rename zona_a zlfn

. rename edad edad_pob

. rename indigenous etnia

. 
. gen female = 1 - gender

. 
. gen post = (year > 2018)

. label variable post "Post-Treatment (year > 2018)"

. label variable female "Female"

. 
. *************************************************
. ***************** Controls **********************
. *************************************************
. 
. global controls i.female edad_pob edadsq years_of_study hoursworked i.employe
> d

. 
end of do-file
(MWFE estimator converged in 6 iterations)
note: 1bn.zlfn is probably collinear with the fixed effects (all partialled-out
>  values are close to zero; tol = 1.0e-09)
note: 1bn.post is probably collinear with the fixed effects (all partialled-out
>  values are close to zero; tol = 1.0e-09)

HDFE Linear regression                            Number of obs   =  3,191,532
Absorbing 2 HDFE groups                           F(   7,   1765) =    4171.00
Statistics robust to heteroskedasticity           Prob > F        =     0.0000
                                                  R-squared       =     0.3513
                                                  Adj R-squared   =     0.3509
                                                  Within R-sq.    =     0.2275
Number of clusters (ubica_geo) =      1,766       Root MSE        =     0.8725

                          (Std. err. adjusted for 1,766 clusters in ubica_geo)
------------------------------------------------------------------------------
             |               Robust
         lni | Coefficient  std. err.      t    P>|t|     [95% conf. interval]
-------------+----------------------------------------------------------------
      1.zlfn |          0  (omitted)
      1.post |          0  (omitted)
             |
   zlfn#post |
        1 1  |   .0952259   .0111639     8.53   0.000       .07333    .1171219
             |
    1.female |    -.32294   .0049107   -65.76   0.000    -.3325714   -.3133086
    edad_pob |   .0379584   .0006475    58.62   0.000     .0366883    .0392284
      edadsq |  -.0003354   7.13e-06   -47.05   0.000    -.0003494   -.0003214
years_of_s~y |   .0779225     .00086    90.61   0.000     .0762359    .0796092
 hoursworked |   .0132198   .0001636    80.82   0.000     .0128989    .0135406
             |
    employed |
   Employed  |   .2033259    .015657    12.99   0.000     .1726177    .2340342
       _cons |   6.538721   .0221707   294.93   0.000     6.495237    6.582205
------------------------------------------------------------------------------

Absorbed degrees of freedom:
-----------------------------------------------------+
 Absorbed FE | Categories  - Redundant  = Num. Coefs |
-------------+---------------------------------------|
   ubica_geo |      1766        1766           0    *|
        year |         5           1           4     |
-----------------------------------------------------+
* = FE nested within cluster; treated as redundant for DoF computation

added macro:
           e(controls) : "Y"

added macro:
          e(hastimefe) : "Y"

added macro:
         e(hasmunicfe) : "Y"
(dropped 3 singleton observations)
(MWFE estimator converged in 6 iterations)
note: 1bn.zlfn is probably collinear with the fixed effects (all partialled-out
>  values are close to zero; tol = 1.0e-09)
note: 1bn.post is probably collinear with the fixed effects (all partialled-out
>  values are close to zero; tol = 1.0e-09)

HDFE Linear regression                            Number of obs   =  2,934,576
Absorbing 2 HDFE groups                           F(   7,   1722) =    4246.02
Statistics robust to heteroskedasticity           Prob > F        =     0.0000
                                                  R-squared       =     0.3318
                                                  Adj R-squared   =     0.3314
                                                  Within R-sq.    =     0.2345
Number of clusters (ubica_geo) =      1,723       Root MSE        =     0.8482

                          (Std. err. adjusted for 1,723 clusters in ubica_geo)
------------------------------------------------------------------------------
             |               Robust
         lni | Coefficient  std. err.      t    P>|t|     [95% conf. interval]
-------------+----------------------------------------------------------------
      1.zlfn |          0  (omitted)
      1.post |          0  (omitted)
             |
   zlfn#post |
        1 1  |   .1026998   .0111635     9.20   0.000     .0808043    .1245953
             |
    1.female |  -.3221711   .0049323   -65.32   0.000    -.3318451   -.3124972
    edad_pob |   .0402937   .0006286    64.10   0.000     .0390609    .0415265
      edadsq |  -.0003595   7.01e-06   -51.31   0.000    -.0003732   -.0003457
years_of_s~y |   .0773606   .0008395    92.15   0.000     .0757141    .0790071
 hoursworked |   .0130775   .0001642    79.65   0.000     .0127555    .0133995
             |
    employed |
   Employed  |   .2403051   .0151077    15.91   0.000     .2106737    .2699365
       _cons |    6.50206   .0209813   309.90   0.000     6.460909    6.543212
------------------------------------------------------------------------------

Absorbed degrees of freedom:
-----------------------------------------------------+
 Absorbed FE | Categories  - Redundant  = Num. Coefs |
-------------+---------------------------------------|
   ubica_geo |      1723        1723           0    *|
        year |         5           1           4     |
-----------------------------------------------------+
* = FE nested within cluster; treated as redundant for DoF computation

added macro:
           e(controls) : "Y"

added macro:
          e(hastimefe) : "Y"

added macro:
         e(hasmunicfe) : "Y"
(MWFE estimator converged in 6 iterations)
note: 1bn.zlfn is probably collinear with the fixed effects (all partialled-out
>  values are close to zero; tol = 1.0e-09)
note: 1bn.post is probably collinear with the fixed effects (all partialled-out
>  values are close to zero; tol = 1.0e-09)

HDFE Linear regression                            Number of obs   =  2,206,399
Absorbing 2 HDFE groups                           F(   7,   1687) =    3742.52
Statistics robust to heteroskedasticity           Prob > F        =     0.0000
                                                  R-squared       =     0.3333
                                                  Adj R-squared   =     0.3328
                                                  Within R-sq.    =     0.2415
Number of clusters (ubica_geo) =      1,688       Root MSE        =     0.8277

                          (Std. err. adjusted for 1,688 clusters in ubica_geo)
------------------------------------------------------------------------------
             |               Robust
         lni | Coefficient  std. err.      t    P>|t|     [95% conf. interval]
-------------+----------------------------------------------------------------
      1.zlfn |          0  (omitted)
      1.post |          0  (omitted)
             |
   zlfn#post |
        1 1  |    .107753    .010903     9.88   0.000     .0863682    .1291378
             |
    1.female |  -.3139876   .0049931   -62.88   0.000     -.323781   -.3041943
    edad_pob |   .0406239   .0006964    58.34   0.000     .0392581    .0419898
      edadsq |  -.0003628   7.71e-06   -47.08   0.000    -.0003779   -.0003477
years_of_s~y |    .078555   .0008585    91.50   0.000     .0768711    .0802389
 hoursworked |   .0130124   .0001698    76.65   0.000     .0126794    .0133453
             |
    employed |
   Employed  |   .2616553   .0164004    15.95   0.000     .2294879    .2938226
       _cons |    6.50545   .0232226   280.13   0.000     6.459902    6.550998
------------------------------------------------------------------------------

Absorbed degrees of freedom:
-----------------------------------------------------+
 Absorbed FE | Categories  - Redundant  = Num. Coefs |
-------------+---------------------------------------|
   ubica_geo |      1688        1688           0    *|
        year |         5           1           4     |
-----------------------------------------------------+
* = FE nested within cluster; treated as redundant for DoF computation

added macro:
           e(controls) : "Y"

added macro:
          e(hastimefe) : "Y"

added macro:
         e(hasmunicfe) : "Y"
(dropped 6 singleton observations)
(MWFE estimator converged in 6 iterations)
note: 1bn.zlfn is probably collinear with the fixed effects (all partialled-out
>  values are close to zero; tol = 1.0e-09)
note: 1bn.post is probably collinear with the fixed effects (all partialled-out
>  values are close to zero; tol = 1.0e-09)

HDFE Linear regression                            Number of obs   =    256,947
Absorbing 2 HDFE groups                           F(   7,   1160) =     476.65
Statistics robust to heteroskedasticity           Prob > F        =     0.0000
                                                  R-squared       =     0.3108
                                                  Adj R-squared   =     0.3076
                                                  Within R-sq.    =     0.1576
Number of clusters (ubica_geo) =      1,161       Root MSE        =     1.0898

                          (Std. err. adjusted for 1,161 clusters in ubica_geo)
------------------------------------------------------------------------------
             |               Robust
         lni | Coefficient  std. err.      t    P>|t|     [95% conf. interval]
-------------+----------------------------------------------------------------
      1.zlfn |          0  (omitted)
      1.post |          0  (omitted)
             |
   zlfn#post |
        1 1  |   .0473154   .0418065     1.13   0.258    -.0347093    .1293402
             |
    1.female |  -.3510684    .018218   -19.27   0.000    -.3868122   -.3153245
    edad_pob |   .0152315   .0017708     8.60   0.000     .0117571    .0187058
      edadsq |  -.0001195   .0000182    -6.55   0.000    -.0001554   -.0000837
years_of_s~y |   .0692721   .0023235    29.81   0.000     .0647134    .0738308
 hoursworked |   .0138571    .000385    35.99   0.000     .0131017    .0146125
             |
    employed |
   Employed  |  -.1893198   .0373156    -5.07   0.000    -.2625334   -.1161063
       _cons |     7.0542    .055951   126.08   0.000     6.944424    7.163977
------------------------------------------------------------------------------

Absorbed degrees of freedom:
-----------------------------------------------------+
 Absorbed FE | Categories  - Redundant  = Num. Coefs |
-------------+---------------------------------------|
   ubica_geo |      1161        1161           0    *|
        year |         5           1           4     |
-----------------------------------------------------+
* = FE nested within cluster; treated as redundant for DoF computation

added macro:
           e(controls) : "Y"

added macro:
          e(hastimefe) : "Y"

added macro:
         e(hasmunicfe) : "Y"
(MWFE estimator converged in 6 iterations)
note: 1bn.zlfn is probably collinear with the fixed effects (all partialled-out
>  values are close to zero; tol = 1.0e-09)
note: 1bn.post is probably collinear with the fixed effects (all partialled-out
>  values are close to zero; tol = 1.0e-09)

HDFE Linear regression                            Number of obs   =    985,133
Absorbing 2 HDFE groups                           F(   7,   1732) =    1885.14
Statistics robust to heteroskedasticity           Prob > F        =     0.0000
                                                  R-squared       =     0.3313
                                                  Adj R-squared   =     0.3301
                                                  Within R-sq.    =     0.1975
Number of clusters (ubica_geo) =      1,733       Root MSE        =     0.9588

                          (Std. err. adjusted for 1,733 clusters in ubica_geo)
------------------------------------------------------------------------------
             |               Robust
         lni | Coefficient  std. err.      t    P>|t|     [95% conf. interval]
-------------+----------------------------------------------------------------
      1.zlfn |          0  (omitted)
      1.post |          0  (omitted)
             |
   zlfn#post |
        1 1  |   .0834201   .0258496     3.23   0.001     .0327204    .1341197
             |
    1.female |  -.3449175   .0073569   -46.88   0.000    -.3593469   -.3304882
    edad_pob |   .0327481   .0009273    35.32   0.000     .0309294    .0345669
      edadsq |  -.0002871   .0000101   -28.35   0.000    -.0003069   -.0002672
years_of_s~y |    .073401   .0013353    54.97   0.000      .070782    .0760199
 hoursworked |    .013491   .0002268    59.48   0.000     .0130461    .0139359
             |
    employed |
   Employed  |   .0909274    .021629     4.20   0.000     .0485058     .133349
       _cons |   6.620743   .0303443   218.19   0.000     6.561228    6.680258
------------------------------------------------------------------------------

Absorbed degrees of freedom:
-----------------------------------------------------+
 Absorbed FE | Categories  - Redundant  = Num. Coefs |
-------------+---------------------------------------|
   ubica_geo |      1733        1733           0    *|
        year |         5           1           4     |
-----------------------------------------------------+
* = FE nested within cluster; treated as redundant for DoF computation

added macro:
           e(controls) : "Y"

added macro:
          e(hastimefe) : "Y"

added macro:
         e(hasmunicfe) : "Y"
(output written to ../../paper/tables/did-income-ethnic-month.tex)

. 
. cap log close
