-------------------------------------------------------------------------------
      name:  <unnamed>
       log:  /Users/victorortega/Library/CloudStorage/Dropbox/CarrascoOrtega-mi
> nwage/code/estimate/log/plot-event-wage-centiles.log
  log type:  text
 opened on:  24 Apr 2026, 00:39:12

. 
. *************************************************
. ******** Centile Coefficient Plot: Wages ********
. *************************************************
. 
. foreach ds in year month {
  2. 
. do read-enigh`ds'.do
  3. estimates clear
  4. cap mkdir "../../paper/figures"
  5. 
. xtile centile = lni, nq(100)
  6. 
. forvalues c = 1/100 {
  7.     quietly reghdfe lnw i.zlfn##i.post $controls if centile == `c', ///
>         absorb(ubica_geo year) vce(cluster ubica_geo)
  8.     eststo cent`c'
  9. }
 10. 
. coefplot ///
>     cent1 cent2 cent3 cent4 cent5 cent6 cent7 cent8 cent9 cent10 ///
>     cent11 cent12 cent13 cent14 cent15 cent16 cent17 cent18 cent19 cent20 ///
>     cent21 cent22 cent23 cent24 cent25 cent26 cent27 cent28 cent29 cent30 ///
>     cent31 cent32 cent33 cent34 cent35 cent36 cent37 cent38 cent39 cent40 ///
>     cent41 cent42 cent43 cent44 cent45 cent46 cent47 cent48 cent49 cent50 ///
>     cent51 cent52 cent53 cent54 cent55 cent56 cent57 cent58 cent59 cent60 ///
>     cent61 cent62 cent63 cent64 cent65 cent66 cent67 cent68 cent69 cent70 ///
>     cent71 cent72 cent73 cent74 cent75 cent76 cent77 cent78 cent79 cent80 ///
>     cent81 cent82 cent83 cent84 cent85 cent86 cent87 cent88 cent89 cent90 ///
>     cent91 cent92 cent93 cent94 cent95 cent96 cent97 cent98 cent99 cent100 //
> /
>     , keep(1.zlfn#1.post) vertical noci bycoefs ///
>     recast(connected) lcolor("31 119 180") mcolor("31 119 180") ///
>     msymbol(circle) lw(medthin) msize(vsmall) ///
>     xline(10.5 20.5 30.5 40.5 50.5 60.5 70.5 80.5 90.5, ///
>         lcolor(gs14) lpattern(dash) lw(thin)) ///
>     yline(0, lw(thin) lpattern(solid) lcolor(black)) ///
>     ytitle("ZLFN x Post Coefficient on Log Wages") ///
>     xtitle("Centile of Income Distribution") ///
>     xlabel(1 "1" 10 "10" 20 "20" 30 "30" 40 "40" 50 "50" ///
>            60 "60" 70 "70" 80 "80" 90 "90" 100 "100", labsize(small)) ///
>     graphregion(color(white)) bgcolor(white) ///
>     grid(glcolor(gs14) glwidth(thin))
 11. 
. graph export "../../paper/figures/plot-did-wage-centiles-`ds'.png", replace w
> idth(4000) height(3000)
 12. 
. }

. *************************************************
. *************** Read ENIGH Year *****************
. *************************************************
. 
. *** REPLICATION FILE: read-enighyear
. *** STATA VERSION: StataNow 19.5
. *** AUTHORS: Matías Carrasco, Victor Ortega Le Hénanff
. *** DATE: 2026-03-03
. 
. *  Loads the yearly cross-section produced by
. *  data/clean/code/enigh-year.R, generates derived
. *  variables and sets the $controls global.
. 
. *  Called by every analysis do-file:
. *     do read-enighyear.do
. 
. *************************************************
. ****************** Load Data ********************
. *************************************************
. 
. use "../../data/clean/enigh/enigh-year.dta", clear

. 
. ssc install require, replace
checking require consistency and verifying not already installed...
all files already exist and are up to date.

. ssc install estout, replace
checking estout consistency and verifying not already installed...
all files already exist and are up to date.

. ssc install coefplot, replace
checking coefplot consistency and verifying not already installed...
all files already exist and are up to date.

. 
. * Install ftools (remove program if it existed previously)
. net install ftools, replace from("https://raw.githubusercontent.com/sergiocor
> reia/ftools/master/src/")
checking ftools consistency and verifying not already installed...
all files already exist and are up to date.

. 
. * Install reghdfe 6.x
. net install reghdfe, replace from("https://raw.githubusercontent.com/sergioco
> rreia/reghdfe/master/src/")
checking reghdfe consistency and verifying not already installed...
all files already exist and are up to date.

. 
. *************************************************
. *************** Decode Factors ******************
. *************************************************
. 
. * haven::write_dta stores R factors as labeled integers.
. * Decode year and ent to recover original numeric values.
. 
. foreach v in year ent {
  2.     capture decode `v', gen(_`v'_str)
  3.     if _rc == 0 {
  4.         destring _`v'_str, replace force
  5.         drop `v'
  6.         rename _`v'_str `v'
  7.     }
  8. }

. 
. *************************************************
. *********** Generate Log Incomes ****************
. *************************************************
. 
. gen lnw   = ln(ing_wages)            if ing_wages > 0
(206,957 missing values generated)

. gen lni   = ln(ing_lab)              if ing_lab > 0
(42,758 missing values generated)

. gen lnmon = ln(ing_mon)              if ing_mon > 0
(24,777 missing values generated)

. gen lnr   = ln(ing_rentas)          if ing_rentas > 0
(682,670 missing values generated)

. gen lnv   = ln(ing_ventas)          if ing_ventas > 0
(676,733 missing values generated)

. gen lno   = ln(ing_other)           if ing_other > 0
(565,544 missing values generated)

. gen lnn   = ln(ing_negocio)         if ing_negocio > 0
(546,587 missing values generated)

. gen lnnwi = ln(ing_non_wage_income) if ing_non_wage_income > 0
(523,909 missing values generated)

. gen lngt  = ln(ing_gov_transfers)   if ing_gov_transfers > 0
(583,326 missing values generated)

. gen lnfc  = ln(ing_fin_capital)     if ing_fin_capital > 0
(663,912 missing values generated)

. 
. *************************************************
. ************ Derived Variables ******************
. *************************************************
. 
. gen female = 1 - sexo

. gen edadsq = edad_pob * edad_pob

. 
. label variable lnw   "Log Wages"

. label variable lni   "Log Labor Income"

. label variable lnmon "Log Monetary Income"

. label variable lnr   "Log Rent Income"

. label variable lnv   "Log Sales Income"

. label variable lno   "Log Other Income"

. label variable lnn   "Log Business Income"

. label variable lnnwi "Log Non-Wage Income"

. label variable lngt  "Log Government Transfers"

. label variable lnfc  "Log Financial Capital Income"

. label variable post  "Post-Treatment (year > 2018)"

. label variable female "Female"

. label variable edadsq "Age Squared"

. 
. *************************************************
. ***************** Controls **********************
. *************************************************
. 
. global controls i.female edad_pob edadsq years_of_study hoursworked i.employe
> d

. 
end of do-file
(cent1: no coefficients found, all dropped, or none kept)
file ../../paper/figures/plot-did-wage-centiles-year.png written in PNG format

. *************************************************
. *************** Read ENIGH Month ****************
. *************************************************
. 
. *** REPLICATION FILE: read-enighmonth
. *** STATA VERSION: StataNow 19.5
. *** AUTHORS: Matías Carrasco, Victor Ortega Le Hénanff
. *** DATE: 2026-03-20
. 
. *  Loads the monthly panel produced by
. *  code/build/enigh-month.do, harmonizes variable
. *  names to match read-enighyear.do interface.
. 
. *  Called inside foreach loops in analysis do-files:
. *     do read-enighmonth.do
. 
. *************************************************
. ****************** Load Data ********************
. *************************************************
. 
. use "../../data/clean/enigh/enigh-month.dta", clear

. 
. *************************************************
. ********** Harmonize Variable Names *************
. *************************************************
. 
. rename zona_a zlfn

. rename edad edad_pob

. rename indigenous etnia

. 
. gen female = 1 - gender

. 
. gen post = (year > 2018)

. label variable post "Post-Treatment (year > 2018)"

. label variable female "Female"

. 
. *************************************************
. ***************** Controls **********************
. *************************************************
. 
. global controls i.female edad_pob edadsq years_of_study hoursworked i.employe
> d

. 
end of do-file
(cent1: no coefficients found, all dropped, or none kept)
file ../../paper/figures/plot-did-wage-centiles-month.png written in PNG format

. 
. cap log close
