-------------------------------------------------------------------------------
      name:  <unnamed>
       log:  /Users/victorortega/Library/CloudStorage/Dropbox/CarrascoOrtega-mi
> nwage/code/estimate/log/plot-density-exp.log
  log type:  text
 opened on:  10 May 2026, 10:52:06

. 
. include _helpers.do

. *************************************************
. **************** Helpers (estimate) *************
. *************************************************
. 
. *** REPLICATION FILE: code/estimate/_helpers.do
. *** STATA VERSION:    StataNow 19.5
. *** AUTHORS:          Matías Carrasco, Victor Ortega Le Hénanff
. *** DATE:             2026-05-07
. 
. *** Defines reusable Stata programs used across the DiD .do files in
. *** code/estimate/.
. ***
. ***   savecoeffs namelist, cvar(<varname>) interaction_pattern(<token>) saved
> ir(<path>)
. ***       — extracts every coefficient that contains <token> from each stored
. ***         estimate, saves to <savedir>/coefficients_<cvar>.{dta,csv}.
. ***
. ***   yearcoefs, EQname(<stored_est>)
. ***       — after `eststo <eqname>` of an `i.zlfn##ib2018.year` event-study
. ***         regression, builds matrices `__year_b` (1×5) and `__year_se` (1×5
> )
. ***         with positions [2016, 2018=0, 2020, 2022, 2024] in column order.
. ***         Coefplot can then plot the 2018 baseline as zero with no CI band.
. ***         Use as: coefplot matrix(__year_b), se(__year_se) ...
. ***
. *** Adapted from a Brazil-minwage `program.do` (savecoeffs + exporttable).
. *** The original `exporttable` is intentionally NOT ported here: esttab's
. *** native option strings (mtitle, refcat, coeflabel) do not pass cleanly
. *** through a Stata wrapper without losing the embedded quoting that
. *** controls per-column titles. The DiD scripts call esttab directly to
. *** preserve readable, debuggable formatting.
. 
. *************************************************
. **************** savecoeffs *********************
. *************************************************
. 
. *************************************************
. **************** yearcoefs **********************
. *************************************************
. 
. cap prog drop yearcoefs

. program define yearcoefs
  1.     syntax, EQname(string)
  2.     qui estimates restore `eqname'
  3.     cap matrix drop __year_b
  4.     cap matrix drop __year_se
  5.     matrix __year_b  = J(1, 5, 0)
  6.     matrix __year_se = J(1, 5, 0)
  7.     matrix __year_b[1, 1]  = _b[1.zlfn#2016.year]
  8.     matrix __year_b[1, 3]  = _b[1.zlfn#2020.year]
  9.     matrix __year_b[1, 4]  = _b[1.zlfn#2022.year]
 10.     matrix __year_b[1, 5]  = _b[1.zlfn#2024.year]
 11.     matrix __year_se[1, 1] = _se[1.zlfn#2016.year]
 12.     matrix __year_se[1, 3] = _se[1.zlfn#2020.year]
 13.     matrix __year_se[1, 4] = _se[1.zlfn#2022.year]
 14.     matrix __year_se[1, 5] = _se[1.zlfn#2024.year]
 15.     matrix colnames __year_b  = c2016 c2018 c2020 c2022 c2024
 16.     matrix colnames __year_se = c2016 c2018 c2020 c2022 c2024
 17. end

. 
. *************************************************
. **************** savecoeffs *********************
. *************************************************
. 
. cap prog drop savecoeffs

. program define savecoeffs
  1.     syntax namelist, CVARname(string) INTERACTION_pattern(string) SAVEdir(
> string)
  2. 
.     *** Get coefficient names from the first stored estimate.
.     local first : word 1 of `namelist'
  3.     qui estimates restore `first'
  4.     local allcoefs : colnames e(b)
  5. 
.     *** Filter to those containing both the heterogeneity variable name and
.     *** the interaction-pattern token (e.g. "1.zlfn#1.post").
.     local intcoefs
  6.     foreach c of local allcoefs {
  7.         if strpos("`c'", "`interaction_pattern'") > 0 & strpos("`c'", "`cv
> arname'") > 0 {
  8.             local intcoefs `intcoefs' `c'
  9.         }
 10.     }
 11. 
.     local ncoefs : word count `intcoefs'
 12.     if `ncoefs' == 0 {
 13.         di as error "savecoeffs: no interaction coefficients found for `cv
> arname' / `interaction_pattern'"
 14.         exit 198
 15.     }
 16. 
.     *** Capture value labels BEFORE preserve (preserve restores data state bu
> t
.     *** value-label associations are lost across clear).
.     forval i = 1/`ncoefs' {
 17.         local thiscoef : word `i' of `intcoefs'
 18.         local rc = regexm("`thiscoef'", "^([0-9]+)[bo]?\.")
 19.         local numpart = regexs(1)
 20.         local lbl`i' : label (`cvarname') `numpart'
 21.         local id`i' = `numpart'
 22.     }
 23. 
.     preserve
 24.     clear
 25.     qui set obs `ncoefs'
 26.     gen str80 coefname           = ""
 27.     gen int   `cvarname'_id      = .
 28.     gen str80 `cvarname'_label   = ""
 29. 
.     forval i = 1/`ncoefs' {
 30.         local thiscoef : word `i' of `intcoefs'
 31.         qui replace coefname           = "`thiscoef'" in `i'
 32.         qui replace `cvarname'_id      = `id`i''      in `i'
 33.         qui replace `cvarname'_label   = "`lbl`i''"   in `i'
 34.     }
 35. 
.     foreach estnm of local namelist {
 36.         qui estimates restore `estnm'
 37.         tempname bvec vvec
 38.         matrix `bvec' = e(b)
 39.         matrix `vvec' = vecdiag(e(V))
 40. 
.         gen double b_`estnm'  = .
 41.         gen double se_`estnm' = .
 42.         gen double N_`estnm'  = e(N)
 43. 
.         forval i = 1/`ncoefs' {
 44.             local thiscoef : word `i' of `intcoefs'
 45.             local colidx = colnumb(`bvec', "`thiscoef'")
 46.             if `colidx' != . {
 47.                 qui replace b_`estnm'  = `bvec'[1, `colidx']        in `i'
 48.                 qui replace se_`estnm' = sqrt(`vvec'[1, `colidx']) in `i'
 49.             }
 50.         }
 51.     }
 52. 
.     order `cvarname'_id `cvarname'_label
 53.     drop coefname
 54.     sort `cvarname'_id
 55. 
.     cap mkdir "`savedir'"
 56.     qui save             "`savedir'/coefficients_`cvarname'.dta", replace
 57.     qui export delimited "`savedir'/coefficients_`cvarname'.csv", replace
 58.     di as text "savecoeffs: wrote coefficients_`cvarname'.{dta,csv} to `sa
> vedir'"
 59.     restore
 60. end

. 
. do read-hhlevel-exp-month.do

. *************************************************
. *********** Read HH × Month Expenditure *********
. *************************************************
. 
. *** REPLICATION FILE: read-hhlevel-exp-month.do
. *** STATA VERSION:    StataNow 19.5
. *** AUTHORS:          Matías Carrasco, Victor Ortega Le Hénanff
. *** DATE:             2026-05-07
. 
. *** Loads the long expenditure panel (one row per HH × clave × month) from
. *** code/build/enigh-hhlevel-exp-month.do, then collapses across all claves
. *** to total household expenditure per month. Merges in HH composition and
. *** ethnicity proxies from enigh-hhlevel-inc-month for use as covariates and
. *** heterogeneity strata.
. ***
. *** WHY TOTAL (not capítulo-level): The build's clave→capitulo mapping is
. *** wave-specific. Numeric capítulos ("01"…"18") only appear in 2024 data;
. *** alpha codes ("A0", "A1", "A2", "B0") span 2016/2018 only. After
. *** subsetting to a single capítulo, post is constant and the DiD treatment
. *** effect is unidentifiable. Aggregating over capítulos yields a clean
. *** monthly HH-expenditure outcome with full pre/post and treat/control
. *** variation. A capítulo-level breakdown awaits a wave-harmonized
. *** classification in the build script (see code/build/_helpers.do
. *** classify_gasto_clave).
. ***
. *** Output dataset in memory has, per row:
. ***   folioviv foliohog year month time             (key)
. ***   gas_total_real lngas_total_real               (outcomes)
. ***   zlfn post treat_post ubica_geo factor smg     (HH treatment / weights)
. ***   hli_hh indig_hh                                (HH ethnicity indicators
> )
. ***   hh_size n_kids n_adults n_workers              (composition controls)
. ***   mean_age mean_educ share_female
. ***
. *** Sets the global $controls.
. 
. *************************************************
. ****************** Load Data ********************
. *************************************************
. 
. use "../../data/clean/enigh/enigh-hhlevel-exp-month.dta", clear

. 
. *************************************************
. **** Collapse claves -> total HH × month *********
. *************************************************
. 
. *** Sum real and nominal expenditure across ALL claves within (HH, year, mont
> h).
. collapse (sum)     gas_total_real    = gas_real        ///
>                    gas_total_nm_real = gas_nm_real     ///
>                    gas_total_nom     = gas_nom         ///
>                    gas_total_nm_nom  = gas_nm_nom      ///
>          (firstnm) zlfn post treat_post ubica_geo factor smg upm est_dis ///
>                    state ent_name reg_num reg_name macro_num macro_name time,
>  ///
>          by(folioviv foliohog year month)

. 
. label variable gas_total_real    "Total real HH expenditure (Aug-2024 pesos)"

. label variable gas_total_nm_real "Total real non-monetary HH expenditure"

. 
. *** Logged outcome (log+1 to handle zero-spending months in unusual cells).
. gen double lngas_total_real = ln(gas_total_real + 1)

. label variable lngas_total_real "log(total real HH expenditure + 1)"

. 
. *************************************************
. **** Merge HH composition + ethnicity ************
. *************************************************
. 
. merge 1:1 folioviv foliohog year month using ///
>     "../../data/clean/enigh/enigh-hhlevel-inc-month.dta", ///
>     keepusing(hh_size n_kids n_adults n_workers n_employed n_informal ///
>               n_indigenous n_hli mean_age mean_educ share_female) ///
>     keep(match) nogen
(label post_lbl already defined)
(label zlfn_lbl already defined)
(label yesno_lbl already defined)

    Result                      Number of obs
    -----------------------------------------
    Not matched                             0
    Matched                           730,252  
    -----------------------------------------

. 
. cap drop hli_hh

. cap drop indig_hh

. gen byte hli_hh   = (n_hli         > 0) if !missing(n_hli)

. gen byte indig_hh = (n_indigenous  > 0) if !missing(n_indigenous)

. label variable hli_hh   "Household has at least one HLI member"

. label variable indig_hh "Household has at least one self-identified indigenou
> s member"

. 
. *************************************************
. ***************** Controls **********************
. *************************************************
. 
. global controls hh_size n_kids n_adults n_workers mean_age mean_educ share_fe
> male

. 
end of do-file

. 
. cap mkdir "../../paper/figures/density"

. 
. *************************************************
. **** HLI: pre-treatment kernel densities *********
. *************************************************
. 
. twoway ///
>     (kdensity lngas_total_real if zlfn == 0 & hli_hh == 0 & post == 0, lcolor
> ("31 119 180") lwidth(medthick)) ///
>     (kdensity lngas_total_real if zlfn == 1 & hli_hh == 0 & post == 0, lcolor
> ("31 119 180") lpattern(dash) lwidth(medthick)) ///
>     (kdensity lngas_total_real if zlfn == 0 & hli_hh == 1 & post == 0, lcolor
> ("214 39 40")  lwidth(medthick)) ///
>     (kdensity lngas_total_real if zlfn == 1 & hli_hh == 1 & post == 0, lcolor
> ("214 39 40")  lpattern(dash) lwidth(medthick)), ///
>     legend(order(1 "Non-ZLFN, non-HLI" 2 "ZLFN, non-HLI" 3 "Non-ZLFN, HLI" 4 
> "ZLFN, HLI") rows(2)) ///
>     xtitle("log(HH monthly expenditure + 1)") ytitle("Density") ///
>     graphregion(color(white)) bgcolor(white) ///
>     ylabel(, grid glcolor(gs14) glwidth(thin))

. graph export "../../paper/figures/density/plot-density-exp-hli-pre.png", repl
> ace width(4000) height(3000)
(file ../../paper/figures/density/plot-density-exp-hli-pre.png not found)
file ../../paper/figures/density/plot-density-exp-hli-pre.png written in PNG fo
> rmat

. 
. twoway ///
>     (kdensity lngas_total_real if zlfn == 0 & hli_hh == 0 & post == 1, lcolor
> ("31 119 180") lwidth(medthick)) ///
>     (kdensity lngas_total_real if zlfn == 1 & hli_hh == 0 & post == 1, lcolor
> ("31 119 180") lpattern(dash) lwidth(medthick)) ///
>     (kdensity lngas_total_real if zlfn == 0 & hli_hh == 1 & post == 1, lcolor
> ("214 39 40")  lwidth(medthick)) ///
>     (kdensity lngas_total_real if zlfn == 1 & hli_hh == 1 & post == 1, lcolor
> ("214 39 40")  lpattern(dash) lwidth(medthick)), ///
>     legend(order(1 "Non-ZLFN, non-HLI" 2 "ZLFN, non-HLI" 3 "Non-ZLFN, HLI" 4 
> "ZLFN, HLI") rows(2)) ///
>     xtitle("log(HH monthly expenditure + 1)") ytitle("Density") ///
>     graphregion(color(white)) bgcolor(white) ///
>     ylabel(, grid glcolor(gs14) glwidth(thin))

. graph export "../../paper/figures/density/plot-density-exp-hli-post.png", rep
> lace width(4000) height(3000)
(file ../../paper/figures/density/plot-density-exp-hli-post.png not found)
file ../../paper/figures/density/plot-density-exp-hli-post.png written in PNG f
> ormat

. 
. *************************************************
. **** Indig: pre / post-treatment kernel ***********
. *************************************************
. 
. twoway ///
>     (kdensity lngas_total_real if zlfn == 0 & indig_hh == 0 & post == 0, lcol
> or("31 119 180") lwidth(medthick)) ///
>     (kdensity lngas_total_real if zlfn == 1 & indig_hh == 0 & post == 0, lcol
> or("31 119 180") lpattern(dash) lwidth(medthick)) ///
>     (kdensity lngas_total_real if zlfn == 0 & indig_hh == 1 & post == 0, lcol
> or("214 39 40")  lwidth(medthick)) ///
>     (kdensity lngas_total_real if zlfn == 1 & indig_hh == 1 & post == 0, lcol
> or("214 39 40")  lpattern(dash) lwidth(medthick)), ///
>     legend(order(1 "Non-ZLFN, non-Indig" 2 "ZLFN, non-Indig" 3 "Non-ZLFN, Ind
> ig" 4 "ZLFN, Indig") rows(2)) ///
>     xtitle("log(HH monthly expenditure + 1)") ytitle("Density") ///
>     graphregion(color(white)) bgcolor(white) ///
>     ylabel(, grid glcolor(gs14) glwidth(thin))

. graph export "../../paper/figures/density/plot-density-exp-indig-pre.png", re
> place width(4000) height(3000)
(file ../../paper/figures/density/plot-density-exp-indig-pre.png not found)
file ../../paper/figures/density/plot-density-exp-indig-pre.png written in PNG 
> format

. 
. twoway ///
>     (kdensity lngas_total_real if zlfn == 0 & indig_hh == 0 & post == 1, lcol
> or("31 119 180") lwidth(medthick)) ///
>     (kdensity lngas_total_real if zlfn == 1 & indig_hh == 0 & post == 1, lcol
> or("31 119 180") lpattern(dash) lwidth(medthick)) ///
>     (kdensity lngas_total_real if zlfn == 0 & indig_hh == 1 & post == 1, lcol
> or("214 39 40")  lwidth(medthick)) ///
>     (kdensity lngas_total_real if zlfn == 1 & indig_hh == 1 & post == 1, lcol
> or("214 39 40")  lpattern(dash) lwidth(medthick)), ///
>     legend(order(1 "Non-ZLFN, non-Indig" 2 "ZLFN, non-Indig" 3 "Non-ZLFN, Ind
> ig" 4 "ZLFN, Indig") rows(2)) ///
>     xtitle("log(HH monthly expenditure + 1)") ytitle("Density") ///
>     graphregion(color(white)) bgcolor(white) ///
>     ylabel(, grid glcolor(gs14) glwidth(thin))

. graph export "../../paper/figures/density/plot-density-exp-indig-post.png", r
> eplace width(4000) height(3000)
(file ../../paper/figures/density/plot-density-exp-indig-post.png not found)
file ../../paper/figures/density/plot-density-exp-indig-post.png written in PNG
>  format

. 
. cap log close
