-------------------------------------------------------------------------------
      name:  <unnamed>
       log:  /Users/victorortega/Library/CloudStorage/Dropbox/CarrascoOrtega-mi
> nwage/code/estimate/log/plot-event-income-ethnic.log
  log type:  text
 opened on:  10 May 2026, 10:26:57

. 
. include _helpers.do

. *************************************************
. **************** Helpers (estimate) *************
. *************************************************
. 
. *** REPLICATION FILE: code/estimate/_helpers.do
. *** STATA VERSION:    StataNow 19.5
. *** AUTHORS:          Matías Carrasco, Victor Ortega Le Hénanff
. *** DATE:             2026-05-07
. 
. *** Defines reusable Stata programs used across the DiD .do files in
. *** code/estimate/.
. ***
. ***   savecoeffs namelist, cvar(<varname>) interaction_pattern(<token>) saved
> ir(<path>)
. ***       — extracts every coefficient that contains <token> from each stored
. ***         estimate, saves to <savedir>/coefficients_<cvar>.{dta,csv}.
. ***
. ***   yearcoefs, EQname(<stored_est>)
. ***       — after `eststo <eqname>` of an `i.zlfn##ib2018.year` event-study
. ***         regression, builds matrices `__year_b` (1×5) and `__year_se` (1×5
> )
. ***         with positions [2016, 2018=0, 2020, 2022, 2024] in column order.
. ***         Coefplot can then plot the 2018 baseline as zero with no CI band.
. ***         Use as: coefplot matrix(__year_b), se(__year_se) ...
. ***
. *** Adapted from a Brazil-minwage `program.do` (savecoeffs + exporttable).
. *** The original `exporttable` is intentionally NOT ported here: esttab's
. *** native option strings (mtitle, refcat, coeflabel) do not pass cleanly
. *** through a Stata wrapper without losing the embedded quoting that
. *** controls per-column titles. The DiD scripts call esttab directly to
. *** preserve readable, debuggable formatting.
. 
. *************************************************
. **************** savecoeffs *********************
. *************************************************
. 
. *************************************************
. **************** yearcoefs **********************
. *************************************************
. 
. cap prog drop yearcoefs

. program define yearcoefs
  1.     syntax, EQname(string)
  2.     qui estimates restore `eqname'
  3.     cap matrix drop __year_b
  4.     cap matrix drop __year_se
  5.     matrix __year_b  = J(1, 5, 0)
  6.     matrix __year_se = J(1, 5, 0)
  7.     matrix __year_b[1, 1]  = _b[1.zlfn#2016.year]
  8.     matrix __year_b[1, 3]  = _b[1.zlfn#2020.year]
  9.     matrix __year_b[1, 4]  = _b[1.zlfn#2022.year]
 10.     matrix __year_b[1, 5]  = _b[1.zlfn#2024.year]
 11.     matrix __year_se[1, 1] = _se[1.zlfn#2016.year]
 12.     matrix __year_se[1, 3] = _se[1.zlfn#2020.year]
 13.     matrix __year_se[1, 4] = _se[1.zlfn#2022.year]
 14.     matrix __year_se[1, 5] = _se[1.zlfn#2024.year]
 15.     matrix colnames __year_b  = c2016 c2018 c2020 c2022 c2024
 16.     matrix colnames __year_se = c2016 c2018 c2020 c2022 c2024
 17. end

. 
. *************************************************
. **************** savecoeffs *********************
. *************************************************
. 
. cap prog drop savecoeffs

. program define savecoeffs
  1.     syntax namelist, CVARname(string) INTERACTION_pattern(string) SAVEdir(
> string)
  2. 
.     *** Get coefficient names from the first stored estimate.
.     local first : word 1 of `namelist'
  3.     qui estimates restore `first'
  4.     local allcoefs : colnames e(b)
  5. 
.     *** Filter to those containing both the heterogeneity variable name and
.     *** the interaction-pattern token (e.g. "1.zlfn#1.post").
.     local intcoefs
  6.     foreach c of local allcoefs {
  7.         if strpos("`c'", "`interaction_pattern'") > 0 & strpos("`c'", "`cv
> arname'") > 0 {
  8.             local intcoefs `intcoefs' `c'
  9.         }
 10.     }
 11. 
.     local ncoefs : word count `intcoefs'
 12.     if `ncoefs' == 0 {
 13.         di as error "savecoeffs: no interaction coefficients found for `cv
> arname' / `interaction_pattern'"
 14.         exit 198
 15.     }
 16. 
.     *** Capture value labels BEFORE preserve (preserve restores data state bu
> t
.     *** value-label associations are lost across clear).
.     forval i = 1/`ncoefs' {
 17.         local thiscoef : word `i' of `intcoefs'
 18.         local rc = regexm("`thiscoef'", "^([0-9]+)[bo]?\.")
 19.         local numpart = regexs(1)
 20.         local lbl`i' : label (`cvarname') `numpart'
 21.         local id`i' = `numpart'
 22.     }
 23. 
.     preserve
 24.     clear
 25.     qui set obs `ncoefs'
 26.     gen str80 coefname           = ""
 27.     gen int   `cvarname'_id      = .
 28.     gen str80 `cvarname'_label   = ""
 29. 
.     forval i = 1/`ncoefs' {
 30.         local thiscoef : word `i' of `intcoefs'
 31.         qui replace coefname           = "`thiscoef'" in `i'
 32.         qui replace `cvarname'_id      = `id`i''      in `i'
 33.         qui replace `cvarname'_label   = "`lbl`i''"   in `i'
 34.     }
 35. 
.     foreach estnm of local namelist {
 36.         qui estimates restore `estnm'
 37.         tempname bvec vvec
 38.         matrix `bvec' = e(b)
 39.         matrix `vvec' = vecdiag(e(V))
 40. 
.         gen double b_`estnm'  = .
 41.         gen double se_`estnm' = .
 42.         gen double N_`estnm'  = e(N)
 43. 
.         forval i = 1/`ncoefs' {
 44.             local thiscoef : word `i' of `intcoefs'
 45.             local colidx = colnumb(`bvec', "`thiscoef'")
 46.             if `colidx' != . {
 47.                 qui replace b_`estnm'  = `bvec'[1, `colidx']        in `i'
 48.                 qui replace se_`estnm' = sqrt(`vvec'[1, `colidx']) in `i'
 49.             }
 50.         }
 51.     }
 52. 
.     order `cvarname'_id `cvarname'_label
 53.     drop coefname
 54.     sort `cvarname'_id
 55. 
.     cap mkdir "`savedir'"
 56.     qui save             "`savedir'/coefficients_`cvarname'.dta", replace
 57.     qui export delimited "`savedir'/coefficients_`cvarname'.csv", replace
 58.     di as text "savecoeffs: wrote coefficients_`cvarname'.{dta,csv} to `sa
> vedir'"
 59.     restore
 60. end

. 
. 
. *************************************************
. **** Event Study: Income by HLI Status *********
. *************************************************
. 
. foreach ds in year month {
  2. 
. do read-indlevel-inc-`ds'.do
  3. estimates clear
  4. cap mkdir "../../paper/figures"
  5. 
. if "`ds'" == "year" {
  6. 
.     *** Year-cadence event study: regress with full interaction `i.zlfn##ib20
> 18.year`,
.     *** then build a 5-column coefficient matrix via yearcoefs (positions
.     *** 1=2016, 2=2018 baseline at 0, 3=2020, 4=2022, 5=2024) so 2018 plots
.     *** explicitly at 0 with no CI band.
. 
.     local year_xlabel 1 "2016" 2 "2018" 3 "2020" 4 "2022" 5 "2024"
  7. 
.     reghdfe lni i.zlfn##ib2018.year $controls if indspeaker == 0, ///
>         absorb(ubica_geo year) vce(cluster ubica_geo)
  8.     eststo graph1
  9.     yearcoefs, eq(graph1)
 10. 
.     coefplot matrix(__year_b), se(__year_se) vertical ///
>         recast(connected) lcolor("31 119 180") mcolor("31 119 180") msymbol(c
> ircle) lw(medthin) msize(small) ///
>         ciopts(recast(rarea) fcolor("31 119 180%30") lwidth(none)) ///
>         xline(2.5, lcolor(gs10) lpattern(dash)) ///
>         yline(0, lw(thin) lpattern(solid) lcolor(black)) ///
>         ytitle("Coefficient Estimate on Log Income") ///
>         xtitle("Year") ///
>         xlabel(`year_xlabel') ///
>         graphregion(color(white)) bgcolor(white) ///
>         grid(glcolor(gs14) glwidth(thin))
 11.     graph export "../../paper/figures/event/plot-event-income-hli-nonind-y
> ear.png", replace width(4000) height(3000)
 12. 
.     reghdfe lni i.zlfn##ib2018.year $controls if indspeaker == 1, ///
>         absorb(ubica_geo year) vce(cluster ubica_geo)
 13.     eststo graph2
 14.     yearcoefs, eq(graph2)
 15. 
.     coefplot matrix(__year_b), se(__year_se) vertical ///
>         recast(connected) lcolor("214 39 40") mcolor("214 39 40") msymbol(cir
> cle) lw(medthin) msize(small) ///
>         ciopts(recast(rarea) fcolor("214 39 40%30") lwidth(none)) ///
>         xline(2.5, lcolor(gs10) lpattern(dash)) ///
>         yline(0, lw(thin) lpattern(solid) lcolor(black)) ///
>         ytitle("Coefficient Estimate on Log Income") ///
>         xtitle("Year") ///
>         xlabel(`year_xlabel') ///
>         graphregion(color(white)) bgcolor(white) ///
>         grid(glcolor(gs14) glwidth(thin))
 16.     graph export "../../paper/figures/event/plot-event-income-hli-ind-year
> .png", replace width(4000) height(3000)
 17. 
.     *************************************************
.     ** Event Study: Income by Indigenous Identity ***
.     *************************************************
. 
.     estimates clear
 18. 
.     reghdfe lni i.zlfn##ib2018.year $controls if etnia == 0, ///
>         absorb(ubica_geo year) vce(cluster ubica_geo)
 19.     eststo graph3
 20.     yearcoefs, eq(graph3)
 21. 
.     coefplot matrix(__year_b), se(__year_se) vertical ///
>         recast(connected) lcolor("31 119 180") mcolor("31 119 180") msymbol(c
> ircle) lw(medthin) msize(small) ///
>         ciopts(recast(rarea) fcolor("31 119 180%30") lwidth(none)) ///
>         xline(2.5, lcolor(gs10) lpattern(dash)) ///
>         yline(0, lw(thin) lpattern(solid) lcolor(black)) ///
>         ytitle("Coefficient Estimate on Log Income") ///
>         xtitle("Year") ///
>         xlabel(`year_xlabel') ///
>         graphregion(color(white)) bgcolor(white) ///
>         grid(glcolor(gs14) glwidth(thin))
 22.     graph export "../../paper/figures/event/plot-event-income-indig-nonind
> -year.png", replace width(4000) height(3000)
 23. 
.     reghdfe lni i.zlfn##ib2018.year $controls if etnia == 1, ///
>         absorb(ubica_geo year) vce(cluster ubica_geo)
 24.     eststo graph4
 25.     yearcoefs, eq(graph4)
 26. 
.     coefplot matrix(__year_b), se(__year_se) vertical ///
>         recast(connected) lcolor("214 39 40") mcolor("214 39 40") msymbol(cir
> cle) lw(medthin) msize(small) ///
>         ciopts(recast(rarea) fcolor("214 39 40%30") lwidth(none)) ///
>         xline(2.5, lcolor(gs10) lpattern(dash)) ///
>         yline(0, lw(thin) lpattern(solid) lcolor(black)) ///
>         ytitle("Coefficient Estimate on Log Income") ///
>         xtitle("Year") ///
>         xlabel(`year_xlabel') ///
>         graphregion(color(white)) bgcolor(white) ///
>         grid(glcolor(gs14) glwidth(thin))
 27.     graph export "../../paper/figures/event/plot-event-income-indig-ind-ye
> ar.png", replace width(4000) height(3000)
 28. }
 29. 
. if "`ds'" == "month" {
 30. 
.     reghdfe lni i.zlfn##ib21397.time $controls if indspeaker == 0, ///
>         absorb(ubica_geo time) vce(cluster ubica_geo)
 31.     eststo graph1
 32. 
.     reghdfe lni i.zlfn##ib21397.time $controls if indspeaker == 1, ///
>         absorb(ubica_geo time) vce(cluster ubica_geo)
 33.     eststo graph2
 34. 
.     local month_keep ///
>         "1.zlfn#20485.time" "1.zlfn#20514.time" "1.zlfn#20545.time" ///
>         "1.zlfn#20575.time" "1.zlfn#20606.time" "1.zlfn#20636.time" ///
>         "1.zlfn#20667.time" "1.zlfn#20698.time" "1.zlfn#20728.time" ///
>         "1.zlfn#21216.time" "1.zlfn#21244.time" "1.zlfn#21275.time" ///
>         "1.zlfn#21305.time" "1.zlfn#21336.time" "1.zlfn#21366.time" ///
>         "1.zlfn#21397.time" "1.zlfn#21428.time" "1.zlfn#21458.time" ///
>         "1.zlfn#21946.time" "1.zlfn#21975.time" "1.zlfn#22006.time" ///
>         "1.zlfn#22036.time" "1.zlfn#22067.time" "1.zlfn#22097.time" ///
>         "1.zlfn#22128.time" "1.zlfn#22159.time" "1.zlfn#22189.time" ///
>         "1.zlfn#22677.time" "1.zlfn#22705.time" "1.zlfn#22736.time" ///
>         "1.zlfn#22766.time" "1.zlfn#22797.time" "1.zlfn#22827.time" ///
>         "1.zlfn#22858.time" "1.zlfn#22889.time" "1.zlfn#22919.time" ///
>         "1.zlfn#23407.time" "1.zlfn#23436.time" "1.zlfn#23467.time" ///
>         "1.zlfn#23497.time" "1.zlfn#23528.time" "1.zlfn#23558.time" ///
>         "1.zlfn#23589.time" "1.zlfn#23620.time" "1.zlfn#23650.time"
 35. 
.     local month_xlabel ///
>         1 "01feb2016" 2 "01mar2016" 3 "01apr2016" ///
>         4 "01may2016" 5 "01jun2016" 6 "01jul2016" ///
>         7 "01aug2016" 8 "01sep2016" 9 "01oct2016" ///
>         10 "01feb2018" 11 "01mar2018" 12 "01apr2018" ///
>         13 "01may2018" 14 "01jun2018" 15 "01jul2018" ///
>         16 "01aug2018" 17 "01sep2018" 18 "01oct2018" ///
>         19 "01feb2020" 20 "01mar2020" 21 "01apr2020" ///
>         22 "01may2020" 23 "01jun2020" 24 "01jul2020" ///
>         25 "01aug2020" 26 "01sep2020" 27 "01oct2020" ///
>         28 "01feb2022" 29 "01mar2022" 30 "01apr2022" ///
>         31 "01may2022" 32 "01jun2022" 33 "01jul2022" ///
>         34 "01aug2022" 35 "01sep2022" 36 "01oct2022" ///
>         37 "01feb2024" 38 "01mar2024" 39 "01apr2024" ///
>         40 "01may2024" 41 "01jun2024" 42 "01jul2024" ///
>         43 "01aug2024" 44 "01sep2024" 45 "01oct2024"
 36. 
.     coefplot graph1 ///
>         , keep(`month_keep') vertical ///
>         recast(connected) lcolor("31 119 180") mcolor("31 119 180") msymbol(c
> ircle) lw(medthin) msize(small) ///
>         ciopts(recast(rarea) fcolor("31 119 180%30") lwidth(none)) ///
>         xline(18.5, lcolor(gs10) lpattern(dash)) ///
>         yline(0, lw(thin) lpattern(solid) lcolor(black)) ///
>         xlabel(`month_xlabel', angle(90) labsize(small)) ///
>         graphregion(color(white)) bgcolor(white) ///
>         grid(glcolor(gs14) glwidth(thin))
 37.     graph export "../../paper/figures/event/plot-event-income-hli-nonind-m
> onth.png", replace width(4000) height(3000)
 38. 
.     coefplot graph2 ///
>         , keep(`month_keep') vertical ///
>         recast(connected) lcolor("214 39 40") mcolor("214 39 40") msymbol(cir
> cle) lw(medthin) msize(small) ///
>         ciopts(recast(rarea) fcolor("214 39 40%30") lwidth(none)) ///
>         xline(18.5, lcolor(gs10) lpattern(dash)) ///
>         yline(0, lw(thin) lpattern(solid) lcolor(black)) ///
>         xlabel(`month_xlabel', angle(90) labsize(small)) ///
>         graphregion(color(white)) bgcolor(white) ///
>         grid(glcolor(gs14) glwidth(thin))
 39.     graph export "../../paper/figures/event/plot-event-income-hli-ind-mont
> h.png", replace width(4000) height(3000)
 40. 
.     *************************************************
.     ** Event Study: Income by Indigenous Identity ***
.     *************************************************
. 
.     estimates clear
 41. 
.     reghdfe lni i.zlfn##ib21397.time $controls if etnia == 0, ///
>         absorb(ubica_geo time) vce(cluster ubica_geo)
 42.     eststo graph3
 43. 
.     reghdfe lni i.zlfn##ib21397.time $controls if etnia == 1, ///
>         absorb(ubica_geo time) vce(cluster ubica_geo)
 44.     eststo graph4
 45. 
.     coefplot graph3 ///
>         , keep(`month_keep') vertical ///
>         recast(connected) lcolor("31 119 180") mcolor("31 119 180") msymbol(c
> ircle) lw(medthin) msize(small) ///
>         ciopts(recast(rarea) fcolor("31 119 180%30") lwidth(none)) ///
>         xline(18.5, lcolor(gs10) lpattern(dash)) ///
>         yline(0, lw(thin) lpattern(solid) lcolor(black)) ///
>         xlabel(`month_xlabel', angle(90) labsize(small)) ///
>         graphregion(color(white)) bgcolor(white) ///
>         grid(glcolor(gs14) glwidth(thin))
 46.     graph export "../../paper/figures/event/plot-event-income-indig-nonind
> -month.png", replace width(4000) height(3000)
 47. 
.     coefplot graph4 ///
>         , keep(`month_keep') vertical ///
>         recast(connected) lcolor("214 39 40") mcolor("214 39 40") msymbol(cir
> cle) lw(medthin) msize(small) ///
>         ciopts(recast(rarea) fcolor("214 39 40%30") lwidth(none)) ///
>         xline(18.5, lcolor(gs10) lpattern(dash)) ///
>         yline(0, lw(thin) lpattern(solid) lcolor(black)) ///
>         xlabel(`month_xlabel', angle(90) labsize(small)) ///
>         graphregion(color(white)) bgcolor(white) ///
>         grid(glcolor(gs14) glwidth(thin))
 48.     graph export "../../paper/figures/event/plot-event-income-indig-ind-mo
> nth.png", replace width(4000) height(3000)
 49. }
 50. 
. }

. *************************************************
. *************** Read ENIGH Year *****************
. *************************************************
. 
. *** REPLICATION FILE: read-indlevel-inc-year.do
. *** STATA VERSION:    StataNow 19.5
. *** AUTHORS:          Matías Carrasco, Victor Ortega Le Hénanff
. *** DATE:             2026-05-03
. 
. *** Loads the yearly cross-section produced by code/build/enigh-indlevel-inc-
> year.do
. *** (or code/build/enigh-indlevel-inc-year.R — both write to the same path wi
> th the
. *** same canonical variable contract).
. ***
. *** Canonical names (zlfn, post, etnia, indspeaker, indund, female,
. *** edad_pob, edadsq, ing_*, ing_*_nom, lnw, lni, …) are produced directly
. *** by the build script — no renames needed and no log re-derivation.
. *** Sets the global $controls used by every analysis script.
. 
. *************************************************
. **************** Install packages ****************
. *************************************************
. 
. cap which estout

. if _rc {
.     ssc install estout, replace
. }

. cap which coefplot

. if _rc {
.     ssc install coefplot, replace
. }

. cap which reghdfe

. if _rc {
.     net install ftools,  replace from("https://raw.githubusercontent.com/serg
> iocorreia/ftools/master/src/")
.     net install reghdfe, replace from("https://raw.githubusercontent.com/serg
> iocorreia/reghdfe/master/src/")
. }

. 
. *************************************************
. ****************** Load Data ********************
. *************************************************
. 
. use "../../data/clean/enigh/enigh-indlevel-inc-year.dta", clear

. 
. *************************************************
. ***************** Controls **********************
. *************************************************
. 
. global controls i.female edad_pob edadsq years_of_study hoursworked i.employe
> d

. 
end of do-file
(dropped 30 singleton observations)
(MWFE estimator converged in 6 iterations)
note: 1bn.zlfn is probably collinear with the fixed effects (all partialled-out
>  values are close to zero; tol = 1.0e-09)
note: 2016bn.year is probably collinear with the fixed effects (all partialled-
> out values are close to zero; tol = 1.0e-09)
note: 2020bn.year is probably collinear with the fixed effects (all partialled-
> out values are close to zero; tol = 1.0e-09)
note: 2022bn.year is probably collinear with the fixed effects (all partialled-
> out values are close to zero; tol = 1.0e-09)
note: 2024bn.year is probably collinear with the fixed effects (all partialled-
> out values are close to zero; tol = 1.0e-09)

HDFE Linear regression                            Number of obs   =    388,626
Absorbing 2 HDFE groups                           F(  10,   1677) =    2533.69
Statistics robust to heteroskedasticity           Prob > F        =     0.0000
                                                  R-squared       =     0.3959
                                                  Adj R-squared   =     0.3932
                                                  Within R-sq.    =     0.2997
Number of clusters (ubica_geo) =      1,678       Root MSE        =     0.7812

                          (Std. err. adjusted for 1,678 clusters in ubica_geo)
------------------------------------------------------------------------------
             |               Robust
         lni | Coefficient  std. err.      t    P>|t|     [95% conf. interval]
-------------+----------------------------------------------------------------
        zlfn |
       ZLFN  |          0  (omitted)
             |
        year |
       2016  |          0  (omitted)
       2020  |          0  (omitted)
       2022  |          0  (omitted)
       2024  |          0  (omitted)
             |
   zlfn#year |
  ZLFN#2016  |  -.0016615   .0252344    -0.07   0.948    -.0511558    .0478327
  ZLFN#2020  |   .1023187   .0174865     5.85   0.000      .068021    .1366164
  ZLFN#2022  |   .1658577   .0246762     6.72   0.000     .1174582    .2142571
  ZLFN#2024  |   .1555246   .0192498     8.08   0.000     .1177685    .1932807
             |
      female |
     Female  |  -.3131447   .0044257   -70.76   0.000    -.3218252   -.3044641
    edad_pob |   .0828741   .0008505    97.44   0.000     .0812059    .0845422
      edadsq |  -.0008514   9.71e-06   -87.71   0.000    -.0008704   -.0008324
years_of_s~y |   .0800375    .000844    94.83   0.000     .0783821    .0816929
 hoursworked |   .0143152   .0002358    60.71   0.000     .0138527    .0147777
             |
    employed |
        Yes  |  -.1931923   .0203355    -9.50   0.000    -.2330779   -.1533068
       _cons |   5.872526   .0301861   194.54   0.000     5.813319    5.931732
------------------------------------------------------------------------------

Absorbed degrees of freedom:
-----------------------------------------------------+
 Absorbed FE | Categories  - Redundant  = Num. Coefs |
-------------+---------------------------------------|
   ubica_geo |      1678        1678           0    *|
        year |         5           1           4     |
-----------------------------------------------------+
* = FE nested within cluster; treated as redundant for DoF computation
(file ../../paper/figures/event/plot-event-income-hli-nonind-year.png not found
> )
file ../../paper/figures/event/plot-event-income-hli-nonind-year.png written in
>  PNG format
(dropped 207 singleton observations)
(MWFE estimator converged in 6 iterations)
note: 1bn.zlfn is probably collinear with the fixed effects (all partialled-out
>  values are close to zero; tol = 1.0e-09)
note: 2016bn.year is probably collinear with the fixed effects (all partialled-
> out values are close to zero; tol = 1.0e-09)
note: 2020bn.year is probably collinear with the fixed effects (all partialled-
> out values are close to zero; tol = 1.0e-09)
note: 2022bn.year is probably collinear with the fixed effects (all partialled-
> out values are close to zero; tol = 1.0e-09)
note: 2024bn.year is probably collinear with the fixed effects (all partialled-
> out values are close to zero; tol = 1.0e-09)

HDFE Linear regression                            Number of obs   =     24,318
Absorbing 2 HDFE groups                           F(  10,    846) =     228.91
Statistics robust to heteroskedasticity           Prob > F        =     0.0000
                                                  R-squared       =     0.4007
                                                  Adj R-squared   =     0.3787
                                                  Within R-sq.    =     0.2121
Number of clusters (ubica_geo) =        847       Root MSE        =     0.8914

                            (Std. err. adjusted for 847 clusters in ubica_geo)
------------------------------------------------------------------------------
             |               Robust
         lni | Coefficient  std. err.      t    P>|t|     [95% conf. interval]
-------------+----------------------------------------------------------------
        zlfn |
       ZLFN  |          0  (omitted)
             |
        year |
       2016  |          0  (omitted)
       2020  |          0  (omitted)
       2022  |          0  (omitted)
       2024  |          0  (omitted)
             |
   zlfn#year |
  ZLFN#2016  |  -.1006141   .0802031    -1.25   0.210    -.2580346    .0568063
  ZLFN#2020  |   .1480719   .0833585     1.78   0.076    -.0155419    .3116857
  ZLFN#2022  |   .1443357   .0587866     2.46   0.014     .0289511    .2597203
  ZLFN#2024  |  -.0107224   .0662447    -0.16   0.871    -.1407457    .1193009
             |
      female |
     Female  |  -.3677378   .0216511   -16.98   0.000    -.4102339   -.3252416
    edad_pob |   .0661005   .0025836    25.58   0.000     .0610296    .0711715
      edadsq |  -.0006896     .00003   -22.95   0.000    -.0007486   -.0006307
years_of_s~y |   .0693779   .0028852    24.05   0.000      .063715    .0750408
 hoursworked |   .0128173   .0005254    24.40   0.000      .011786    .0138485
             |
    employed |
        Yes  |  -.3855628   .1036486    -3.72   0.000    -.5890014   -.1821241
       _cons |   6.271961   .1186431    52.86   0.000     6.039092    6.504831
------------------------------------------------------------------------------

Absorbed degrees of freedom:
-----------------------------------------------------+
 Absorbed FE | Categories  - Redundant  = Num. Coefs |
-------------+---------------------------------------|
   ubica_geo |       847         847           0    *|
        year |         5           1           4     |
-----------------------------------------------------+
* = FE nested within cluster; treated as redundant for DoF computation
(file ../../paper/figures/event/plot-event-income-hli-ind-year.png not found)
file ../../paper/figures/event/plot-event-income-hli-ind-year.png written in PN
> G format
(dropped 56 singleton observations)
(MWFE estimator converged in 6 iterations)
note: 1bn.zlfn is probably collinear with the fixed effects (all partialled-out
>  values are close to zero; tol = 1.0e-09)
note: 2016bn.year is probably collinear with the fixed effects (all partialled-
> out values are close to zero; tol = 1.0e-09)
note: 2020bn.year is probably collinear with the fixed effects (all partialled-
> out values are close to zero; tol = 1.0e-09)
note: 2022bn.year is probably collinear with the fixed effects (all partialled-
> out values are close to zero; tol = 1.0e-09)
note: 2024bn.year is probably collinear with the fixed effects (all partialled-
> out values are close to zero; tol = 1.0e-09)

HDFE Linear regression                            Number of obs   =    296,572
Absorbing 2 HDFE groups                           F(  10,   1592) =    2413.34
Statistics robust to heteroskedasticity           Prob > F        =     0.0000
                                                  R-squared       =     0.3970
                                                  Adj R-squared   =     0.3937
                                                  Within R-sq.    =     0.3059
Number of clusters (ubica_geo) =      1,593       Root MSE        =     0.7630

                          (Std. err. adjusted for 1,593 clusters in ubica_geo)
------------------------------------------------------------------------------
             |               Robust
         lni | Coefficient  std. err.      t    P>|t|     [95% conf. interval]
-------------+----------------------------------------------------------------
        zlfn |
       ZLFN  |          0  (omitted)
             |
        year |
       2016  |          0  (omitted)
       2020  |          0  (omitted)
       2022  |          0  (omitted)
       2024  |          0  (omitted)
             |
   zlfn#year |
  ZLFN#2016  |  -.0060469   .0271707    -0.22   0.824    -.0593409    .0472472
  ZLFN#2020  |   .0966591   .0186656     5.18   0.000     .0600473    .1332709
  ZLFN#2022  |   .1678228   .0263024     6.38   0.000     .1162318    .2194139
  ZLFN#2024  |   .1566763   .0214767     7.30   0.000     .1145507     .198802
             |
      female |
     Female  |  -.3060343   .0044226   -69.20   0.000     -.314709   -.2973597
    edad_pob |   .0821376   .0008694    94.48   0.000     .0804324    .0838429
      edadsq |  -.0008442   9.75e-06   -86.54   0.000    -.0008633    -.000825
years_of_s~y |    .081047   .0008824    91.85   0.000     .0793163    .0827777
 hoursworked |   .0142262   .0002361    60.26   0.000     .0137631    .0146893
             |
    employed |
        Yes  |  -.1950239   .0227409    -8.58   0.000    -.2396292   -.1504186
       _cons |   5.927088   .0332306   178.36   0.000     5.861908    5.992268
------------------------------------------------------------------------------

Absorbed degrees of freedom:
-----------------------------------------------------+
 Absorbed FE | Categories  - Redundant  = Num. Coefs |
-------------+---------------------------------------|
   ubica_geo |      1593        1593           0    *|
        year |         5           1           4     |
-----------------------------------------------------+
* = FE nested within cluster; treated as redundant for DoF computation
(file ../../paper/figures/event/plot-event-income-indig-nonind-year.png not fou
> nd)
file ../../paper/figures/event/plot-event-income-indig-nonind-year.png written 
> in PNG format
(dropped 37 singleton observations)
(MWFE estimator converged in 6 iterations)
note: 1bn.zlfn is probably collinear with the fixed effects (all partialled-out
>  values are close to zero; tol = 1.0e-09)
note: 2016bn.year is probably collinear with the fixed effects (all partialled-
> out values are close to zero; tol = 1.0e-09)
note: 2020bn.year is probably collinear with the fixed effects (all partialled-
> out values are close to zero; tol = 1.0e-09)
note: 2022bn.year is probably collinear with the fixed effects (all partialled-
> out values are close to zero; tol = 1.0e-09)
note: 2024bn.year is probably collinear with the fixed effects (all partialled-
> out values are close to zero; tol = 1.0e-09)

HDFE Linear regression                            Number of obs   =    116,516
Absorbing 2 HDFE groups                           F(  10,   1674) =    1098.29
Statistics robust to heteroskedasticity           Prob > F        =     0.0000
                                                  R-squared       =     0.3832
                                                  Adj R-squared   =     0.3741
                                                  Within R-sq.    =     0.2640
Number of clusters (ubica_geo) =      1,675       Root MSE        =     0.8470

                          (Std. err. adjusted for 1,675 clusters in ubica_geo)
------------------------------------------------------------------------------
             |               Robust
         lni | Coefficient  std. err.      t    P>|t|     [95% conf. interval]
-------------+----------------------------------------------------------------
        zlfn |
       ZLFN  |          0  (omitted)
             |
        year |
       2016  |          0  (omitted)
       2020  |          0  (omitted)
       2022  |          0  (omitted)
       2024  |          0  (omitted)
             |
   zlfn#year |
  ZLFN#2016  |   .0061718   .0444636     0.14   0.890    -.0810382    .0933818
  ZLFN#2020  |   .1454121   .0398609     3.65   0.000     .0672297    .2235945
  ZLFN#2022  |   .1697358   .0464097     3.66   0.000     .0787087    .2607629
  ZLFN#2024  |   .1029426   .0495189     2.08   0.038     .0058172     .200068
             |
      female |
     Female  |  -.3391523   .0076167   -44.53   0.000    -.3540915    -.324213
    edad_pob |   .0809103   .0014613    55.37   0.000     .0780441    .0837765
      edadsq |  -.0008327   .0000174   -47.78   0.000    -.0008669   -.0007985
years_of_s~y |   .0739662   .0013305    55.59   0.000     .0713566    .0765757
 hoursworked |   .0142404   .0003457    41.20   0.000     .0135624    .0149184
             |
    employed |
        Yes  |  -.2161735   .0400543    -5.40   0.000    -.2947354   -.1376117
       _cons |   5.821978   .0516236   112.78   0.000     5.720724    5.923232
------------------------------------------------------------------------------

Absorbed degrees of freedom:
-----------------------------------------------------+
 Absorbed FE | Categories  - Redundant  = Num. Coefs |
-------------+---------------------------------------|
   ubica_geo |      1675        1675           0    *|
        year |         5           1           4     |
-----------------------------------------------------+
* = FE nested within cluster; treated as redundant for DoF computation
(file ../../paper/figures/event/plot-event-income-indig-ind-year.png not found)
file ../../paper/figures/event/plot-event-income-indig-ind-year.png written in 
> PNG format

. *************************************************
. *************** Read ENIGH Month ****************
. *************************************************
. 
. *** REPLICATION FILE: read-indlevel-inc-month.do
. *** STATA VERSION:    StataNow 19.5
. *** AUTHORS:          Matías Carrasco, Victor Ortega Le Hénanff
. *** DATE:             2026-05-03
. 
. *** Loads the monthly panel produced by code/build/enigh-indlevel-inc-month.d
> o.
. *** All canonical names (zlfn, post, etnia, indspeaker, indund, female,
. *** edad_pob, edadsq, ing_*, ing_*_nom, lnw, lni, …) are produced directly
. *** by the build script — no renames needed.
. *** Sets the global $controls used by every analysis script.
. 
. *************************************************
. ****************** Load Data ********************
. *************************************************
. 
. use "../../data/clean/enigh/enigh-indlevel-inc-month.dta", clear

. 
. *************************************************
. ***************** Controls **********************
. *************************************************
. 
. global controls i.female edad_pob edadsq years_of_study hoursworked i.employe
> d

. 
end of do-file
(dropped 6 singleton observations)
(MWFE estimator converged in 7 iterations)
note: 1bn.zlfn is probably collinear with the fixed effects (all partialled-out
>  values are close to zero; tol = 1.0e-09)
note: 20485bn.time is probably collinear with the fixed effects (all partialled
> -out values are close to zero; tol = 1.0e-09)
note: 20514bn.time is probably collinear with the fixed effects (all partialled
> -out values are close to zero; tol = 1.0e-09)
note: 20545bn.time is probably collinear with the fixed effects (all partialled
> -out values are close to zero; tol = 1.0e-09)
note: 20575bn.time is probably collinear with the fixed effects (all partialled
> -out values are close to zero; tol = 1.0e-09)
note: 20606bn.time is probably collinear with the fixed effects (all partialled
> -out values are close to zero; tol = 1.0e-09)
note: 20636bn.time is probably collinear with the fixed effects (all partialled
> -out values are close to zero; tol = 1.0e-09)
note: 20667bn.time is probably collinear with the fixed effects (all partialled
> -out values are close to zero; tol = 1.0e-09)
note: 20698bn.time is probably collinear with the fixed effects (all partialled
> -out values are close to zero; tol = 1.0e-09)
note: 20728bn.time is probably collinear with the fixed effects (all partialled
> -out values are close to zero; tol = 1.0e-09)
note: 21216bn.time is probably collinear with the fixed effects (all partialled
> -out values are close to zero; tol = 1.0e-09)
note: 21244bn.time is probably collinear with the fixed effects (all partialled
> -out values are close to zero; tol = 1.0e-09)
note: 21275bn.time is probably collinear with the fixed effects (all partialled
> -out values are close to zero; tol = 1.0e-09)
note: 21305bn.time is probably collinear with the fixed effects (all partialled
> -out values are close to zero; tol = 1.0e-09)
note: 21336bn.time is probably collinear with the fixed effects (all partialled
> -out values are close to zero; tol = 1.0e-09)
note: 21366bn.time is probably collinear with the fixed effects (all partialled
> -out values are close to zero; tol = 1.0e-09)
note: 21428bn.time is probably collinear with the fixed effects (all partialled
> -out values are close to zero; tol = 1.0e-09)
note: 21458bn.time is probably collinear with the fixed effects (all partialled
> -out values are close to zero; tol = 1.0e-09)
note: 21946bn.time is probably collinear with the fixed effects (all partialled
> -out values are close to zero; tol = 1.0e-09)
note: 21975bn.time is probably collinear with the fixed effects (all partialled
> -out values are close to zero; tol = 1.0e-09)
note: 22006bn.time is probably collinear with the fixed effects (all partialled
> -out values are close to zero; tol = 1.0e-09)
note: 22036bn.time is probably collinear with the fixed effects (all partialled
> -out values are close to zero; tol = 1.0e-09)
note: 22067bn.time is probably collinear with the fixed effects (all partialled
> -out values are close to zero; tol = 1.0e-09)
note: 22097bn.time is probably collinear with the fixed effects (all partialled
> -out values are close to zero; tol = 1.0e-09)
note: 22128bn.time is probably collinear with the fixed effects (all partialled
> -out values are close to zero; tol = 1.0e-09)
note: 22159bn.time is probably collinear with the fixed effects (all partialled
> -out values are close to zero; tol = 1.0e-09)
note: 22189bn.time is probably collinear with the fixed effects (all partialled
> -out values are close to zero; tol = 1.0e-09)
note: 22677bn.time is probably collinear with the fixed effects (all partialled
> -out values are close to zero; tol = 1.0e-09)
note: 22705bn.time is probably collinear with the fixed effects (all partialled
> -out values are close to zero; tol = 1.0e-09)
note: 22736bn.time is probably collinear with the fixed effects (all partialled
> -out values are close to zero; tol = 1.0e-09)
note: 22766bn.time is probably collinear with the fixed effects (all partialled
> -out values are close to zero; tol = 1.0e-09)
note: 22797bn.time is probably collinear with the fixed effects (all partialled
> -out values are close to zero; tol = 1.0e-09)
note: 22827bn.time is probably collinear with the fixed effects (all partialled
> -out values are close to zero; tol = 1.0e-09)
note: 22858bn.time is probably collinear with the fixed effects (all partialled
> -out values are close to zero; tol = 1.0e-09)
note: 22889bn.time is probably collinear with the fixed effects (all partialled
> -out values are close to zero; tol = 1.0e-09)
note: 22919bn.time is probably collinear with the fixed effects (all partialled
> -out values are close to zero; tol = 1.0e-09)
note: 23407bn.time is probably collinear with the fixed effects (all partialled
> -out values are close to zero; tol = 1.0e-09)
note: 23436bn.time is probably collinear with the fixed effects (all partialled
> -out values are close to zero; tol = 1.0e-09)
note: 23467bn.time is probably collinear with the fixed effects (all partialled
> -out values are close to zero; tol = 1.0e-09)
note: 23497bn.time is probably collinear with the fixed effects (all partialled
> -out values are close to zero; tol = 1.0e-09)
note: 23528bn.time is probably collinear with the fixed effects (all partialled
> -out values are close to zero; tol = 1.0e-09)
note: 23558bn.time is probably collinear with the fixed effects (all partialled
> -out values are close to zero; tol = 1.0e-09)
note: 23589bn.time is probably collinear with the fixed effects (all partialled
> -out values are close to zero; tol = 1.0e-09)
note: 23620bn.time is probably collinear with the fixed effects (all partialled
> -out values are close to zero; tol = 1.0e-09)
note: 23650bn.time is probably collinear with the fixed effects (all partialled
> -out values are close to zero; tol = 1.0e-09)

HDFE Linear regression                            Number of obs   =  2,130,761
Absorbing 2 HDFE groups                           F(  50,   1701) =     758.31
Statistics robust to heteroskedasticity           Prob > F        =     0.0000
                                                  R-squared       =     0.4266
                                                  Adj R-squared   =     0.4262
                                                  Within R-sq.    =     0.3258
Number of clusters (ubica_geo) =      1,702       Root MSE        =     0.5984

                          (Std. err. adjusted for 1,702 clusters in ubica_geo)
------------------------------------------------------------------------------
             |               Robust
         lni | Coefficient  std. err.      t    P>|t|     [95% conf. interval]
-------------+----------------------------------------------------------------
        zlfn |
       ZLFN  |          0  (omitted)
             |
        time |
      20485  |          0  (omitted)
      20514  |          0  (omitted)
      20545  |          0  (omitted)
      20575  |          0  (omitted)
      20606  |          0  (omitted)
      20636  |          0  (omitted)
      20667  |          0  (omitted)
      20698  |          0  (omitted)
      20728  |          0  (omitted)
      21216  |          0  (omitted)
      21244  |          0  (omitted)
      21275  |          0  (omitted)
      21305  |          0  (omitted)
      21336  |          0  (omitted)
      21366  |          0  (omitted)
      21428  |          0  (omitted)
      21458  |          0  (omitted)
      21946  |          0  (omitted)
      21975  |          0  (omitted)
      22006  |          0  (omitted)
      22036  |          0  (omitted)
      22067  |          0  (omitted)
      22097  |          0  (omitted)
      22128  |          0  (omitted)
      22159  |          0  (omitted)
      22189  |          0  (omitted)
      22677  |          0  (omitted)
      22705  |          0  (omitted)
      22736  |          0  (omitted)
      22766  |          0  (omitted)
      22797  |          0  (omitted)
      22827  |          0  (omitted)
      22858  |          0  (omitted)
      22889  |          0  (omitted)
      22919  |          0  (omitted)
      23407  |          0  (omitted)
      23436  |          0  (omitted)
      23467  |          0  (omitted)
      23497  |          0  (omitted)
      23528  |          0  (omitted)
      23558  |          0  (omitted)
      23589  |          0  (omitted)
      23620  |          0  (omitted)
      23650  |          0  (omitted)
             |
   zlfn#time |
 ZLFN#20485  |   .0147547    .048282     0.31   0.760    -.0799437     .109453
 ZLFN#20514  |  -.0163473   .0229454    -0.71   0.476    -.0613515    .0286569
 ZLFN#20545  |   .0047671    .023867     0.20   0.842    -.0420448    .0515789
 ZLFN#20575  |  -.0343168   .0193552    -1.77   0.076    -.0722792    .0036456
 ZLFN#20606  |  -.0264519   .0179147    -1.48   0.140     -.061589    .0086851
 ZLFN#20636  |   .0070378   .0284825     0.25   0.805    -.0488266    .0629022
 ZLFN#20667  |  -.0317629   .0155028    -2.05   0.041    -.0621695   -.0013563
 ZLFN#20698  |  -.0163263    .023743    -0.69   0.492    -.0628949    .0302422
 ZLFN#20728  |  -.0067984   .0284558    -0.24   0.811    -.0626105    .0490137
 ZLFN#21216  |  -.0606625    .029096    -2.08   0.037    -.1177303   -.0035948
 ZLFN#21244  |   .0078527   .0173808     0.45   0.651    -.0262373    .0419428
 ZLFN#21275  |  -.0494004   .0122179    -4.04   0.000    -.0733641   -.0254367
 ZLFN#21305  |  -.0474077     .00927    -5.11   0.000    -.0655896   -.0292258
 ZLFN#21336  |  -.0086975   .0124145    -0.70   0.484    -.0330468    .0156517
 ZLFN#21366  |  -.0556901   .0093031    -5.99   0.000    -.0739368   -.0374434
 ZLFN#21428  |  -.0320093   .0166698    -1.92   0.055    -.0647049    .0006862
 ZLFN#21458  |  -.0296317   .0149456    -1.98   0.048    -.0589453    -.000318
 ZLFN#21946  |   .0607132   .0319075     1.90   0.057    -.0018688    .1232953
 ZLFN#21975  |   .0309313   .0304856     1.01   0.310     -.028862    .0907245
 ZLFN#22006  |   .0292919   .0299317     0.98   0.328    -.0294151    .0879988
 ZLFN#22036  |   .0624912   .0303077     2.06   0.039      .003047    .1219354
 ZLFN#22067  |    .027071   .0233812     1.16   0.247    -.0187879    .0729299
 ZLFN#22097  |   .0857044   .0163804     5.23   0.000     .0535766    .1178322
 ZLFN#22128  |   .0561259   .0218704     2.57   0.010     .0132302    .0990216
 ZLFN#22159  |   .0282814   .0159094     1.78   0.076    -.0029227    .0594855
 ZLFN#22189  |   .0831956   .0224767     3.70   0.000     .0391108    .1272804
 ZLFN#22677  |   .1238379   .0406793     3.04   0.002     .0440512    .2036247
 ZLFN#22705  |   .1182854    .032533     3.64   0.000     .0544765    .1820942
 ZLFN#22736  |   .1349041   .0307613     4.39   0.000     .0745701    .1952381
 ZLFN#22766  |   .1053586   .0242585     4.34   0.000      .057779    .1529382
 ZLFN#22797  |   .1193415   .0227273     5.25   0.000      .074765    .1639179
 ZLFN#22827  |   .1400498   .0271826     5.15   0.000      .086735    .1933645
 ZLFN#22858  |   .1105308   .0207721     5.32   0.000     .0697891    .1512724
 ZLFN#22889  |   .1527637   .0168328     9.08   0.000     .1197486    .1857788
 ZLFN#22919  |   .1209894   .0261028     4.64   0.000     .0697924    .1721864
 ZLFN#23407  |   .1060135   .0339883     3.12   0.002     .0393502    .1726769
 ZLFN#23436  |   .1355998    .021734     6.24   0.000     .0929715    .1782281
 ZLFN#23467  |   .0906989   .0237966     3.81   0.000     .0440252    .1373727
 ZLFN#23497  |   .1286112   .0203519     6.32   0.000     .0886939    .1685286
 ZLFN#23528  |   .0916318   .0185786     4.93   0.000     .0551926    .1280711
 ZLFN#23558  |   .0894978   .0228889     3.91   0.000     .0446044    .1343911
 ZLFN#23589  |   .1300588   .0165815     7.84   0.000     .0975366     .162581
 ZLFN#23620  |   .1165464   .0190151     6.13   0.000     .0792509    .1538418
 ZLFN#23650  |    .145366    .026665     5.45   0.000     .0930663    .1976658
             |
      female |
     Female  |  -.2838819    .003686   -77.02   0.000    -.2911115   -.2766523
    edad_pob |   .0573561   .0006362    90.15   0.000     .0561082     .058604
      edadsq |  -.0006021   7.40e-06   -81.35   0.000    -.0006167   -.0005876
years_of_s~y |   .0719422    .000792    90.83   0.000     .0703888    .0734957
 hoursworked |     .01174   .0002104    55.80   0.000     .0113274    .0121526
             |
    employed |
        Yes  |  -.1386454   .0179368    -7.73   0.000     -.173826   -.1034649
       _cons |   6.738337   .0245634   274.32   0.000     6.690159    6.786514
------------------------------------------------------------------------------

Absorbed degrees of freedom:
-----------------------------------------------------+
 Absorbed FE | Categories  - Redundant  = Num. Coefs |
-------------+---------------------------------------|
   ubica_geo |      1702        1702           0    *|
        time |        45           1          44     |
-----------------------------------------------------+
* = FE nested within cluster; treated as redundant for DoF computation
(dropped 5 singleton observations)
(MWFE estimator converged in 9 iterations)
note: 1bn.zlfn is probably collinear with the fixed effects (all partialled-out
>  values are close to zero; tol = 1.0e-09)
note: 20485bn.time is probably collinear with the fixed effects (all partialled
> -out values are close to zero; tol = 1.0e-09)
note: 20514bn.time is probably collinear with the fixed effects (all partialled
> -out values are close to zero; tol = 1.0e-09)
note: 20545bn.time is probably collinear with the fixed effects (all partialled
> -out values are close to zero; tol = 1.0e-09)
note: 20575bn.time is probably collinear with the fixed effects (all partialled
> -out values are close to zero; tol = 1.0e-09)
note: 20606bn.time is probably collinear with the fixed effects (all partialled
> -out values are close to zero; tol = 1.0e-09)
note: 20636bn.time is probably collinear with the fixed effects (all partialled
> -out values are close to zero; tol = 1.0e-09)
note: 20667bn.time is probably collinear with the fixed effects (all partialled
> -out values are close to zero; tol = 1.0e-09)
note: 20698bn.time is probably collinear with the fixed effects (all partialled
> -out values are close to zero; tol = 1.0e-09)
note: 20728bn.time is probably collinear with the fixed effects (all partialled
> -out values are close to zero; tol = 1.0e-09)
note: 21216bn.time is probably collinear with the fixed effects (all partialled
> -out values are close to zero; tol = 1.0e-09)
note: 21244bn.time is probably collinear with the fixed effects (all partialled
> -out values are close to zero; tol = 1.0e-09)
note: 21275bn.time is probably collinear with the fixed effects (all partialled
> -out values are close to zero; tol = 1.0e-09)
note: 21305bn.time is probably collinear with the fixed effects (all partialled
> -out values are close to zero; tol = 1.0e-09)
note: 21336bn.time is probably collinear with the fixed effects (all partialled
> -out values are close to zero; tol = 1.0e-09)
note: 21366bn.time is probably collinear with the fixed effects (all partialled
> -out values are close to zero; tol = 1.0e-09)
note: 21428bn.time is probably collinear with the fixed effects (all partialled
> -out values are close to zero; tol = 1.0e-09)
note: 21458bn.time is probably collinear with the fixed effects (all partialled
> -out values are close to zero; tol = 1.0e-09)
note: 21946bn.time is probably collinear with the fixed effects (all partialled
> -out values are close to zero; tol = 1.0e-09)
note: 21975bn.time is probably collinear with the fixed effects (all partialled
> -out values are close to zero; tol = 1.0e-09)
note: 22006bn.time is probably collinear with the fixed effects (all partialled
> -out values are close to zero; tol = 1.0e-09)
note: 22036bn.time is probably collinear with the fixed effects (all partialled
> -out values are close to zero; tol = 1.0e-09)
note: 22067bn.time is probably collinear with the fixed effects (all partialled
> -out values are close to zero; tol = 1.0e-09)
note: 22097bn.time is probably collinear with the fixed effects (all partialled
> -out values are close to zero; tol = 1.0e-09)
note: 22128bn.time is probably collinear with the fixed effects (all partialled
> -out values are close to zero; tol = 1.0e-09)
note: 22159bn.time is probably collinear with the fixed effects (all partialled
> -out values are close to zero; tol = 1.0e-09)
note: 22189bn.time is probably collinear with the fixed effects (all partialled
> -out values are close to zero; tol = 1.0e-09)
note: 22677bn.time is probably collinear with the fixed effects (all partialled
> -out values are close to zero; tol = 1.0e-09)
note: 22705bn.time is probably collinear with the fixed effects (all partialled
> -out values are close to zero; tol = 1.0e-09)
note: 22736bn.time is probably collinear with the fixed effects (all partialled
> -out values are close to zero; tol = 1.0e-09)
note: 22766bn.time is probably collinear with the fixed effects (all partialled
> -out values are close to zero; tol = 1.0e-09)
note: 22797bn.time is probably collinear with the fixed effects (all partialled
> -out values are close to zero; tol = 1.0e-09)
note: 22827bn.time is probably collinear with the fixed effects (all partialled
> -out values are close to zero; tol = 1.0e-09)
note: 22858bn.time is probably collinear with the fixed effects (all partialled
> -out values are close to zero; tol = 1.0e-09)
note: 22889bn.time is probably collinear with the fixed effects (all partialled
> -out values are close to zero; tol = 1.0e-09)
note: 22919bn.time is probably collinear with the fixed effects (all partialled
> -out values are close to zero; tol = 1.0e-09)
note: 23407bn.time is probably collinear with the fixed effects (all partialled
> -out values are close to zero; tol = 1.0e-09)
note: 23436bn.time is probably collinear with the fixed effects (all partialled
> -out values are close to zero; tol = 1.0e-09)
note: 23467bn.time is probably collinear with the fixed effects (all partialled
> -out values are close to zero; tol = 1.0e-09)
note: 23497bn.time is probably collinear with the fixed effects (all partialled
> -out values are close to zero; tol = 1.0e-09)
note: 23528bn.time is probably collinear with the fixed effects (all partialled
> -out values are close to zero; tol = 1.0e-09)
note: 23558bn.time is probably collinear with the fixed effects (all partialled
> -out values are close to zero; tol = 1.0e-09)
note: 23589bn.time is probably collinear with the fixed effects (all partialled
> -out values are close to zero; tol = 1.0e-09)
note: 23620bn.time is probably collinear with the fixed effects (all partialled
> -out values are close to zero; tol = 1.0e-09)
note: 23650bn.time is probably collinear with the fixed effects (all partialled
> -out values are close to zero; tol = 1.0e-09)

HDFE Linear regression                            Number of obs   =    127,450
Absorbing 2 HDFE groups                           F(  50,   1048) =     112.22
Statistics robust to heteroskedasticity           Prob > F        =     0.0000
                                                  R-squared       =     0.4538
                                                  Adj R-squared   =     0.4489
                                                  Within R-sq.    =     0.2624
Number of clusters (ubica_geo) =      1,049       Root MSE        =     0.6627

                          (Std. err. adjusted for 1,049 clusters in ubica_geo)
------------------------------------------------------------------------------
             |               Robust
         lni | Coefficient  std. err.      t    P>|t|     [95% conf. interval]
-------------+----------------------------------------------------------------
        zlfn |
       ZLFN  |          0  (omitted)
             |
        time |
      20485  |          0  (omitted)
      20514  |          0  (omitted)
      20545  |          0  (omitted)
      20575  |          0  (omitted)
      20606  |          0  (omitted)
      20636  |          0  (omitted)
      20667  |          0  (omitted)
      20698  |          0  (omitted)
      20728  |          0  (omitted)
      21216  |          0  (omitted)
      21244  |          0  (omitted)
      21275  |          0  (omitted)
      21305  |          0  (omitted)
      21336  |          0  (omitted)
      21366  |          0  (omitted)
      21428  |          0  (omitted)
      21458  |          0  (omitted)
      21946  |          0  (omitted)
      21975  |          0  (omitted)
      22006  |          0  (omitted)
      22036  |          0  (omitted)
      22067  |          0  (omitted)
      22097  |          0  (omitted)
      22128  |          0  (omitted)
      22159  |          0  (omitted)
      22189  |          0  (omitted)
      22677  |          0  (omitted)
      22705  |          0  (omitted)
      22736  |          0  (omitted)
      22766  |          0  (omitted)
      22797  |          0  (omitted)
      22827  |          0  (omitted)
      22858  |          0  (omitted)
      22889  |          0  (omitted)
      22919  |          0  (omitted)
      23407  |          0  (omitted)
      23436  |          0  (omitted)
      23467  |          0  (omitted)
      23497  |          0  (omitted)
      23528  |          0  (omitted)
      23558  |          0  (omitted)
      23589  |          0  (omitted)
      23620  |          0  (omitted)
      23650  |          0  (omitted)
             |
   zlfn#time |
 ZLFN#20485  |  -.2026861   .1185554    -1.71   0.088    -.4353191    .0299469
 ZLFN#20514  |  -.0469493   .0474424    -0.99   0.323    -.1400422    .0461437
 ZLFN#20545  |   .0714622   .0479931     1.49   0.137    -.0227113    .1656358
 ZLFN#20575  |  -.0269653   .0357931    -0.75   0.451    -.0971996     .043269
 ZLFN#20606  |    -.04902   .0448754    -1.09   0.275    -.1370758    .0390358
 ZLFN#20636  |   .0386823   .0523956     0.74   0.461      -.06413    .1414946
 ZLFN#20667  |   -.022125   .0463391    -0.48   0.633     -.113053    .0688031
 ZLFN#20698  |  -.0468265   .0366312    -1.28   0.201    -.1187052    .0250523
 ZLFN#20728  |  -.1930841    .052431    -3.68   0.000    -.2959658   -.0902024
 ZLFN#21216  |  -.0764485   .0885393    -0.86   0.388     -.250183     .097286
 ZLFN#21244  |   .1212711   .0340753     3.56   0.000     .0544074    .1881348
 ZLFN#21275  |  -.0362636   .0274037    -1.32   0.186    -.0900359    .0175087
 ZLFN#21305  |  -.0570962   .0158155    -3.61   0.000    -.0881299   -.0260625
 ZLFN#21336  |   .0328292   .0280479     1.17   0.242    -.0222072    .0878656
 ZLFN#21366  |  -.0583644   .0145833    -4.00   0.000    -.0869803   -.0297486
 ZLFN#21428  |  -.0439112   .0477801    -0.92   0.358    -.1376667    .0498443
 ZLFN#21458  |   -.127265   .0400949    -3.17   0.002    -.2059404   -.0485896
 ZLFN#21946  |  -.1137084   .1354578    -0.84   0.401    -.3795077    .1520909
 ZLFN#21975  |   .0526688   .0868489     0.61   0.544    -.1177487    .2230863
 ZLFN#22006  |   .0571442   .0788751     0.72   0.469    -.0976269    .2119154
 ZLFN#22036  |   .2254413   .0747079     3.02   0.003     .0788472    .3720353
 ZLFN#22067  |   .1019476   .0644893     1.58   0.114    -.0245951    .2284904
 ZLFN#22097  |   .1882029   .0573574     3.28   0.001     .0756545    .3007513
 ZLFN#22128  |   .1994856    .070518     2.83   0.005      .061113    .3378581
 ZLFN#22159  |   .0973169   .0705597     1.38   0.168    -.0411374    .2357712
 ZLFN#22189  |   .2505082   .0979923     2.56   0.011     .0582249    .4427916
 ZLFN#22677  |   .2751831   .0723801     3.80   0.000     .1331567    .4172096
 ZLFN#22705  |   .1172738   .0566276     2.07   0.039     .0061574    .2283903
 ZLFN#22736  |   .1694466   .0608941     2.78   0.005     .0499583    .2889348
 ZLFN#22766  |   .0813082   .0385963     2.11   0.035     .0055735     .157043
 ZLFN#22797  |   .0783316   .0448906     1.74   0.081    -.0097542    .1664173
 ZLFN#22827  |   .1467747   .0602885     2.43   0.015     .0284747    .2650747
 ZLFN#22858  |   .0698166   .0418752     1.67   0.096    -.0123522    .1519854
 ZLFN#22889  |   .0664216   .0442632     1.50   0.134     -.020433    .1532762
 ZLFN#22919  |   .1107733   .0624338     1.77   0.076    -.0117362    .2332829
 ZLFN#23407  |  -.1331788   .1228671    -1.08   0.279    -.3742723    .1079147
 ZLFN#23436  |   .0512991   .0594684     0.86   0.389    -.0653916    .1679897
 ZLFN#23467  |  -.0479139   .0655517    -0.73   0.465    -.1765414    .0807137
 ZLFN#23497  |   .0055786   .0580449     0.10   0.923    -.1083189     .119476
 ZLFN#23528  |  -.0055607   .0417538    -0.13   0.894    -.0874913    .0763699
 ZLFN#23558  |  -.0227647   .0615155    -0.37   0.711    -.1434722    .0979429
 ZLFN#23589  |   .1022914   .0580859     1.76   0.079    -.0116864    .2162692
 ZLFN#23620  |  -.0273779    .058046    -0.47   0.637    -.1412775    .0865218
 ZLFN#23650  |    .114605   .0993645     1.15   0.249     -.080371     .309581
             |
      female |
     Female  |  -.3481071   .0177039   -19.66   0.000    -.3828463   -.3133679
    edad_pob |   .0461561   .0020682    22.32   0.000     .0420979    .0502144
      edadsq |  -.0005074   .0000243   -20.87   0.000    -.0005552   -.0004597
years_of_s~y |   .0623574    .002307    27.03   0.000     .0578306    .0668842
 hoursworked |   .0107171   .0004109    26.08   0.000     .0099108    .0115234
             |
    employed |
        Yes  |  -.2482409   .0989648    -2.51   0.012    -.4424326   -.0540491
       _cons |   7.000687   .1075721    65.08   0.000     6.789606    7.211768
------------------------------------------------------------------------------

Absorbed degrees of freedom:
-----------------------------------------------------+
 Absorbed FE | Categories  - Redundant  = Num. Coefs |
-------------+---------------------------------------|
   ubica_geo |      1049        1049           0    *|
        time |        45           1          44     |
-----------------------------------------------------+
* = FE nested within cluster; treated as redundant for DoF computation
(file ../../paper/figures/event/plot-event-income-hli-nonind-month.png not foun
> d)
file ../../paper/figures/event/plot-event-income-hli-nonind-month.png written i
> n PNG format
(file ../../paper/figures/event/plot-event-income-hli-ind-month.png not found)
file ../../paper/figures/event/plot-event-income-hli-ind-month.png written in P
> NG format
(dropped 6 singleton observations)
(MWFE estimator converged in 7 iterations)
note: 1bn.zlfn is probably collinear with the fixed effects (all partialled-out
>  values are close to zero; tol = 1.0e-09)
note: 20485bn.time is probably collinear with the fixed effects (all partialled
> -out values are close to zero; tol = 1.0e-09)
note: 20514bn.time is probably collinear with the fixed effects (all partialled
> -out values are close to zero; tol = 1.0e-09)
note: 20545bn.time is probably collinear with the fixed effects (all partialled
> -out values are close to zero; tol = 1.0e-09)
note: 20575bn.time is probably collinear with the fixed effects (all partialled
> -out values are close to zero; tol = 1.0e-09)
note: 20606bn.time is probably collinear with the fixed effects (all partialled
> -out values are close to zero; tol = 1.0e-09)
note: 20636bn.time is probably collinear with the fixed effects (all partialled
> -out values are close to zero; tol = 1.0e-09)
note: 20667bn.time is probably collinear with the fixed effects (all partialled
> -out values are close to zero; tol = 1.0e-09)
note: 20698bn.time is probably collinear with the fixed effects (all partialled
> -out values are close to zero; tol = 1.0e-09)
note: 20728bn.time is probably collinear with the fixed effects (all partialled
> -out values are close to zero; tol = 1.0e-09)
note: 21216bn.time is probably collinear with the fixed effects (all partialled
> -out values are close to zero; tol = 1.0e-09)
note: 21244bn.time is probably collinear with the fixed effects (all partialled
> -out values are close to zero; tol = 1.0e-09)
note: 21275bn.time is probably collinear with the fixed effects (all partialled
> -out values are close to zero; tol = 1.0e-09)
note: 21305bn.time is probably collinear with the fixed effects (all partialled
> -out values are close to zero; tol = 1.0e-09)
note: 21336bn.time is probably collinear with the fixed effects (all partialled
> -out values are close to zero; tol = 1.0e-09)
note: 21366bn.time is probably collinear with the fixed effects (all partialled
> -out values are close to zero; tol = 1.0e-09)
note: 21428bn.time is probably collinear with the fixed effects (all partialled
> -out values are close to zero; tol = 1.0e-09)
note: 21458bn.time is probably collinear with the fixed effects (all partialled
> -out values are close to zero; tol = 1.0e-09)
note: 21946bn.time is probably collinear with the fixed effects (all partialled
> -out values are close to zero; tol = 1.0e-09)
note: 21975bn.time is probably collinear with the fixed effects (all partialled
> -out values are close to zero; tol = 1.0e-09)
note: 22006bn.time is probably collinear with the fixed effects (all partialled
> -out values are close to zero; tol = 1.0e-09)
note: 22036bn.time is probably collinear with the fixed effects (all partialled
> -out values are close to zero; tol = 1.0e-09)
note: 22067bn.time is probably collinear with the fixed effects (all partialled
> -out values are close to zero; tol = 1.0e-09)
note: 22097bn.time is probably collinear with the fixed effects (all partialled
> -out values are close to zero; tol = 1.0e-09)
note: 22128bn.time is probably collinear with the fixed effects (all partialled
> -out values are close to zero; tol = 1.0e-09)
note: 22159bn.time is probably collinear with the fixed effects (all partialled
> -out values are close to zero; tol = 1.0e-09)
note: 22189bn.time is probably collinear with the fixed effects (all partialled
> -out values are close to zero; tol = 1.0e-09)
note: 22677bn.time is probably collinear with the fixed effects (all partialled
> -out values are close to zero; tol = 1.0e-09)
note: 22705bn.time is probably collinear with the fixed effects (all partialled
> -out values are close to zero; tol = 1.0e-09)
note: 22736bn.time is probably collinear with the fixed effects (all partialled
> -out values are close to zero; tol = 1.0e-09)
note: 22766bn.time is probably collinear with the fixed effects (all partialled
> -out values are close to zero; tol = 1.0e-09)
note: 22797bn.time is probably collinear with the fixed effects (all partialled
> -out values are close to zero; tol = 1.0e-09)
note: 22827bn.time is probably collinear with the fixed effects (all partialled
> -out values are close to zero; tol = 1.0e-09)
note: 22858bn.time is probably collinear with the fixed effects (all partialled
> -out values are close to zero; tol = 1.0e-09)
note: 22889bn.time is probably collinear with the fixed effects (all partialled
> -out values are close to zero; tol = 1.0e-09)
note: 22919bn.time is probably collinear with the fixed effects (all partialled
> -out values are close to zero; tol = 1.0e-09)
note: 23407bn.time is probably collinear with the fixed effects (all partialled
> -out values are close to zero; tol = 1.0e-09)
note: 23436bn.time is probably collinear with the fixed effects (all partialled
> -out values are close to zero; tol = 1.0e-09)
note: 23467bn.time is probably collinear with the fixed effects (all partialled
> -out values are close to zero; tol = 1.0e-09)
note: 23497bn.time is probably collinear with the fixed effects (all partialled
> -out values are close to zero; tol = 1.0e-09)
note: 23528bn.time is probably collinear with the fixed effects (all partialled
> -out values are close to zero; tol = 1.0e-09)
note: 23558bn.time is probably collinear with the fixed effects (all partialled
> -out values are close to zero; tol = 1.0e-09)
note: 23589bn.time is probably collinear with the fixed effects (all partialled
> -out values are close to zero; tol = 1.0e-09)
note: 23620bn.time is probably collinear with the fixed effects (all partialled
> -out values are close to zero; tol = 1.0e-09)
note: 23650bn.time is probably collinear with the fixed effects (all partialled
> -out values are close to zero; tol = 1.0e-09)

HDFE Linear regression                            Number of obs   =  1,636,296
Absorbing 2 HDFE groups                           F(  50,   1642) =     684.67
Statistics robust to heteroskedasticity           Prob > F        =     0.0000
                                                  R-squared       =     0.4270
                                                  Adj R-squared   =     0.4264
                                                  Within R-sq.    =     0.3316
Number of clusters (ubica_geo) =      1,643       Root MSE        =     0.5894

                          (Std. err. adjusted for 1,643 clusters in ubica_geo)
------------------------------------------------------------------------------
             |               Robust
         lni | Coefficient  std. err.      t    P>|t|     [95% conf. interval]
-------------+----------------------------------------------------------------
        zlfn |
       ZLFN  |          0  (omitted)
             |
        time |
      20485  |          0  (omitted)
      20514  |          0  (omitted)
      20545  |          0  (omitted)
      20575  |          0  (omitted)
      20606  |          0  (omitted)
      20636  |          0  (omitted)
      20667  |          0  (omitted)
      20698  |          0  (omitted)
      20728  |          0  (omitted)
      21216  |          0  (omitted)
      21244  |          0  (omitted)
      21275  |          0  (omitted)
      21305  |          0  (omitted)
      21336  |          0  (omitted)
      21366  |          0  (omitted)
      21428  |          0  (omitted)
      21458  |          0  (omitted)
      21946  |          0  (omitted)
      21975  |          0  (omitted)
      22006  |          0  (omitted)
      22036  |          0  (omitted)
      22067  |          0  (omitted)
      22097  |          0  (omitted)
      22128  |          0  (omitted)
      22159  |          0  (omitted)
      22189  |          0  (omitted)
      22677  |          0  (omitted)
      22705  |          0  (omitted)
      22736  |          0  (omitted)
      22766  |          0  (omitted)
      22797  |          0  (omitted)
      22827  |          0  (omitted)
      22858  |          0  (omitted)
      22889  |          0  (omitted)
      22919  |          0  (omitted)
      23407  |          0  (omitted)
      23436  |          0  (omitted)
      23467  |          0  (omitted)
      23497  |          0  (omitted)
      23528  |          0  (omitted)
      23558  |          0  (omitted)
      23589  |          0  (omitted)
      23620  |          0  (omitted)
      23650  |          0  (omitted)
             |
   zlfn#time |
 ZLFN#20485  |   .0002127   .0453863     0.00   0.996    -.0888085    .0892339
 ZLFN#20514  |   -.027165   .0252356    -1.08   0.282    -.0766622    .0223323
 ZLFN#20545  |  -.0023243   .0246184    -0.09   0.925    -.0506111    .0459625
 ZLFN#20575  |  -.0390838   .0213189    -1.83   0.067     -.080899    .0027314
 ZLFN#20606  |  -.0325969   .0200712    -1.62   0.105    -.0719647    .0067709
 ZLFN#20636  |   .0013034   .0292728     0.04   0.964    -.0561126    .0587194
 ZLFN#20667  |   -.035363   .0177785    -1.99   0.047    -.0702339   -.0004922
 ZLFN#20698  |  -.0187435   .0246926    -0.76   0.448    -.0671759    .0296888
 ZLFN#20728  |  -.0155757   .0295326    -0.53   0.598    -.0735012    .0423498
 ZLFN#21216  |  -.0563657   .0332868    -1.69   0.091    -.1216548    .0089234
 ZLFN#21244  |   .0058916   .0183552     0.32   0.748    -.0301104    .0418936
 ZLFN#21275  |  -.0481665   .0124316    -3.87   0.000      -.07255   -.0237831
 ZLFN#21305  |  -.0449331   .0098164    -4.58   0.000    -.0641871    -.025679
 ZLFN#21336  |  -.0106155   .0125728    -0.84   0.399     -.035276     .014045
 ZLFN#21366  |  -.0545865   .0105431    -5.18   0.000    -.0752659   -.0339071
 ZLFN#21428  |  -.0342895   .0177282    -1.93   0.053    -.0690617    .0004827
 ZLFN#21458  |  -.0266399   .0161316    -1.65   0.099    -.0582807    .0050008
 ZLFN#21946  |   .0643999   .0368227     1.75   0.080    -.0078245    .1366242
 ZLFN#21975  |    .024781   .0312995     0.79   0.429    -.0366101    .0861721
 ZLFN#22006  |   .0301624   .0319896     0.94   0.346    -.0325823    .0929071
 ZLFN#22036  |    .058666   .0306839     1.91   0.056    -.0015177    .1188496
 ZLFN#22067  |   .0252276   .0249696     1.01   0.312    -.0237481    .0742033
 ZLFN#22097  |   .0838602   .0171794     4.88   0.000     .0501643    .1175561
 ZLFN#22128  |   .0511795   .0220714     2.32   0.021     .0078885    .0944705
 ZLFN#22159  |   .0271721   .0174014     1.56   0.119    -.0069593    .0613034
 ZLFN#22189  |   .0712402   .0200263     3.56   0.000     .0319603      .11052
 ZLFN#22677  |   .1265957   .0378511     3.34   0.001     .0523542    .2008372
 ZLFN#22705  |   .1205976   .0320618     3.76   0.000     .0577112     .183484
 ZLFN#22736  |    .134339   .0312224     4.30   0.000     .0730991    .1955788
 ZLFN#22766  |   .1095365   .0249954     4.38   0.000     .0605103    .1585628
 ZLFN#22797  |   .1249291   .0227921     5.48   0.000     .0802243    .1696338
 ZLFN#22827  |   .1428933   .0269505     5.30   0.000     .0900324    .1957543
 ZLFN#22858  |   .1141854   .0216669     5.27   0.000     .0716878     .156683
 ZLFN#22889  |   .1601839   .0181766     8.81   0.000     .1245322    .1958357
 ZLFN#22919  |    .136416   .0263686     5.17   0.000     .0846963    .1881356
 ZLFN#23407  |   .1083869    .036375     2.98   0.003     .0370407    .1797331
 ZLFN#23436  |    .141292    .023071     6.12   0.000     .0960402    .1865437
 ZLFN#23467  |   .0926729    .025316     3.66   0.000     .0430178     .142328
 ZLFN#23497  |   .1300459   .0210039     6.19   0.000     .0888486    .1712431
 ZLFN#23528  |   .0932304   .0204121     4.57   0.000      .053194    .1332668
 ZLFN#23558  |   .0925879   .0247846     3.74   0.000     .0439751    .1412007
 ZLFN#23589  |   .1278633   .0170978     7.48   0.000     .0943274    .1613991
 ZLFN#23620  |   .1099121   .0200409     5.48   0.000     .0706037    .1492205
 ZLFN#23650  |   .1312079   .0259507     5.06   0.000      .080308    .1821078
             |
      female |
     Female  |  -.2772242   .0037753   -73.43   0.000    -.2846291   -.2698193
    edad_pob |   .0571332   .0006906    82.73   0.000     .0557785    .0584878
      edadsq |  -.0005987   7.96e-06   -75.25   0.000    -.0006143   -.0005831
years_of_s~y |   .0731986   .0008212    89.14   0.000     .0715879    .0748093
 hoursworked |   .0117637   .0002154    54.60   0.000     .0113411    .0121863
             |
    employed |
        Yes  |  -.1355481   .0197799    -6.85   0.000    -.1743447   -.0967515
       _cons |   6.757675     .02756   245.20   0.000     6.703618    6.811731
------------------------------------------------------------------------------

Absorbed degrees of freedom:
-----------------------------------------------------+
 Absorbed FE | Categories  - Redundant  = Num. Coefs |
-------------+---------------------------------------|
   ubica_geo |      1643        1643           0    *|
        time |        45           1          44     |
-----------------------------------------------------+
* = FE nested within cluster; treated as redundant for DoF computation
(dropped 2 singleton observations)
(MWFE estimator converged in 8 iterations)
note: 1bn.zlfn is probably collinear with the fixed effects (all partialled-out
>  values are close to zero; tol = 1.0e-09)
note: 20485bn.time is probably collinear with the fixed effects (all partialled
> -out values are close to zero; tol = 1.0e-09)
note: 20514bn.time is probably collinear with the fixed effects (all partialled
> -out values are close to zero; tol = 1.0e-09)
note: 20545bn.time is probably collinear with the fixed effects (all partialled
> -out values are close to zero; tol = 1.0e-09)
note: 20575bn.time is probably collinear with the fixed effects (all partialled
> -out values are close to zero; tol = 1.0e-09)
note: 20606bn.time is probably collinear with the fixed effects (all partialled
> -out values are close to zero; tol = 1.0e-09)
note: 20636bn.time is probably collinear with the fixed effects (all partialled
> -out values are close to zero; tol = 1.0e-09)
note: 20667bn.time is probably collinear with the fixed effects (all partialled
> -out values are close to zero; tol = 1.0e-09)
note: 20698bn.time is probably collinear with the fixed effects (all partialled
> -out values are close to zero; tol = 1.0e-09)
note: 20728bn.time is probably collinear with the fixed effects (all partialled
> -out values are close to zero; tol = 1.0e-09)
note: 21216bn.time is probably collinear with the fixed effects (all partialled
> -out values are close to zero; tol = 1.0e-09)
note: 21244bn.time is probably collinear with the fixed effects (all partialled
> -out values are close to zero; tol = 1.0e-09)
note: 21275bn.time is probably collinear with the fixed effects (all partialled
> -out values are close to zero; tol = 1.0e-09)
note: 21305bn.time is probably collinear with the fixed effects (all partialled
> -out values are close to zero; tol = 1.0e-09)
note: 21336bn.time is probably collinear with the fixed effects (all partialled
> -out values are close to zero; tol = 1.0e-09)
note: 21366bn.time is probably collinear with the fixed effects (all partialled
> -out values are close to zero; tol = 1.0e-09)
note: 21428bn.time is probably collinear with the fixed effects (all partialled
> -out values are close to zero; tol = 1.0e-09)
note: 21458bn.time is probably collinear with the fixed effects (all partialled
> -out values are close to zero; tol = 1.0e-09)
note: 21946bn.time is probably collinear with the fixed effects (all partialled
> -out values are close to zero; tol = 1.0e-09)
note: 21975bn.time is probably collinear with the fixed effects (all partialled
> -out values are close to zero; tol = 1.0e-09)
note: 22006bn.time is probably collinear with the fixed effects (all partialled
> -out values are close to zero; tol = 1.0e-09)
note: 22036bn.time is probably collinear with the fixed effects (all partialled
> -out values are close to zero; tol = 1.0e-09)
note: 22067bn.time is probably collinear with the fixed effects (all partialled
> -out values are close to zero; tol = 1.0e-09)
note: 22097bn.time is probably collinear with the fixed effects (all partialled
> -out values are close to zero; tol = 1.0e-09)
note: 22128bn.time is probably collinear with the fixed effects (all partialled
> -out values are close to zero; tol = 1.0e-09)
note: 22159bn.time is probably collinear with the fixed effects (all partialled
> -out values are close to zero; tol = 1.0e-09)
note: 22189bn.time is probably collinear with the fixed effects (all partialled
> -out values are close to zero; tol = 1.0e-09)
note: 22677bn.time is probably collinear with the fixed effects (all partialled
> -out values are close to zero; tol = 1.0e-09)
note: 22705bn.time is probably collinear with the fixed effects (all partialled
> -out values are close to zero; tol = 1.0e-09)
note: 22736bn.time is probably collinear with the fixed effects (all partialled
> -out values are close to zero; tol = 1.0e-09)
note: 22766bn.time is probably collinear with the fixed effects (all partialled
> -out values are close to zero; tol = 1.0e-09)
note: 22797bn.time is probably collinear with the fixed effects (all partialled
> -out values are close to zero; tol = 1.0e-09)
note: 22827bn.time is probably collinear with the fixed effects (all partialled
> -out values are close to zero; tol = 1.0e-09)
note: 22858bn.time is probably collinear with the fixed effects (all partialled
> -out values are close to zero; tol = 1.0e-09)
note: 22889bn.time is probably collinear with the fixed effects (all partialled
> -out values are close to zero; tol = 1.0e-09)
note: 22919bn.time is probably collinear with the fixed effects (all partialled
> -out values are close to zero; tol = 1.0e-09)
note: 23407bn.time is probably collinear with the fixed effects (all partialled
> -out values are close to zero; tol = 1.0e-09)
note: 23436bn.time is probably collinear with the fixed effects (all partialled
> -out values are close to zero; tol = 1.0e-09)
note: 23467bn.time is probably collinear with the fixed effects (all partialled
> -out values are close to zero; tol = 1.0e-09)
note: 23497bn.time is probably collinear with the fixed effects (all partialled
> -out values are close to zero; tol = 1.0e-09)
note: 23528bn.time is probably collinear with the fixed effects (all partialled
> -out values are close to zero; tol = 1.0e-09)
note: 23558bn.time is probably collinear with the fixed effects (all partialled
> -out values are close to zero; tol = 1.0e-09)
note: 23589bn.time is probably collinear with the fixed effects (all partialled
> -out values are close to zero; tol = 1.0e-09)
note: 23620bn.time is probably collinear with the fixed effects (all partialled
> -out values are close to zero; tol = 1.0e-09)
note: 23650bn.time is probably collinear with the fixed effects (all partialled
> -out values are close to zero; tol = 1.0e-09)

HDFE Linear regression                            Number of obs   =    621,918
Absorbing 2 HDFE groups                           F(  50,   1709) =     306.25
Statistics robust to heteroskedasticity           Prob > F        =     0.0000
                                                  R-squared       =     0.4202
                                                  Adj R-squared   =     0.4185
                                                  Within R-sq.    =     0.2958
Number of clusters (ubica_geo) =      1,710       Root MSE        =     0.6317

                          (Std. err. adjusted for 1,710 clusters in ubica_geo)
------------------------------------------------------------------------------
             |               Robust
         lni | Coefficient  std. err.      t    P>|t|     [95% conf. interval]
-------------+----------------------------------------------------------------
        zlfn |
       ZLFN  |          0  (omitted)
             |
        time |
      20485  |          0  (omitted)
      20514  |          0  (omitted)
      20545  |          0  (omitted)
      20575  |          0  (omitted)
      20606  |          0  (omitted)
      20636  |          0  (omitted)
      20667  |          0  (omitted)
      20698  |          0  (omitted)
      20728  |          0  (omitted)
      21216  |          0  (omitted)
      21244  |          0  (omitted)
      21275  |          0  (omitted)
      21305  |          0  (omitted)
      21336  |          0  (omitted)
      21366  |          0  (omitted)
      21428  |          0  (omitted)
      21458  |          0  (omitted)
      21946  |          0  (omitted)
      21975  |          0  (omitted)
      22006  |          0  (omitted)
      22036  |          0  (omitted)
      22067  |          0  (omitted)
      22097  |          0  (omitted)
      22128  |          0  (omitted)
      22159  |          0  (omitted)
      22189  |          0  (omitted)
      22677  |          0  (omitted)
      22705  |          0  (omitted)
      22736  |          0  (omitted)
      22766  |          0  (omitted)
      22797  |          0  (omitted)
      22827  |          0  (omitted)
      22858  |          0  (omitted)
      22889  |          0  (omitted)
      22919  |          0  (omitted)
      23407  |          0  (omitted)
      23436  |          0  (omitted)
      23467  |          0  (omitted)
      23497  |          0  (omitted)
      23528  |          0  (omitted)
      23558  |          0  (omitted)
      23589  |          0  (omitted)
      23620  |          0  (omitted)
      23650  |          0  (omitted)
             |
   zlfn#time |
 ZLFN#20485  |   .0288321   .0823047     0.35   0.726    -.1325965    .1902608
 ZLFN#20514  |   .0252625    .032894     0.77   0.443    -.0392543    .0897793
 ZLFN#20545  |   .0541922   .0386658     1.40   0.161     -.021645    .1300294
 ZLFN#20575  |  -.0099394   .0273169    -0.36   0.716    -.0635175    .0436386
 ZLFN#20606  |  -.0032527   .0195548    -0.17   0.868    -.0416065     .035101
 ZLFN#20636  |   .0369668   .0335025     1.10   0.270    -.0287436    .1026771
 ZLFN#20667  |  -.0157485   .0262289    -0.60   0.548    -.0671925    .0356956
 ZLFN#20698  |  -.0162814   .0263443    -0.62   0.537    -.0679519    .0353892
 ZLFN#20728  |   .0000689   .0336776     0.00   0.998    -.0659848    .0661225
 ZLFN#21216  |   -.101306   .0548453    -1.85   0.065    -.2088769    .0062649
 ZLFN#21244  |   .0458459   .0347459     1.32   0.187     -.022303    .1139948
 ZLFN#21275  |  -.0485106    .015994    -3.03   0.002    -.0798805   -.0171407
 ZLFN#21305  |  -.0604968   .0099712    -6.07   0.000    -.0800539   -.0409397
 ZLFN#21336  |    .006279   .0196048     0.32   0.749    -.0321728    .0447309
 ZLFN#21366  |  -.0644761   .0097944    -6.58   0.000    -.0836865   -.0452658
 ZLFN#21428  |  -.0298801   .0197055    -1.52   0.130    -.0685294    .0087693
 ZLFN#21458  |  -.0704868   .0256467    -2.75   0.006    -.1207891   -.0201844
 ZLFN#21946  |    .049603   .0479153     1.04   0.301    -.0443757    .1435818
 ZLFN#21975  |   .0784514   .0367105     2.14   0.033     .0064491    .1504537
 ZLFN#22006  |   .0527357   .0393456     1.34   0.180    -.0244348    .1299063
 ZLFN#22036  |   .1257904   .0480005     2.62   0.009     .0316444    .2199364
 ZLFN#22067  |   .0722673   .0311898     2.32   0.021     .0110931    .1334416
 ZLFN#22097  |   .1319087   .0317792     4.15   0.000     .0695784     .194239
 ZLFN#22128  |    .121627   .0381759     3.19   0.001     .0467506    .1965034
 ZLFN#22159  |   .0751217   .0350768     2.14   0.032     .0063236    .1439197
 ZLFN#22189  |   .1793588   .0541644     3.31   0.001     .0731232    .2855944
 ZLFN#22677  |   .1603821    .066587     2.41   0.016     .0297814    .2909828
 ZLFN#22705  |   .1230937   .0368628     3.34   0.001     .0507927    .1953947
 ZLFN#22736  |   .1670137   .0421019     3.97   0.000      .084437    .2495904
 ZLFN#22766  |   .1028174   .0336142     3.06   0.002     .0368881    .1687468
 ZLFN#22797  |   .1066543   .0332147     3.21   0.001     .0415085    .1718001
 ZLFN#22827  |   .1517466   .0419711     3.62   0.000     .0694265    .2340668
 ZLFN#22858  |   .1068779   .0331886     3.22   0.001     .0417834    .1719724
 ZLFN#22889  |   .1225257   .0400828     3.06   0.002     .0439091    .2011423
 ZLFN#22919  |   .0762758   .0429589     1.78   0.076    -.0079818    .1605334
 ZLFN#23407  |   .1101036   .0967287     1.14   0.255    -.0796155    .2998227
 ZLFN#23436  |   .1116433   .0437468     2.55   0.011     .0258405    .1974462
 ZLFN#23467  |   .0755813   .0312491     2.42   0.016     .0142908    .1368718
 ZLFN#23497  |    .116237   .0445119     2.61   0.009     .0289335    .2035406
 ZLFN#23528  |   .0873771   .0290275     3.01   0.003     .0304439    .1443102
 ZLFN#23558  |   .0474449   .0340658     1.39   0.164    -.0193702      .11426
 ZLFN#23589  |   .1332394   .0354764     3.76   0.000     .0636577    .2028212
 ZLFN#23620  |    .112639   .0545787     2.06   0.039     .0055909     .219687
 ZLFN#23650  |   .1854531   .0752919     2.46   0.014     .0377792    .3331271
             |
      female |
     Female  |  -.3103258   .0061325   -50.60   0.000    -.3223537   -.2982978
    edad_pob |   .0556032   .0011052    50.31   0.000     .0534354    .0577709
      edadsq |  -.0005928   .0000132   -44.80   0.000    -.0006188   -.0005669
years_of_s~y |   .0654991   .0011681    56.07   0.000     .0632081    .0677901
 hoursworked |   .0115423   .0002821    40.91   0.000      .010989    .0120957
             |
    employed |
        Yes  |  -.1594392   .0357465    -4.46   0.000    -.2295506   -.0893278
       _cons |   6.739559    .043244   155.85   0.000     6.654743    6.824376
------------------------------------------------------------------------------

Absorbed degrees of freedom:
-----------------------------------------------------+
 Absorbed FE | Categories  - Redundant  = Num. Coefs |
-------------+---------------------------------------|
   ubica_geo |      1710        1710           0    *|
        time |        45           1          44     |
-----------------------------------------------------+
* = FE nested within cluster; treated as redundant for DoF computation
(file ../../paper/figures/event/plot-event-income-indig-nonind-month.png not fo
> und)
file ../../paper/figures/event/plot-event-income-indig-nonind-month.png written
>  in PNG format
(file ../../paper/figures/event/plot-event-income-indig-ind-month.png not found
> )
file ../../paper/figures/event/plot-event-income-indig-ind-month.png written in
>  PNG format

. 
. cap log close
